ARM GAS  C:\Users\TERENC~1\AppData\Local\Temp\cciYcMcH.s 			page 1


   1              		.syntax unified
   2              		.cpu cortex-m0
   3              		.fpu softvfp
   4              		.eabi_attribute 20, 1
   5              		.eabi_attribute 21, 1
   6              		.eabi_attribute 23, 3
   7              		.eabi_attribute 24, 1
   8              		.eabi_attribute 25, 1
   9              		.eabi_attribute 26, 1
  10              		.eabi_attribute 30, 1
  11              		.eabi_attribute 34, 0
  12              		.eabi_attribute 18, 4
  13              		.thumb
  14              		.syntax unified
  15              		.file	"USBFS_audio.c"
  16              		.text
  17              	.Ltext0:
  18              		.cfi_sections	.debug_frame
  19              		.section	.text.USBFS_DispatchAUDIOClassRqst,"ax",%progbits
  20              		.align	2
  21              		.global	USBFS_DispatchAUDIOClassRqst
  22              		.code	16
  23              		.thumb_func
  24              		.type	USBFS_DispatchAUDIOClassRqst, %function
  25              	USBFS_DispatchAUDIOClassRqst:
  26              	.LFB161:
  27              		.file 1 "Generated_Source\\PSoC4\\USBFS_audio.c"
   1:Generated_Source\PSoC4/USBFS_audio.c **** /***************************************************************************//**
   2:Generated_Source\PSoC4/USBFS_audio.c **** * \file USBFS_audio.c
   3:Generated_Source\PSoC4/USBFS_audio.c **** * \version 3.20
   4:Generated_Source\PSoC4/USBFS_audio.c **** *
   5:Generated_Source\PSoC4/USBFS_audio.c **** * \brief
   6:Generated_Source\PSoC4/USBFS_audio.c **** *  This file contains the USB AUDIO Class request handler.
   7:Generated_Source\PSoC4/USBFS_audio.c **** *
   8:Generated_Source\PSoC4/USBFS_audio.c **** * Related Document:
   9:Generated_Source\PSoC4/USBFS_audio.c **** *  Universal Serial Bus Device Class Definition for Audio Devices Release 1.0
  10:Generated_Source\PSoC4/USBFS_audio.c **** *
  11:Generated_Source\PSoC4/USBFS_audio.c **** ********************************************************************************
  12:Generated_Source\PSoC4/USBFS_audio.c **** * \copyright
  13:Generated_Source\PSoC4/USBFS_audio.c **** * Copyright 2008-2016, Cypress Semiconductor Corporation.  All rights reserved.
  14:Generated_Source\PSoC4/USBFS_audio.c **** * You may use this file only in accordance with the license, terms, conditions,
  15:Generated_Source\PSoC4/USBFS_audio.c **** * disclaimers, and limitations in the end user license agreement accompanying
  16:Generated_Source\PSoC4/USBFS_audio.c **** * the software package with which this file was provided.
  17:Generated_Source\PSoC4/USBFS_audio.c **** *******************************************************************************/
  18:Generated_Source\PSoC4/USBFS_audio.c **** 
  19:Generated_Source\PSoC4/USBFS_audio.c **** #include "USBFS_audio.h"
  20:Generated_Source\PSoC4/USBFS_audio.c **** #include "USBFS_pvt.h"
  21:Generated_Source\PSoC4/USBFS_audio.c **** #include "cyapicallbacks.h"
  22:Generated_Source\PSoC4/USBFS_audio.c **** 
  23:Generated_Source\PSoC4/USBFS_audio.c **** #if defined(USBFS_ENABLE_AUDIO_CLASS)
  24:Generated_Source\PSoC4/USBFS_audio.c **** 
  25:Generated_Source\PSoC4/USBFS_audio.c **** /***************************************
  26:Generated_Source\PSoC4/USBFS_audio.c **** * Custom Declarations
  27:Generated_Source\PSoC4/USBFS_audio.c **** ***************************************/
  28:Generated_Source\PSoC4/USBFS_audio.c **** 
  29:Generated_Source\PSoC4/USBFS_audio.c **** /* `#START CUSTOM_DECLARATIONS` Place your declaration here */
  30:Generated_Source\PSoC4/USBFS_audio.c **** 
ARM GAS  C:\Users\TERENC~1\AppData\Local\Temp\cciYcMcH.s 			page 2


  31:Generated_Source\PSoC4/USBFS_audio.c **** /* `#END` */
  32:Generated_Source\PSoC4/USBFS_audio.c **** 
  33:Generated_Source\PSoC4/USBFS_audio.c **** 
  34:Generated_Source\PSoC4/USBFS_audio.c **** #if !defined(USER_SUPPLIED_AUDIO_HANDLER)
  35:Generated_Source\PSoC4/USBFS_audio.c **** 
  36:Generated_Source\PSoC4/USBFS_audio.c **** /***************************************
  37:Generated_Source\PSoC4/USBFS_audio.c **** *    AUDIO Variables
  38:Generated_Source\PSoC4/USBFS_audio.c **** ***************************************/
  39:Generated_Source\PSoC4/USBFS_audio.c **** 
  40:Generated_Source\PSoC4/USBFS_audio.c **** #if defined(USBFS_ENABLE_AUDIO_STREAMING)
  41:Generated_Source\PSoC4/USBFS_audio.c ****     /** Contains the current audio sample frequency. It is set by the host using a SET_CUR request 
  42:Generated_Source\PSoC4/USBFS_audio.c ****     volatile uint8 USBFS_currentSampleFrequency[USBFS_MAX_EP][USBFS_SAMPLE_FREQ_LEN];
  43:Generated_Source\PSoC4/USBFS_audio.c ****     /** Used as a flag for the user code, to inform it that the host has been sent a request 
  44:Generated_Source\PSoC4/USBFS_audio.c ****      * to change the sample frequency. The sample frequency will be sent on the next OUT transactio
  45:Generated_Source\PSoC4/USBFS_audio.c ****      * It contains the endpoint address when set. The following code is recommended for 
  46:Generated_Source\PSoC4/USBFS_audio.c ****      * detecting new sample frequency in main code:
  47:Generated_Source\PSoC4/USBFS_audio.c ****      * \snippet  /USBFS_sut_02.cydsn/main.c Detecting new Sample Frequency
  48:Generated_Source\PSoC4/USBFS_audio.c ****      *     
  49:Generated_Source\PSoC4/USBFS_audio.c ****      * The USBFS_transferState variable is checked to make sure that the transfer completes. */
  50:Generated_Source\PSoC4/USBFS_audio.c ****     volatile uint8 USBFS_frequencyChanged;
  51:Generated_Source\PSoC4/USBFS_audio.c ****     /** Contains the mute configuration set by the host.*/
  52:Generated_Source\PSoC4/USBFS_audio.c ****     volatile uint8 USBFS_currentMute;
  53:Generated_Source\PSoC4/USBFS_audio.c ****     /** Contains the volume level set by the host.*/
  54:Generated_Source\PSoC4/USBFS_audio.c ****     volatile uint8 USBFS_currentVolume[USBFS_VOLUME_LEN];
  55:Generated_Source\PSoC4/USBFS_audio.c ****     volatile uint8 USBFS_minimumVolume[USBFS_VOLUME_LEN] = {USBFS_VOL_MIN_LSB,
  56:Generated_Source\PSoC4/USBFS_audio.c ****                                                                                   USBFS_VOL_MIN_MSB
  57:Generated_Source\PSoC4/USBFS_audio.c ****     volatile uint8 USBFS_maximumVolume[USBFS_VOLUME_LEN] = {USBFS_VOL_MAX_LSB,
  58:Generated_Source\PSoC4/USBFS_audio.c ****                                                                                   USBFS_VOL_MAX_MSB
  59:Generated_Source\PSoC4/USBFS_audio.c ****     volatile uint8 USBFS_resolutionVolume[USBFS_VOLUME_LEN] = {USBFS_VOL_RES_LSB,
  60:Generated_Source\PSoC4/USBFS_audio.c ****                                                                                      USBFS_VOL_RES_
  61:Generated_Source\PSoC4/USBFS_audio.c **** #endif /*  USBFS_ENABLE_AUDIO_STREAMING */
  62:Generated_Source\PSoC4/USBFS_audio.c **** 
  63:Generated_Source\PSoC4/USBFS_audio.c **** 
  64:Generated_Source\PSoC4/USBFS_audio.c **** /*******************************************************************************
  65:Generated_Source\PSoC4/USBFS_audio.c **** * Function Name: USBFS_DispatchAUDIOClassRqst
  66:Generated_Source\PSoC4/USBFS_audio.c **** ****************************************************************************//**
  67:Generated_Source\PSoC4/USBFS_audio.c **** *
  68:Generated_Source\PSoC4/USBFS_audio.c **** *  This routine dispatches class requests
  69:Generated_Source\PSoC4/USBFS_audio.c **** *
  70:Generated_Source\PSoC4/USBFS_audio.c **** * \return
  71:Generated_Source\PSoC4/USBFS_audio.c **** *  Results of Audio Class request handling: 
  72:Generated_Source\PSoC4/USBFS_audio.c **** *  - USBFS_TRUE  - request was handled without errors
  73:Generated_Source\PSoC4/USBFS_audio.c **** *  - USBFS_FALSE - error occurs during handling of request     
  74:Generated_Source\PSoC4/USBFS_audio.c **** *
  75:Generated_Source\PSoC4/USBFS_audio.c **** * \globalvars
  76:Generated_Source\PSoC4/USBFS_audio.c **** *   USBFS_currentSampleFrequency: Contains the current audio Sample
  77:Generated_Source\PSoC4/USBFS_audio.c **** *       Frequency. It is set by the Host using SET_CUR request to the endpoint.
  78:Generated_Source\PSoC4/USBFS_audio.c **** *   USBFS_frequencyChanged: This variable is used as a flag for the
  79:Generated_Source\PSoC4/USBFS_audio.c **** *       user code, to be aware that Host has been sent request for changing
  80:Generated_Source\PSoC4/USBFS_audio.c **** *       Sample Frequency. Sample frequency will be sent on the next OUT
  81:Generated_Source\PSoC4/USBFS_audio.c **** *       transaction. It is contains endpoint address when set. The following
  82:Generated_Source\PSoC4/USBFS_audio.c **** *       code is recommended for detecting new Sample Frequency in main code:
  83:Generated_Source\PSoC4/USBFS_audio.c **** *       
  84:Generated_Source\PSoC4/USBFS_audio.c **** *  \snippet  /USBFS_sut_02.cydsn/main.c Detecting new Sample Frequency
  85:Generated_Source\PSoC4/USBFS_audio.c **** *      
  86:Generated_Source\PSoC4/USBFS_audio.c **** *   USBFS_transferState variable is checked to be sure that transfer
  87:Generated_Source\PSoC4/USBFS_audio.c **** *              completes.
ARM GAS  C:\Users\TERENC~1\AppData\Local\Temp\cciYcMcH.s 			page 3


  88:Generated_Source\PSoC4/USBFS_audio.c **** *   USBFS_currentMute: Contains mute configuration set by Host.
  89:Generated_Source\PSoC4/USBFS_audio.c **** *   USBFS_currentVolume: Contains volume level set by Host.
  90:Generated_Source\PSoC4/USBFS_audio.c **** *
  91:Generated_Source\PSoC4/USBFS_audio.c **** * \reentrant
  92:Generated_Source\PSoC4/USBFS_audio.c **** *  No.
  93:Generated_Source\PSoC4/USBFS_audio.c **** *
  94:Generated_Source\PSoC4/USBFS_audio.c **** *******************************************************************************/
  95:Generated_Source\PSoC4/USBFS_audio.c **** uint8 USBFS_DispatchAUDIOClassRqst(void) 
  96:Generated_Source\PSoC4/USBFS_audio.c **** {
  28              		.loc 1 96 0
  29              		.cfi_startproc
  30              		@ args = 0, pretend = 0, frame = 0
  31              		@ frame_needed = 0, uses_anonymous_args = 0
  32 0000 10B5     		push	{r4, lr}
  33              		.cfi_def_cfa_offset 8
  34              		.cfi_offset 4, -8
  35              		.cfi_offset 14, -4
  36              	.LVL0:
  97:Generated_Source\PSoC4/USBFS_audio.c ****     uint8 requestHandled = USBFS_FALSE;
  98:Generated_Source\PSoC4/USBFS_audio.c ****     
  99:Generated_Source\PSoC4/USBFS_audio.c ****     uint8 RqstRcpt = (uint8)(USBFS_bmRequestTypeReg & USBFS_RQST_RCPT_MASK);
  37              		.loc 1 99 0
  38 0002 5A4B     		ldr	r3, .L33
  39 0004 1968     		ldr	r1, [r3]
  40 0006 0322     		movs	r2, #3
  41 0008 0A40     		ands	r2, r1
  42              	.LVL1:
 100:Generated_Source\PSoC4/USBFS_audio.c **** #if defined(USBFS_ENABLE_AUDIO_STREAMING)
 101:Generated_Source\PSoC4/USBFS_audio.c ****     uint8 wValueHi = (uint8) USBFS_wValueHiReg;
  43              		.loc 1 101 0
  44 000a D968     		ldr	r1, [r3, #12]
  45 000c CCB2     		uxtb	r4, r1
  46              	.LVL2:
 102:Generated_Source\PSoC4/USBFS_audio.c ****     uint8 epNumber = (uint8) USBFS_wIndexLoReg & USBFS_DIR_UNUSED;
  47              		.loc 1 102 0
  48 000e 1969     		ldr	r1, [r3, #16]
  49 0010 7F20     		movs	r0, #127
  50 0012 0140     		ands	r1, r0
  51              	.LVL3:
 103:Generated_Source\PSoC4/USBFS_audio.c **** #endif /* (USBFS_ENABLE_AUDIO_STREAMING) */
 104:Generated_Source\PSoC4/USBFS_audio.c ****     
 105:Generated_Source\PSoC4/USBFS_audio.c ****     /* Check request direction: D2H or H2D. */
 106:Generated_Source\PSoC4/USBFS_audio.c ****     if (0u != (USBFS_bmRequestTypeReg & USBFS_RQST_DIR_D2H))
  52              		.loc 1 106 0
  53 0014 1B68     		ldr	r3, [r3]
  54 0016 1B06     		lsls	r3, r3, #24
  55 0018 5FD5     		bpl	.L2
 107:Generated_Source\PSoC4/USBFS_audio.c ****     {
 108:Generated_Source\PSoC4/USBFS_audio.c ****         /* Handle direction from device to host. */
 109:Generated_Source\PSoC4/USBFS_audio.c ****         
 110:Generated_Source\PSoC4/USBFS_audio.c ****         if (USBFS_RQST_RCPT_EP == RqstRcpt)
  56              		.loc 1 110 0
  57 001a 022A     		cmp	r2, #2
  58 001c 12D1     		bne	.L3
 111:Generated_Source\PSoC4/USBFS_audio.c ****         {
 112:Generated_Source\PSoC4/USBFS_audio.c ****             /* Request recipient is to endpoint. */
 113:Generated_Source\PSoC4/USBFS_audio.c ****             switch (USBFS_bRequestReg)
ARM GAS  C:\Users\TERENC~1\AppData\Local\Temp\cciYcMcH.s 			page 4


  59              		.loc 1 113 0
  60 001e 534B     		ldr	r3, .L33
  61 0020 5B68     		ldr	r3, [r3, #4]
  62 0022 812B     		cmp	r3, #129
  63 0024 00D0     		beq	.LCB34
  64 0026 86E0     		b	.L30	@long jump
  65              	.LCB34:
 114:Generated_Source\PSoC4/USBFS_audio.c ****             {
 115:Generated_Source\PSoC4/USBFS_audio.c ****                 case USBFS_GET_CUR:
 116:Generated_Source\PSoC4/USBFS_audio.c ****                 #if defined(USBFS_ENABLE_AUDIO_STREAMING)
 117:Generated_Source\PSoC4/USBFS_audio.c ****                     if (wValueHi == USBFS_SAMPLING_FREQ_CONTROL)
  66              		.loc 1 117 0
  67 0028 012C     		cmp	r4, #1
  68 002a 00D0     		beq	.LCB36
  69 002c 85E0     		b	.L18	@long jump
  70              	.LCB36:
 118:Generated_Source\PSoC4/USBFS_audio.c ****                     {
 119:Generated_Source\PSoC4/USBFS_audio.c ****                          /* point Control Selector is Sampling Frequency */
 120:Generated_Source\PSoC4/USBFS_audio.c ****                         USBFS_currentTD.wCount = USBFS_SAMPLE_FREQ_LEN;
  71              		.loc 1 120 0
  72 002e 504A     		ldr	r2, .L33+4
  73              	.LVL4:
  74 0030 7E3B     		subs	r3, r3, #126
  75 0032 1380     		strh	r3, [r2]
 121:Generated_Source\PSoC4/USBFS_audio.c ****                         USBFS_currentTD.pData  = USBFS_currentSampleFrequency[epNumber];
  76              		.loc 1 121 0
  77 0034 4B00     		lsls	r3, r1, #1
  78 0036 5918     		adds	r1, r3, r1
  79              	.LVL5:
  80 0038 4E4B     		ldr	r3, .L33+8
  81 003a C918     		adds	r1, r1, r3
  82 003c 5160     		str	r1, [r2, #4]
 122:Generated_Source\PSoC4/USBFS_audio.c ****                         
 123:Generated_Source\PSoC4/USBFS_audio.c ****                         requestHandled   = USBFS_InitControlRead();
  83              		.loc 1 123 0
  84 003e FFF7FEFF 		bl	USBFS_InitControlRead
  85              	.LVL6:
  86 0042 91E0     		b	.L4
  87              	.LVL7:
  88              	.L3:
 124:Generated_Source\PSoC4/USBFS_audio.c ****                     }
 125:Generated_Source\PSoC4/USBFS_audio.c ****                 #endif /* (USBFS_ENABLE_AUDIO_STREAMING) */
 126:Generated_Source\PSoC4/USBFS_audio.c ****                 
 127:Generated_Source\PSoC4/USBFS_audio.c ****                     /* `#START AUDIO_READ_REQUESTS` Place other request handler here */
 128:Generated_Source\PSoC4/USBFS_audio.c **** 
 129:Generated_Source\PSoC4/USBFS_audio.c ****                     /* `#END` */
 130:Generated_Source\PSoC4/USBFS_audio.c ****                 
 131:Generated_Source\PSoC4/USBFS_audio.c ****                 #ifdef USBFS_DISPATCH_AUDIO_CLASS_AUDIO_READ_REQUESTS_CALLBACK    
 132:Generated_Source\PSoC4/USBFS_audio.c ****                     USBFS_DispatchAUDIOClass_AUDIO_READ_REQUESTS_Callback();
 133:Generated_Source\PSoC4/USBFS_audio.c ****                 #endif /* (USBFS_DISPATCH_AUDIO_CLASS_AUDIO_READ_REQUESTS_CALLBACK) */             
 134:Generated_Source\PSoC4/USBFS_audio.c ****                 break;
 135:Generated_Source\PSoC4/USBFS_audio.c ****                 
 136:Generated_Source\PSoC4/USBFS_audio.c ****                 default:
 137:Generated_Source\PSoC4/USBFS_audio.c ****                     /* Do not handle this request unless callback is defined. */
 138:Generated_Source\PSoC4/USBFS_audio.c ****                     break;
 139:Generated_Source\PSoC4/USBFS_audio.c ****             }
 140:Generated_Source\PSoC4/USBFS_audio.c ****         
ARM GAS  C:\Users\TERENC~1\AppData\Local\Temp\cciYcMcH.s 			page 5


 141:Generated_Source\PSoC4/USBFS_audio.c ****         }
 142:Generated_Source\PSoC4/USBFS_audio.c ****         else if (USBFS_RQST_RCPT_IFC == RqstRcpt)
  89              		.loc 1 142 0
  90 0044 012A     		cmp	r2, #1
  91 0046 7AD1     		bne	.L19
 143:Generated_Source\PSoC4/USBFS_audio.c ****         {
 144:Generated_Source\PSoC4/USBFS_audio.c ****             /* Request recipient is interface or entity ID. */
 145:Generated_Source\PSoC4/USBFS_audio.c ****             switch (USBFS_bRequestReg)
  92              		.loc 1 145 0
  93 0048 484B     		ldr	r3, .L33
  94 004a 5B68     		ldr	r3, [r3, #4]
  95 004c 832B     		cmp	r3, #131
  96 004e 28D0     		beq	.L6
  97 0050 04D8     		bhi	.L7
  98 0052 812B     		cmp	r3, #129
  99 0054 07D0     		beq	.L8
 100 0056 822B     		cmp	r3, #130
 101 0058 19D0     		beq	.L9
 102 005a 72E0     		b	.L20
 103              	.L7:
 104 005c 842B     		cmp	r3, #132
 105 005e 2BD0     		beq	.L10
 106 0060 FF2B     		cmp	r3, #255
 107 0062 34D0     		beq	.L11
 108 0064 6DE0     		b	.L20
 109              	.L8:
 146:Generated_Source\PSoC4/USBFS_audio.c ****             {
 147:Generated_Source\PSoC4/USBFS_audio.c ****                 case USBFS_GET_CUR:
 148:Generated_Source\PSoC4/USBFS_audio.c ****                 #if defined(USBFS_ENABLE_AUDIO_STREAMING)
 149:Generated_Source\PSoC4/USBFS_audio.c ****                     if (wValueHi == USBFS_MUTE_CONTROL)
 110              		.loc 1 149 0
 111 0066 012C     		cmp	r4, #1
 112 0068 07D1     		bne	.L12
 150:Generated_Source\PSoC4/USBFS_audio.c ****                     {
 151:Generated_Source\PSoC4/USBFS_audio.c ****                         /* `#START MUTE_CONTROL_GET_REQUEST` Place multi-channel handler here */
 152:Generated_Source\PSoC4/USBFS_audio.c **** 
 153:Generated_Source\PSoC4/USBFS_audio.c ****                         /* `#END` */
 154:Generated_Source\PSoC4/USBFS_audio.c **** 
 155:Generated_Source\PSoC4/USBFS_audio.c ****                     #ifdef USBFS_DISPATCH_AUDIO_CLASS_MUTE_CONTROL_GET_REQUEST_CALLBACK
 156:Generated_Source\PSoC4/USBFS_audio.c ****                         USBFS_DispatchAUDIOClass_MUTE_CONTROL_GET_REQUEST_Callback();
 157:Generated_Source\PSoC4/USBFS_audio.c ****                     #endif /* (USBFS_DISPATCH_AUDIO_CLASS_MUTE_CONTROL_GET_REQUEST_CALLBACK) */
 158:Generated_Source\PSoC4/USBFS_audio.c **** 
 159:Generated_Source\PSoC4/USBFS_audio.c ****                         /* Entity ID Control Selector is MUTE */
 160:Generated_Source\PSoC4/USBFS_audio.c ****                         USBFS_currentTD.wCount = 1u;
 113              		.loc 1 160 0
 114 006a 414B     		ldr	r3, .L33+4
 115 006c 0122     		movs	r2, #1
 116              	.LVL8:
 117 006e 1A80     		strh	r2, [r3]
 161:Generated_Source\PSoC4/USBFS_audio.c ****                         USBFS_currentTD.pData  = &USBFS_currentMute;
 118              		.loc 1 161 0
 119 0070 414A     		ldr	r2, .L33+12
 120 0072 5A60     		str	r2, [r3, #4]
 162:Generated_Source\PSoC4/USBFS_audio.c ****                         
 163:Generated_Source\PSoC4/USBFS_audio.c ****                         requestHandled = USBFS_InitControlRead();
 121              		.loc 1 163 0
 122 0074 FFF7FEFF 		bl	USBFS_InitControlRead
ARM GAS  C:\Users\TERENC~1\AppData\Local\Temp\cciYcMcH.s 			page 6


 123              	.LVL9:
 124 0078 76E0     		b	.L4
 125              	.LVL10:
 126              	.L12:
 164:Generated_Source\PSoC4/USBFS_audio.c ****                     }
 165:Generated_Source\PSoC4/USBFS_audio.c ****                     else if (wValueHi == USBFS_VOLUME_CONTROL)
 127              		.loc 1 165 0
 128 007a 022C     		cmp	r4, #2
 129 007c 63D1     		bne	.L21
 166:Generated_Source\PSoC4/USBFS_audio.c ****                     {
 167:Generated_Source\PSoC4/USBFS_audio.c ****                         /* `#START VOLUME_CONTROL_GET_REQUEST` Place multi-channel handler here */
 168:Generated_Source\PSoC4/USBFS_audio.c **** 
 169:Generated_Source\PSoC4/USBFS_audio.c ****                         /* `#END` */
 170:Generated_Source\PSoC4/USBFS_audio.c **** 
 171:Generated_Source\PSoC4/USBFS_audio.c ****                     #ifdef USBFS_DISPATCH_AUDIO_CLASS_VOLUME_CONTROL_GET_REQUEST_CALLBACK
 172:Generated_Source\PSoC4/USBFS_audio.c ****                         USBFS_DispatchAUDIOClass_VOLUME_CONTROL_GET_REQUEST_Callback();
 173:Generated_Source\PSoC4/USBFS_audio.c ****                     #endif /* (USBFS_DISPATCH_AUDIO_CLASS_VOLUME_CONTROL_GET_REQUEST_CALLBACK) */
 174:Generated_Source\PSoC4/USBFS_audio.c **** 
 175:Generated_Source\PSoC4/USBFS_audio.c ****                         /* Entity ID Control Selector is VOLUME, */
 176:Generated_Source\PSoC4/USBFS_audio.c ****                         USBFS_currentTD.wCount = USBFS_VOLUME_LEN;
 130              		.loc 1 176 0
 131 007e 3C4B     		ldr	r3, .L33+4
 132 0080 0222     		movs	r2, #2
 133              	.LVL11:
 134 0082 1A80     		strh	r2, [r3]
 177:Generated_Source\PSoC4/USBFS_audio.c ****                         USBFS_currentTD.pData  = USBFS_currentVolume;
 135              		.loc 1 177 0
 136 0084 3D4A     		ldr	r2, .L33+16
 137 0086 5A60     		str	r2, [r3, #4]
 178:Generated_Source\PSoC4/USBFS_audio.c ****                         
 179:Generated_Source\PSoC4/USBFS_audio.c ****                         requestHandled = USBFS_InitControlRead();
 138              		.loc 1 179 0
 139 0088 FFF7FEFF 		bl	USBFS_InitControlRead
 140              	.LVL12:
 141 008c 6CE0     		b	.L4
 142              	.LVL13:
 143              	.L9:
 180:Generated_Source\PSoC4/USBFS_audio.c ****                     }
 181:Generated_Source\PSoC4/USBFS_audio.c ****                     else
 182:Generated_Source\PSoC4/USBFS_audio.c ****                     {
 183:Generated_Source\PSoC4/USBFS_audio.c ****                         /* `#START OTHER_GET_CUR_REQUESTS` Place other request handler here */
 184:Generated_Source\PSoC4/USBFS_audio.c **** 
 185:Generated_Source\PSoC4/USBFS_audio.c ****                         /* `#END` */
 186:Generated_Source\PSoC4/USBFS_audio.c **** 
 187:Generated_Source\PSoC4/USBFS_audio.c ****                     #ifdef USBFS_DISPATCH_AUDIO_CLASS_OTHER_GET_CUR_REQUESTS_CALLBACK
 188:Generated_Source\PSoC4/USBFS_audio.c ****                         USBFS_DispatchAUDIOClass_OTHER_GET_CUR_REQUESTS_Callback();
 189:Generated_Source\PSoC4/USBFS_audio.c ****                     #endif /* (USBFS_DISPATCH_AUDIO_CLASS_OTHER_GET_CUR_REQUESTS_CALLBACK) */
 190:Generated_Source\PSoC4/USBFS_audio.c ****                     }
 191:Generated_Source\PSoC4/USBFS_audio.c ****                     break;
 192:Generated_Source\PSoC4/USBFS_audio.c ****                     
 193:Generated_Source\PSoC4/USBFS_audio.c ****                 case USBFS_GET_MIN:
 194:Generated_Source\PSoC4/USBFS_audio.c ****                     if (wValueHi == USBFS_VOLUME_CONTROL)
 144              		.loc 1 194 0
 145 008e 022C     		cmp	r4, #2
 146 0090 5BD1     		bne	.L22
 195:Generated_Source\PSoC4/USBFS_audio.c ****                     {
 196:Generated_Source\PSoC4/USBFS_audio.c ****                         /* Entity ID Control Selector is VOLUME, */
ARM GAS  C:\Users\TERENC~1\AppData\Local\Temp\cciYcMcH.s 			page 7


 197:Generated_Source\PSoC4/USBFS_audio.c ****                         USBFS_currentTD.wCount = USBFS_VOLUME_LEN;
 147              		.loc 1 197 0
 148 0092 374B     		ldr	r3, .L33+4
 149 0094 0222     		movs	r2, #2
 150              	.LVL14:
 151 0096 1A80     		strh	r2, [r3]
 198:Generated_Source\PSoC4/USBFS_audio.c ****                         USBFS_currentTD.pData  = &USBFS_minimumVolume[0];
 152              		.loc 1 198 0
 153 0098 394A     		ldr	r2, .L33+20
 154 009a 5A60     		str	r2, [r3, #4]
 199:Generated_Source\PSoC4/USBFS_audio.c ****                         
 200:Generated_Source\PSoC4/USBFS_audio.c ****                         requestHandled = USBFS_InitControlRead();
 155              		.loc 1 200 0
 156 009c FFF7FEFF 		bl	USBFS_InitControlRead
 157              	.LVL15:
 158 00a0 62E0     		b	.L4
 159              	.LVL16:
 160              	.L6:
 201:Generated_Source\PSoC4/USBFS_audio.c ****                     }
 202:Generated_Source\PSoC4/USBFS_audio.c ****                     break;
 203:Generated_Source\PSoC4/USBFS_audio.c ****                     
 204:Generated_Source\PSoC4/USBFS_audio.c ****                 case USBFS_GET_MAX:
 205:Generated_Source\PSoC4/USBFS_audio.c ****                     if (wValueHi == USBFS_VOLUME_CONTROL)
 161              		.loc 1 205 0
 162 00a2 022C     		cmp	r4, #2
 163 00a4 53D1     		bne	.L23
 206:Generated_Source\PSoC4/USBFS_audio.c ****                     {
 207:Generated_Source\PSoC4/USBFS_audio.c ****                         /* Entity ID Control Selector is VOLUME, */
 208:Generated_Source\PSoC4/USBFS_audio.c ****                         USBFS_currentTD.wCount = USBFS_VOLUME_LEN;
 164              		.loc 1 208 0
 165 00a6 324A     		ldr	r2, .L33+4
 166              	.LVL17:
 167 00a8 0223     		movs	r3, #2
 168 00aa 1380     		strh	r3, [r2]
 209:Generated_Source\PSoC4/USBFS_audio.c ****                         USBFS_currentTD.pData  = &USBFS_maximumVolume[0];
 169              		.loc 1 209 0
 170 00ac 344B     		ldr	r3, .L33+20
 171 00ae 0433     		adds	r3, r3, #4
 172 00b0 5360     		str	r3, [r2, #4]
 210:Generated_Source\PSoC4/USBFS_audio.c ****                         
 211:Generated_Source\PSoC4/USBFS_audio.c ****                         requestHandled = USBFS_InitControlRead();
 173              		.loc 1 211 0
 174 00b2 FFF7FEFF 		bl	USBFS_InitControlRead
 175              	.LVL18:
 176 00b6 57E0     		b	.L4
 177              	.LVL19:
 178              	.L10:
 212:Generated_Source\PSoC4/USBFS_audio.c ****                     }
 213:Generated_Source\PSoC4/USBFS_audio.c ****                     break;
 214:Generated_Source\PSoC4/USBFS_audio.c ****                     
 215:Generated_Source\PSoC4/USBFS_audio.c ****                 case USBFS_GET_RES:
 216:Generated_Source\PSoC4/USBFS_audio.c ****                     if (wValueHi == USBFS_VOLUME_CONTROL)
 179              		.loc 1 216 0
 180 00b8 022C     		cmp	r4, #2
 181 00ba 4AD1     		bne	.L24
 217:Generated_Source\PSoC4/USBFS_audio.c ****                     {
 218:Generated_Source\PSoC4/USBFS_audio.c ****                          /* Entity ID Control Selector is VOLUME, */
ARM GAS  C:\Users\TERENC~1\AppData\Local\Temp\cciYcMcH.s 			page 8


 219:Generated_Source\PSoC4/USBFS_audio.c ****                         USBFS_currentTD.wCount = USBFS_VOLUME_LEN;
 182              		.loc 1 219 0
 183 00bc 2C4A     		ldr	r2, .L33+4
 184              	.LVL20:
 185 00be 0223     		movs	r3, #2
 186 00c0 1380     		strh	r3, [r2]
 220:Generated_Source\PSoC4/USBFS_audio.c ****                         USBFS_currentTD.pData  = &USBFS_resolutionVolume[0];
 187              		.loc 1 220 0
 188 00c2 2F4B     		ldr	r3, .L33+20
 189 00c4 0833     		adds	r3, r3, #8
 190 00c6 5360     		str	r3, [r2, #4]
 221:Generated_Source\PSoC4/USBFS_audio.c ****                         
 222:Generated_Source\PSoC4/USBFS_audio.c ****                         requestHandled   = USBFS_InitControlRead();
 191              		.loc 1 222 0
 192 00c8 FFF7FEFF 		bl	USBFS_InitControlRead
 193              	.LVL21:
 194 00cc 4CE0     		b	.L4
 195              	.LVL22:
 196              	.L11:
 223:Generated_Source\PSoC4/USBFS_audio.c ****                     }
 224:Generated_Source\PSoC4/USBFS_audio.c ****                     break;
 225:Generated_Source\PSoC4/USBFS_audio.c ****                     
 226:Generated_Source\PSoC4/USBFS_audio.c ****                 /* The contents of the status message is reserved for future use.
 227:Generated_Source\PSoC4/USBFS_audio.c ****                 * For the time being, a null packet should be returned in the data stage of the
 228:Generated_Source\PSoC4/USBFS_audio.c ****                 * control transfer, and the received null packet should be ACKed.
 229:Generated_Source\PSoC4/USBFS_audio.c ****                 */
 230:Generated_Source\PSoC4/USBFS_audio.c ****                 case USBFS_GET_STAT:
 231:Generated_Source\PSoC4/USBFS_audio.c ****                     USBFS_currentTD.wCount = 0u;    
 197              		.loc 1 231 0
 198 00ce 0022     		movs	r2, #0
 199              	.LVL23:
 200 00d0 274B     		ldr	r3, .L33+4
 201 00d2 1A80     		strh	r2, [r3]
 232:Generated_Source\PSoC4/USBFS_audio.c ****                     
 233:Generated_Source\PSoC4/USBFS_audio.c ****                     requestHandled = USBFS_InitControlWrite();
 202              		.loc 1 233 0
 203 00d4 FFF7FEFF 		bl	USBFS_InitControlWrite
 204              	.LVL24:
 234:Generated_Source\PSoC4/USBFS_audio.c **** 
 235:Generated_Source\PSoC4/USBFS_audio.c ****                 #endif /* (USBFS_ENABLE_AUDIO_STREAMING) */
 236:Generated_Source\PSoC4/USBFS_audio.c ****                 
 237:Generated_Source\PSoC4/USBFS_audio.c ****                     /* `#START AUDIO_WRITE_REQUESTS` Place other request handler here */
 238:Generated_Source\PSoC4/USBFS_audio.c **** 
 239:Generated_Source\PSoC4/USBFS_audio.c ****                     /* `#END` */
 240:Generated_Source\PSoC4/USBFS_audio.c ****                 
 241:Generated_Source\PSoC4/USBFS_audio.c ****                 #ifdef USBFS_DISPATCH_AUDIO_CLASS_AUDIO_WRITE_REQUESTS_CALLBACK
 242:Generated_Source\PSoC4/USBFS_audio.c ****                     USBFS_DispatchAUDIOClass_AUDIO_WRITE_REQUESTS_Callback();
 243:Generated_Source\PSoC4/USBFS_audio.c ****                 #endif /* (USBFS_DISPATCH_AUDIO_CLASS_AUDIO_WRITE_REQUESTS_CALLBACK) */
 244:Generated_Source\PSoC4/USBFS_audio.c ****                     break;
 205              		.loc 1 244 0
 206 00d8 46E0     		b	.L4
 207              	.LVL25:
 208              	.L2:
 245:Generated_Source\PSoC4/USBFS_audio.c ****                 
 246:Generated_Source\PSoC4/USBFS_audio.c ****                 default:
 247:Generated_Source\PSoC4/USBFS_audio.c ****                     /* Do not handle this request. */
 248:Generated_Source\PSoC4/USBFS_audio.c ****                     break;
ARM GAS  C:\Users\TERENC~1\AppData\Local\Temp\cciYcMcH.s 			page 9


 249:Generated_Source\PSoC4/USBFS_audio.c ****             }
 250:Generated_Source\PSoC4/USBFS_audio.c ****         }
 251:Generated_Source\PSoC4/USBFS_audio.c ****         else
 252:Generated_Source\PSoC4/USBFS_audio.c ****         {   
 253:Generated_Source\PSoC4/USBFS_audio.c ****             /* Do not handle other requests recipients. */
 254:Generated_Source\PSoC4/USBFS_audio.c ****         }
 255:Generated_Source\PSoC4/USBFS_audio.c ****     }
 256:Generated_Source\PSoC4/USBFS_audio.c ****     else
 257:Generated_Source\PSoC4/USBFS_audio.c ****     {
 258:Generated_Source\PSoC4/USBFS_audio.c ****         /* Handle direction from host to device. */
 259:Generated_Source\PSoC4/USBFS_audio.c ****         
 260:Generated_Source\PSoC4/USBFS_audio.c ****         if (USBFS_RQST_RCPT_EP == RqstRcpt)
 209              		.loc 1 260 0
 210 00da 022A     		cmp	r2, #2
 211 00dc 12D1     		bne	.L13
 261:Generated_Source\PSoC4/USBFS_audio.c ****         {
 262:Generated_Source\PSoC4/USBFS_audio.c ****             /* Request recipient is endpoint. */
 263:Generated_Source\PSoC4/USBFS_audio.c ****             switch (USBFS_bRequestReg)
 212              		.loc 1 263 0
 213 00de 234B     		ldr	r3, .L33
 214 00e0 5B68     		ldr	r3, [r3, #4]
 215 00e2 012B     		cmp	r3, #1
 216 00e4 37D1     		bne	.L31
 264:Generated_Source\PSoC4/USBFS_audio.c ****             {
 265:Generated_Source\PSoC4/USBFS_audio.c ****                 case USBFS_SET_CUR:
 266:Generated_Source\PSoC4/USBFS_audio.c ****                 #if defined(USBFS_ENABLE_AUDIO_STREAMING)
 267:Generated_Source\PSoC4/USBFS_audio.c ****                     if (wValueHi == USBFS_SAMPLING_FREQ_CONTROL)
 217              		.loc 1 267 0
 218 00e6 012C     		cmp	r4, #1
 219 00e8 37D1     		bne	.L26
 268:Generated_Source\PSoC4/USBFS_audio.c ****                     {
 269:Generated_Source\PSoC4/USBFS_audio.c ****                          /* point Control Selector is Sampling Frequency */
 270:Generated_Source\PSoC4/USBFS_audio.c ****                         USBFS_currentTD.wCount = USBFS_SAMPLE_FREQ_LEN;
 220              		.loc 1 270 0
 221 00ea 2148     		ldr	r0, .L33+4
 222 00ec 0233     		adds	r3, r3, #2
 223 00ee 0380     		strh	r3, [r0]
 271:Generated_Source\PSoC4/USBFS_audio.c ****                         USBFS_currentTD.pData  = USBFS_currentSampleFrequency[epNumber];
 224              		.loc 1 271 0
 225 00f0 4B00     		lsls	r3, r1, #1
 226 00f2 5B18     		adds	r3, r3, r1
 227 00f4 1F4A     		ldr	r2, .L33+8
 228              	.LVL26:
 229 00f6 9B18     		adds	r3, r3, r2
 230 00f8 4360     		str	r3, [r0, #4]
 272:Generated_Source\PSoC4/USBFS_audio.c ****                         USBFS_frequencyChanged = (uint8) epNumber;
 231              		.loc 1 272 0
 232 00fa 224B     		ldr	r3, .L33+24
 233 00fc 1970     		strb	r1, [r3]
 273:Generated_Source\PSoC4/USBFS_audio.c ****                         
 274:Generated_Source\PSoC4/USBFS_audio.c ****                         requestHandled   = USBFS_InitControlWrite();
 234              		.loc 1 274 0
 235 00fe FFF7FEFF 		bl	USBFS_InitControlWrite
 236              	.LVL27:
 237 0102 31E0     		b	.L4
 238              	.LVL28:
 239              	.L13:
ARM GAS  C:\Users\TERENC~1\AppData\Local\Temp\cciYcMcH.s 			page 10


 275:Generated_Source\PSoC4/USBFS_audio.c ****                     }
 276:Generated_Source\PSoC4/USBFS_audio.c ****                 #endif /* (USBFS_ENABLE_AUDIO_STREAMING) */
 277:Generated_Source\PSoC4/USBFS_audio.c **** 
 278:Generated_Source\PSoC4/USBFS_audio.c ****                     /* `#START AUDIO_SAMPLING_FREQ_REQUESTS` Place other request handler here */
 279:Generated_Source\PSoC4/USBFS_audio.c **** 
 280:Generated_Source\PSoC4/USBFS_audio.c ****                     /* `#END` */
 281:Generated_Source\PSoC4/USBFS_audio.c **** 
 282:Generated_Source\PSoC4/USBFS_audio.c ****                 #ifdef USBFS_DISPATCH_AUDIO_CLASS_AUDIO_SAMPLING_FREQ_REQUESTS_CALLBACK
 283:Generated_Source\PSoC4/USBFS_audio.c ****                     USBFS_DispatchAUDIOClass_AUDIO_SAMPLING_FREQ_REQUESTS_Callback();
 284:Generated_Source\PSoC4/USBFS_audio.c ****                 #endif /* (USBFS_DISPATCH_AUDIO_CLASS_AUDIO_SAMPLING_FREQ_REQUESTS_CALLBACK) */
 285:Generated_Source\PSoC4/USBFS_audio.c ****                     break;
 286:Generated_Source\PSoC4/USBFS_audio.c ****                 
 287:Generated_Source\PSoC4/USBFS_audio.c ****                 default:
 288:Generated_Source\PSoC4/USBFS_audio.c ****                     /* Do not handle this request. */
 289:Generated_Source\PSoC4/USBFS_audio.c ****                     break;
 290:Generated_Source\PSoC4/USBFS_audio.c ****             }
 291:Generated_Source\PSoC4/USBFS_audio.c ****         }
 292:Generated_Source\PSoC4/USBFS_audio.c ****         else if(USBFS_RQST_RCPT_IFC == RqstRcpt)
 240              		.loc 1 292 0
 241 0104 012A     		cmp	r2, #1
 242 0106 2AD1     		bne	.L27
 293:Generated_Source\PSoC4/USBFS_audio.c ****         {
 294:Generated_Source\PSoC4/USBFS_audio.c ****             /* Request recipient is interface or entity ID. */
 295:Generated_Source\PSoC4/USBFS_audio.c ****             switch (USBFS_bRequestReg)
 243              		.loc 1 295 0
 244 0108 184B     		ldr	r3, .L33
 245 010a 5B68     		ldr	r3, [r3, #4]
 246 010c 012B     		cmp	r3, #1
 247 010e 28D1     		bne	.L32
 296:Generated_Source\PSoC4/USBFS_audio.c ****             {
 297:Generated_Source\PSoC4/USBFS_audio.c ****                 case USBFS_SET_CUR:
 298:Generated_Source\PSoC4/USBFS_audio.c ****                 #if defined(USBFS_ENABLE_AUDIO_STREAMING)
 299:Generated_Source\PSoC4/USBFS_audio.c ****                     if (wValueHi == USBFS_MUTE_CONTROL)
 248              		.loc 1 299 0
 249 0110 012C     		cmp	r4, #1
 250 0112 06D1     		bne	.L16
 300:Generated_Source\PSoC4/USBFS_audio.c ****                     {
 301:Generated_Source\PSoC4/USBFS_audio.c ****                         /* `#START MUTE_SET_REQUEST` Place multi-channel handler here */
 302:Generated_Source\PSoC4/USBFS_audio.c **** 
 303:Generated_Source\PSoC4/USBFS_audio.c ****                         /* `#END` */
 304:Generated_Source\PSoC4/USBFS_audio.c **** 
 305:Generated_Source\PSoC4/USBFS_audio.c ****                     #ifdef USBFS_DISPATCH_AUDIO_CLASS_MUTE_SET_REQUEST_CALLBACK
 306:Generated_Source\PSoC4/USBFS_audio.c ****                         USBFS_DispatchAUDIOClass_MUTE_SET_REQUEST_Callback();
 307:Generated_Source\PSoC4/USBFS_audio.c ****                     #endif /* (USBFS_DISPATCH_AUDIO_CLASS_MUTE_SET_REQUEST_CALLBACK) */
 308:Generated_Source\PSoC4/USBFS_audio.c **** 
 309:Generated_Source\PSoC4/USBFS_audio.c ****                         /* Entity ID Control Selector is MUTE */
 310:Generated_Source\PSoC4/USBFS_audio.c ****                         USBFS_currentTD.wCount = 1u;
 251              		.loc 1 310 0
 252 0114 164B     		ldr	r3, .L33+4
 253 0116 1A80     		strh	r2, [r3]
 311:Generated_Source\PSoC4/USBFS_audio.c ****                         USBFS_currentTD.pData  = &USBFS_currentMute;
 254              		.loc 1 311 0
 255 0118 174A     		ldr	r2, .L33+12
 256              	.LVL29:
 257 011a 5A60     		str	r2, [r3, #4]
 312:Generated_Source\PSoC4/USBFS_audio.c ****                         
 313:Generated_Source\PSoC4/USBFS_audio.c ****                         requestHandled = USBFS_InitControlWrite();
ARM GAS  C:\Users\TERENC~1\AppData\Local\Temp\cciYcMcH.s 			page 11


 258              		.loc 1 313 0
 259 011c FFF7FEFF 		bl	USBFS_InitControlWrite
 260              	.LVL30:
 261 0120 22E0     		b	.L4
 262              	.LVL31:
 263              	.L16:
 314:Generated_Source\PSoC4/USBFS_audio.c ****                     }
 315:Generated_Source\PSoC4/USBFS_audio.c ****                     else if (wValueHi == USBFS_VOLUME_CONTROL)
 264              		.loc 1 315 0
 265 0122 022C     		cmp	r4, #2
 266 0124 1FD1     		bne	.L29
 316:Generated_Source\PSoC4/USBFS_audio.c ****                     {
 317:Generated_Source\PSoC4/USBFS_audio.c ****                         /* `#START VOLUME_CONTROL_SET_REQUEST` Place multi-channel handler here */
 318:Generated_Source\PSoC4/USBFS_audio.c **** 
 319:Generated_Source\PSoC4/USBFS_audio.c ****                         /* `#END` */
 320:Generated_Source\PSoC4/USBFS_audio.c **** 
 321:Generated_Source\PSoC4/USBFS_audio.c ****                     #ifdef USBFS_DISPATCH_AUDIO_CLASS_VOLUME_CONTROL_SET_REQUEST_CALLBACK
 322:Generated_Source\PSoC4/USBFS_audio.c ****                         USBFS_DispatchAUDIOClass_VOLUME_CONTROL_SET_REQUEST_Callback();
 323:Generated_Source\PSoC4/USBFS_audio.c ****                     #endif /* (USBFS_DISPATCH_AUDIO_CLASS_VOLUME_CONTROL_SET_REQUEST_CALLBACK) */
 324:Generated_Source\PSoC4/USBFS_audio.c **** 
 325:Generated_Source\PSoC4/USBFS_audio.c ****                         /* Entity ID Control Selector is VOLUME */
 326:Generated_Source\PSoC4/USBFS_audio.c ****                         USBFS_currentTD.wCount = USBFS_VOLUME_LEN;
 267              		.loc 1 326 0
 268 0126 124B     		ldr	r3, .L33+4
 269 0128 0222     		movs	r2, #2
 270              	.LVL32:
 271 012a 1A80     		strh	r2, [r3]
 327:Generated_Source\PSoC4/USBFS_audio.c ****                         USBFS_currentTD.pData  = USBFS_currentVolume;
 272              		.loc 1 327 0
 273 012c 134A     		ldr	r2, .L33+16
 274 012e 5A60     		str	r2, [r3, #4]
 328:Generated_Source\PSoC4/USBFS_audio.c ****                         
 329:Generated_Source\PSoC4/USBFS_audio.c ****                         requestHandled = USBFS_InitControlWrite();
 275              		.loc 1 329 0
 276 0130 FFF7FEFF 		bl	USBFS_InitControlWrite
 277              	.LVL33:
 278 0134 18E0     		b	.L4
 279              	.LVL34:
 280              	.L30:
  97:Generated_Source\PSoC4/USBFS_audio.c ****     
 281              		.loc 1 97 0
 282 0136 0020     		movs	r0, #0
 283 0138 16E0     		b	.L4
 284              	.L18:
 285 013a 0020     		movs	r0, #0
 286 013c 14E0     		b	.L4
 287              	.L19:
 288 013e 0020     		movs	r0, #0
 289 0140 12E0     		b	.L4
 290              	.L20:
 291 0142 0020     		movs	r0, #0
 292 0144 10E0     		b	.L4
 293              	.L21:
 294 0146 0020     		movs	r0, #0
 295 0148 0EE0     		b	.L4
 296              	.L22:
 297 014a 0020     		movs	r0, #0
ARM GAS  C:\Users\TERENC~1\AppData\Local\Temp\cciYcMcH.s 			page 12


 298 014c 0CE0     		b	.L4
 299              	.L23:
 300 014e 0020     		movs	r0, #0
 301 0150 0AE0     		b	.L4
 302              	.L24:
 303 0152 0020     		movs	r0, #0
 304 0154 08E0     		b	.L4
 305              	.L31:
 306 0156 0020     		movs	r0, #0
 307 0158 06E0     		b	.L4
 308              	.L26:
 309 015a 0020     		movs	r0, #0
 310 015c 04E0     		b	.L4
 311              	.L27:
 312 015e 0020     		movs	r0, #0
 313 0160 02E0     		b	.L4
 314              	.L32:
 315 0162 0020     		movs	r0, #0
 316 0164 00E0     		b	.L4
 317              	.L29:
 318 0166 0020     		movs	r0, #0
 319              	.LVL35:
 320              	.L4:
 330:Generated_Source\PSoC4/USBFS_audio.c ****                     }
 331:Generated_Source\PSoC4/USBFS_audio.c ****                     else
 332:Generated_Source\PSoC4/USBFS_audio.c ****                     {
 333:Generated_Source\PSoC4/USBFS_audio.c ****                         /* `#START OTHER_SET_CUR_REQUESTS` Place other request handler here */
 334:Generated_Source\PSoC4/USBFS_audio.c **** 
 335:Generated_Source\PSoC4/USBFS_audio.c ****                         /* `#END` */
 336:Generated_Source\PSoC4/USBFS_audio.c **** 
 337:Generated_Source\PSoC4/USBFS_audio.c ****                     #ifdef USBFS_DISPATCH_AUDIO_CLASS_OTHER_SET_CUR_REQUESTS_CALLBACK
 338:Generated_Source\PSoC4/USBFS_audio.c ****                         USBFS_DispatchAUDIOClass_OTHER_SET_CUR_REQUESTS_Callback();
 339:Generated_Source\PSoC4/USBFS_audio.c ****                     #endif /* (USBFS_DISPATCH_AUDIO_CLASS_OTHER_SET_CUR_REQUESTS_CALLBACK) */
 340:Generated_Source\PSoC4/USBFS_audio.c ****                     }
 341:Generated_Source\PSoC4/USBFS_audio.c ****                 #endif /*  USBFS_ENABLE_AUDIO_STREAMING */
 342:Generated_Source\PSoC4/USBFS_audio.c ****                 
 343:Generated_Source\PSoC4/USBFS_audio.c ****                 
 344:Generated_Source\PSoC4/USBFS_audio.c ****                     /* `#START AUDIO_CONTROL_SEL_REQUESTS` Place other request handler here */
 345:Generated_Source\PSoC4/USBFS_audio.c **** 
 346:Generated_Source\PSoC4/USBFS_audio.c ****                     /* `#END` */
 347:Generated_Source\PSoC4/USBFS_audio.c ****                     
 348:Generated_Source\PSoC4/USBFS_audio.c ****                 #ifdef USBFS_DISPATCH_AUDIO_CLASS_AUDIO_CONTROL_SEL_REQUESTS_CALLBACK
 349:Generated_Source\PSoC4/USBFS_audio.c ****                     USBFS_DispatchAUDIOClass_AUDIO_CONTROL_SEL_REQUESTS_Callback();
 350:Generated_Source\PSoC4/USBFS_audio.c ****                 #endif /* (USBFS_DISPATCH_AUDIO_CLASS_AUDIO_CONTROL_SEL_REQUESTS_CALLBACK) */
 351:Generated_Source\PSoC4/USBFS_audio.c ****                 break;
 352:Generated_Source\PSoC4/USBFS_audio.c **** 
 353:Generated_Source\PSoC4/USBFS_audio.c ****                 default:
 354:Generated_Source\PSoC4/USBFS_audio.c ****                     /* Do not handle this request. */
 355:Generated_Source\PSoC4/USBFS_audio.c ****                 break;
 356:Generated_Source\PSoC4/USBFS_audio.c ****             }
 357:Generated_Source\PSoC4/USBFS_audio.c ****         }
 358:Generated_Source\PSoC4/USBFS_audio.c ****         else
 359:Generated_Source\PSoC4/USBFS_audio.c ****         {
 360:Generated_Source\PSoC4/USBFS_audio.c ****             /* Do not handle other requests recipients. */
 361:Generated_Source\PSoC4/USBFS_audio.c ****         }
 362:Generated_Source\PSoC4/USBFS_audio.c ****     }
 363:Generated_Source\PSoC4/USBFS_audio.c **** 
ARM GAS  C:\Users\TERENC~1\AppData\Local\Temp\cciYcMcH.s 			page 13


 364:Generated_Source\PSoC4/USBFS_audio.c ****     return (requestHandled);
 365:Generated_Source\PSoC4/USBFS_audio.c **** }
 321              		.loc 1 365 0
 322              		@ sp needed
 323              	.LVL36:
 324 0168 10BD     		pop	{r4, pc}
 325              	.L34:
 326 016a C046     		.align	2
 327              	.L33:
 328 016c 00002C40 		.word	1076625408
 329 0170 00000000 		.word	USBFS_currentTD
 330 0174 00000000 		.word	USBFS_currentSampleFrequency
 331 0178 00000000 		.word	USBFS_currentMute
 332 017c 00000000 		.word	USBFS_currentVolume
 333 0180 00000000 		.word	.LANCHOR0
 334 0184 00000000 		.word	USBFS_frequencyChanged
 335              		.cfi_endproc
 336              	.LFE161:
 337              		.size	USBFS_DispatchAUDIOClassRqst, .-USBFS_DispatchAUDIOClassRqst
 338              		.global	USBFS_resolutionVolume
 339              		.global	USBFS_maximumVolume
 340              		.global	USBFS_minimumVolume
 341              		.comm	USBFS_currentVolume,2,4
 342              		.comm	USBFS_currentMute,1,1
 343              		.comm	USBFS_frequencyChanged,1,1
 344              		.comm	USBFS_currentSampleFrequency,27,4
 345              		.data
 346              		.align	2
 347              		.set	.LANCHOR0,. + 0
 348              		.type	USBFS_minimumVolume, %object
 349              		.size	USBFS_minimumVolume, 2
 350              	USBFS_minimumVolume:
 351 0000 01       		.byte	1
 352 0001 80       		.byte	-128
 353 0002 0000     		.space	2
 354              		.type	USBFS_maximumVolume, %object
 355              		.size	USBFS_maximumVolume, 2
 356              	USBFS_maximumVolume:
 357 0004 FF       		.byte	-1
 358 0005 7F       		.byte	127
 359 0006 0000     		.space	2
 360              		.type	USBFS_resolutionVolume, %object
 361              		.size	USBFS_resolutionVolume, 2
 362              	USBFS_resolutionVolume:
 363 0008 01       		.byte	1
 364 0009 00       		.byte	0
 365              		.text
 366              	.Letext0:
 367              		.file 2 "Generated_Source\\PSoC4\\cytypes.h"
 368              		.file 3 "Generated_Source\\PSoC4\\USBFS.h"
 369              		.file 4 "Generated_Source\\PSoC4\\USBFS_pvt.h"
 370              		.section	.debug_info,"",%progbits
 371              	.Ldebug_info0:
 372 0000 E0020000 		.4byte	0x2e0
 373 0004 0400     		.2byte	0x4
 374 0006 00000000 		.4byte	.Ldebug_abbrev0
 375 000a 04       		.byte	0x4
ARM GAS  C:\Users\TERENC~1\AppData\Local\Temp\cciYcMcH.s 			page 14


 376 000b 01       		.uleb128 0x1
 377 000c C4010000 		.4byte	.LASF40
 378 0010 0C       		.byte	0xc
 379 0011 00000000 		.4byte	.LASF41
 380 0015 7B020000 		.4byte	.LASF42
 381 0019 00000000 		.4byte	.Ldebug_ranges0+0
 382 001d 00000000 		.4byte	0
 383 0021 00000000 		.4byte	.Ldebug_line0
 384 0025 02       		.uleb128 0x2
 385 0026 01       		.byte	0x1
 386 0027 06       		.byte	0x6
 387 0028 F5020000 		.4byte	.LASF0
 388 002c 02       		.uleb128 0x2
 389 002d 01       		.byte	0x1
 390 002e 08       		.byte	0x8
 391 002f C4000000 		.4byte	.LASF1
 392 0033 02       		.uleb128 0x2
 393 0034 02       		.byte	0x2
 394 0035 05       		.byte	0x5
 395 0036 A2020000 		.4byte	.LASF2
 396 003a 02       		.uleb128 0x2
 397 003b 02       		.byte	0x2
 398 003c 07       		.byte	0x7
 399 003d 60000000 		.4byte	.LASF3
 400 0041 02       		.uleb128 0x2
 401 0042 04       		.byte	0x4
 402 0043 05       		.byte	0x5
 403 0044 DB020000 		.4byte	.LASF4
 404 0048 02       		.uleb128 0x2
 405 0049 04       		.byte	0x4
 406 004a 07       		.byte	0x7
 407 004b 61010000 		.4byte	.LASF5
 408 004f 02       		.uleb128 0x2
 409 0050 08       		.byte	0x8
 410 0051 05       		.byte	0x5
 411 0052 5B020000 		.4byte	.LASF6
 412 0056 02       		.uleb128 0x2
 413 0057 08       		.byte	0x8
 414 0058 07       		.byte	0x7
 415 0059 9D010000 		.4byte	.LASF7
 416 005d 03       		.uleb128 0x3
 417 005e 04       		.byte	0x4
 418 005f 05       		.byte	0x5
 419 0060 696E7400 		.ascii	"int\000"
 420 0064 02       		.uleb128 0x2
 421 0065 04       		.byte	0x4
 422 0066 07       		.byte	0x7
 423 0067 73010000 		.4byte	.LASF8
 424 006b 04       		.uleb128 0x4
 425 006c BE000000 		.4byte	.LASF9
 426 0070 02       		.byte	0x2
 427 0071 E401     		.2byte	0x1e4
 428 0073 2C000000 		.4byte	0x2c
 429 0077 04       		.uleb128 0x4
 430 0078 53010000 		.4byte	.LASF10
 431 007c 02       		.byte	0x2
 432 007d E501     		.2byte	0x1e5
ARM GAS  C:\Users\TERENC~1\AppData\Local\Temp\cciYcMcH.s 			page 15


 433 007f 3A000000 		.4byte	0x3a
 434 0083 04       		.uleb128 0x4
 435 0084 5A010000 		.4byte	.LASF11
 436 0088 02       		.byte	0x2
 437 0089 E601     		.2byte	0x1e6
 438 008b 48000000 		.4byte	0x48
 439 008f 02       		.uleb128 0x2
 440 0090 04       		.byte	0x4
 441 0091 04       		.byte	0x4
 442 0092 AF000000 		.4byte	.LASF12
 443 0096 02       		.uleb128 0x2
 444 0097 08       		.byte	0x8
 445 0098 04       		.byte	0x4
 446 0099 22010000 		.4byte	.LASF13
 447 009d 02       		.uleb128 0x2
 448 009e 01       		.byte	0x1
 449 009f 08       		.byte	0x8
 450 00a0 E4020000 		.4byte	.LASF14
 451 00a4 05       		.uleb128 0x5
 452 00a5 6B000000 		.4byte	0x6b
 453 00a9 02       		.uleb128 0x2
 454 00aa 08       		.byte	0x8
 455 00ab 04       		.byte	0x4
 456 00ac E9020000 		.4byte	.LASF15
 457 00b0 02       		.uleb128 0x2
 458 00b1 04       		.byte	0x4
 459 00b2 07       		.byte	0x7
 460 00b3 52020000 		.4byte	.LASF16
 461 00b7 06       		.uleb128 0x6
 462 00b8 04       		.byte	0x4
 463 00b9 03       		.byte	0x3
 464 00ba AC       		.byte	0xac
 465 00bb D8000000 		.4byte	0xd8
 466 00bf 07       		.uleb128 0x7
 467 00c0 90000000 		.4byte	.LASF17
 468 00c4 03       		.byte	0x3
 469 00c5 AE       		.byte	0xae
 470 00c6 6B000000 		.4byte	0x6b
 471 00ca 00       		.byte	0
 472 00cb 07       		.uleb128 0x7
 473 00cc 01030000 		.4byte	.LASF18
 474 00d0 03       		.byte	0x3
 475 00d1 AF       		.byte	0xaf
 476 00d2 77000000 		.4byte	0x77
 477 00d6 02       		.byte	0x2
 478 00d7 00       		.byte	0
 479 00d8 08       		.uleb128 0x8
 480 00d9 D2000000 		.4byte	.LASF19
 481 00dd 03       		.byte	0x3
 482 00de B0       		.byte	0xb0
 483 00df B7000000 		.4byte	0xb7
 484 00e3 06       		.uleb128 0x6
 485 00e4 0C       		.byte	0xc
 486 00e5 03       		.byte	0x3
 487 00e6 B2       		.byte	0xb2
 488 00e7 10010000 		.4byte	0x110
 489 00eb 07       		.uleb128 0x7
ARM GAS  C:\Users\TERENC~1\AppData\Local\Temp\cciYcMcH.s 			page 16


 490 00ec 5A000000 		.4byte	.LASF20
 491 00f0 03       		.byte	0x3
 492 00f1 B4       		.byte	0xb4
 493 00f2 77000000 		.4byte	0x77
 494 00f6 00       		.byte	0
 495 00f7 07       		.uleb128 0x7
 496 00f8 97000000 		.4byte	.LASF21
 497 00fc 03       		.byte	0x3
 498 00fd B5       		.byte	0xb5
 499 00fe 10010000 		.4byte	0x110
 500 0102 04       		.byte	0x4
 501 0103 07       		.uleb128 0x7
 502 0104 25000000 		.4byte	.LASF22
 503 0108 03       		.byte	0x3
 504 0109 B6       		.byte	0xb6
 505 010a 16010000 		.4byte	0x116
 506 010e 08       		.byte	0x8
 507 010f 00       		.byte	0
 508 0110 09       		.uleb128 0x9
 509 0111 04       		.byte	0x4
 510 0112 A4000000 		.4byte	0xa4
 511 0116 09       		.uleb128 0x9
 512 0117 04       		.byte	0x4
 513 0118 D8000000 		.4byte	0xd8
 514 011c 08       		.uleb128 0x8
 515 011d A4000000 		.4byte	.LASF23
 516 0121 03       		.byte	0x3
 517 0122 B7       		.byte	0xb7
 518 0123 E3000000 		.4byte	0xe3
 519 0127 06       		.uleb128 0x6
 520 0128 20       		.byte	0x20
 521 0129 03       		.byte	0x3
 522 012a CD       		.byte	0xcd
 523 012b 3C010000 		.4byte	0x13c
 524 012f 07       		.uleb128 0x7
 525 0130 9D000000 		.4byte	.LASF24
 526 0134 03       		.byte	0x3
 527 0135 CF       		.byte	0xcf
 528 0136 3C010000 		.4byte	0x13c
 529 013a 00       		.byte	0
 530 013b 00       		.byte	0
 531 013c 0A       		.uleb128 0xa
 532 013d 83000000 		.4byte	0x83
 533 0141 4C010000 		.4byte	0x14c
 534 0145 0B       		.uleb128 0xb
 535 0146 B0000000 		.4byte	0xb0
 536 014a 07       		.byte	0x7
 537 014b 00       		.byte	0
 538 014c 08       		.uleb128 0x8
 539 014d 0C010000 		.4byte	.LASF25
 540 0151 03       		.byte	0x3
 541 0152 D0       		.byte	0xd0
 542 0153 27010000 		.4byte	0x127
 543 0157 0C       		.uleb128 0xc
 544 0158 73000000 		.4byte	.LASF43
 545 015c 01       		.byte	0x1
 546 015d 5F       		.byte	0x5f
ARM GAS  C:\Users\TERENC~1\AppData\Local\Temp\cciYcMcH.s 			page 17


 547 015e 6B000000 		.4byte	0x6b
 548 0162 00000000 		.4byte	.LFB161
 549 0166 88010000 		.4byte	.LFE161-.LFB161
 550 016a 01       		.uleb128 0x1
 551 016b 9C       		.byte	0x9c
 552 016c 07020000 		.4byte	0x207
 553 0170 0D       		.uleb128 0xd
 554 0171 B5020000 		.4byte	.LASF26
 555 0175 01       		.byte	0x1
 556 0176 61       		.byte	0x61
 557 0177 6B000000 		.4byte	0x6b
 558 017b 00000000 		.4byte	.LLST0
 559 017f 0D       		.uleb128 0xd
 560 0180 03010000 		.4byte	.LASF27
 561 0184 01       		.byte	0x1
 562 0185 63       		.byte	0x63
 563 0186 6B000000 		.4byte	0x6b
 564 018a 05010000 		.4byte	.LLST1
 565 018e 0D       		.uleb128 0xd
 566 018f B5000000 		.4byte	.LASF28
 567 0193 01       		.byte	0x1
 568 0194 65       		.byte	0x65
 569 0195 6B000000 		.4byte	0x6b
 570 0199 86010000 		.4byte	.LLST2
 571 019d 0D       		.uleb128 0xd
 572 019e AC020000 		.4byte	.LASF29
 573 01a2 01       		.byte	0x1
 574 01a3 66       		.byte	0x66
 575 01a4 6B000000 		.4byte	0x6b
 576 01a8 99010000 		.4byte	.LLST3
 577 01ac 0E       		.uleb128 0xe
 578 01ad 42000000 		.4byte	.LVL6
 579 01b1 CD020000 		.4byte	0x2cd
 580 01b5 0E       		.uleb128 0xe
 581 01b6 78000000 		.4byte	.LVL9
 582 01ba CD020000 		.4byte	0x2cd
 583 01be 0E       		.uleb128 0xe
 584 01bf 8C000000 		.4byte	.LVL12
 585 01c3 CD020000 		.4byte	0x2cd
 586 01c7 0E       		.uleb128 0xe
 587 01c8 A0000000 		.4byte	.LVL15
 588 01cc CD020000 		.4byte	0x2cd
 589 01d0 0E       		.uleb128 0xe
 590 01d1 B6000000 		.4byte	.LVL18
 591 01d5 CD020000 		.4byte	0x2cd
 592 01d9 0E       		.uleb128 0xe
 593 01da CC000000 		.4byte	.LVL21
 594 01de CD020000 		.4byte	0x2cd
 595 01e2 0E       		.uleb128 0xe
 596 01e3 D8000000 		.4byte	.LVL24
 597 01e7 D8020000 		.4byte	0x2d8
 598 01eb 0E       		.uleb128 0xe
 599 01ec 02010000 		.4byte	.LVL27
 600 01f0 D8020000 		.4byte	0x2d8
 601 01f4 0E       		.uleb128 0xe
 602 01f5 20010000 		.4byte	.LVL30
 603 01f9 D8020000 		.4byte	0x2d8
ARM GAS  C:\Users\TERENC~1\AppData\Local\Temp\cciYcMcH.s 			page 18


 604 01fd 0E       		.uleb128 0xe
 605 01fe 34010000 		.4byte	.LVL33
 606 0202 D8020000 		.4byte	0x2d8
 607 0206 00       		.byte	0
 608 0207 0A       		.uleb128 0xa
 609 0208 A4000000 		.4byte	0xa4
 610 020c 1D020000 		.4byte	0x21d
 611 0210 0B       		.uleb128 0xb
 612 0211 B0000000 		.4byte	0xb0
 613 0215 08       		.byte	0x8
 614 0216 0B       		.uleb128 0xb
 615 0217 B0000000 		.4byte	0xb0
 616 021b 02       		.byte	0x2
 617 021c 00       		.byte	0
 618 021d 0F       		.uleb128 0xf
 619 021e 80010000 		.4byte	.LASF30
 620 0222 01       		.byte	0x1
 621 0223 2A       		.byte	0x2a
 622 0224 2E020000 		.4byte	0x22e
 623 0228 05       		.uleb128 0x5
 624 0229 03       		.byte	0x3
 625 022a 00000000 		.4byte	USBFS_currentSampleFrequency
 626 022e 05       		.uleb128 0x5
 627 022f 07020000 		.4byte	0x207
 628 0233 0F       		.uleb128 0xf
 629 0234 C4020000 		.4byte	.LASF31
 630 0238 01       		.byte	0x1
 631 0239 32       		.byte	0x32
 632 023a A4000000 		.4byte	0xa4
 633 023e 05       		.uleb128 0x5
 634 023f 03       		.byte	0x3
 635 0240 00000000 		.4byte	USBFS_frequencyChanged
 636 0244 0F       		.uleb128 0xf
 637 0245 69020000 		.4byte	.LASF32
 638 0249 01       		.byte	0x1
 639 024a 34       		.byte	0x34
 640 024b A4000000 		.4byte	0xa4
 641 024f 05       		.uleb128 0x5
 642 0250 03       		.byte	0x3
 643 0251 00000000 		.4byte	USBFS_currentMute
 644 0255 0A       		.uleb128 0xa
 645 0256 A4000000 		.4byte	0xa4
 646 025a 65020000 		.4byte	0x265
 647 025e 0B       		.uleb128 0xb
 648 025f B0000000 		.4byte	0xb0
 649 0263 01       		.byte	0x1
 650 0264 00       		.byte	0
 651 0265 0F       		.uleb128 0xf
 652 0266 32000000 		.4byte	.LASF33
 653 026a 01       		.byte	0x1
 654 026b 36       		.byte	0x36
 655 026c 76020000 		.4byte	0x276
 656 0270 05       		.uleb128 0x5
 657 0271 03       		.byte	0x3
 658 0272 00000000 		.4byte	USBFS_currentVolume
 659 0276 05       		.uleb128 0x5
 660 0277 55020000 		.4byte	0x255
ARM GAS  C:\Users\TERENC~1\AppData\Local\Temp\cciYcMcH.s 			page 19


 661 027b 0F       		.uleb128 0xf
 662 027c 46000000 		.4byte	.LASF34
 663 0280 01       		.byte	0x1
 664 0281 37       		.byte	0x37
 665 0282 8C020000 		.4byte	0x28c
 666 0286 05       		.uleb128 0x5
 667 0287 03       		.byte	0x3
 668 0288 00000000 		.4byte	USBFS_minimumVolume
 669 028c 05       		.uleb128 0x5
 670 028d 55020000 		.4byte	0x255
 671 0291 0F       		.uleb128 0xf
 672 0292 3F010000 		.4byte	.LASF35
 673 0296 01       		.byte	0x1
 674 0297 39       		.byte	0x39
 675 0298 A2020000 		.4byte	0x2a2
 676 029c 05       		.uleb128 0x5
 677 029d 03       		.byte	0x3
 678 029e 00000000 		.4byte	USBFS_maximumVolume
 679 02a2 05       		.uleb128 0x5
 680 02a3 55020000 		.4byte	0x255
 681 02a7 0F       		.uleb128 0xf
 682 02a8 EC000000 		.4byte	.LASF36
 683 02ac 01       		.byte	0x1
 684 02ad 3B       		.byte	0x3b
 685 02ae B8020000 		.4byte	0x2b8
 686 02b2 05       		.uleb128 0x5
 687 02b3 03       		.byte	0x3
 688 02b4 00000000 		.4byte	USBFS_resolutionVolume
 689 02b8 05       		.uleb128 0x5
 690 02b9 55020000 		.4byte	0x255
 691 02bd 10       		.uleb128 0x10
 692 02be B4010000 		.4byte	.LASF37
 693 02c2 04       		.byte	0x4
 694 02c3 81       		.byte	0x81
 695 02c4 C8020000 		.4byte	0x2c8
 696 02c8 05       		.uleb128 0x5
 697 02c9 1C010000 		.4byte	0x11c
 698 02cd 11       		.uleb128 0x11
 699 02ce 29010000 		.4byte	.LASF38
 700 02d2 29010000 		.4byte	.LASF38
 701 02d6 04       		.byte	0x4
 702 02d7 B0       		.byte	0xb0
 703 02d8 11       		.uleb128 0x11
 704 02d9 08030000 		.4byte	.LASF39
 705 02dd 08030000 		.4byte	.LASF39
 706 02e1 04       		.byte	0x4
 707 02e2 B5       		.byte	0xb5
 708 02e3 00       		.byte	0
 709              		.section	.debug_abbrev,"",%progbits
 710              	.Ldebug_abbrev0:
 711 0000 01       		.uleb128 0x1
 712 0001 11       		.uleb128 0x11
 713 0002 01       		.byte	0x1
 714 0003 25       		.uleb128 0x25
 715 0004 0E       		.uleb128 0xe
 716 0005 13       		.uleb128 0x13
 717 0006 0B       		.uleb128 0xb
ARM GAS  C:\Users\TERENC~1\AppData\Local\Temp\cciYcMcH.s 			page 20


 718 0007 03       		.uleb128 0x3
 719 0008 0E       		.uleb128 0xe
 720 0009 1B       		.uleb128 0x1b
 721 000a 0E       		.uleb128 0xe
 722 000b 55       		.uleb128 0x55
 723 000c 17       		.uleb128 0x17
 724 000d 11       		.uleb128 0x11
 725 000e 01       		.uleb128 0x1
 726 000f 10       		.uleb128 0x10
 727 0010 17       		.uleb128 0x17
 728 0011 00       		.byte	0
 729 0012 00       		.byte	0
 730 0013 02       		.uleb128 0x2
 731 0014 24       		.uleb128 0x24
 732 0015 00       		.byte	0
 733 0016 0B       		.uleb128 0xb
 734 0017 0B       		.uleb128 0xb
 735 0018 3E       		.uleb128 0x3e
 736 0019 0B       		.uleb128 0xb
 737 001a 03       		.uleb128 0x3
 738 001b 0E       		.uleb128 0xe
 739 001c 00       		.byte	0
 740 001d 00       		.byte	0
 741 001e 03       		.uleb128 0x3
 742 001f 24       		.uleb128 0x24
 743 0020 00       		.byte	0
 744 0021 0B       		.uleb128 0xb
 745 0022 0B       		.uleb128 0xb
 746 0023 3E       		.uleb128 0x3e
 747 0024 0B       		.uleb128 0xb
 748 0025 03       		.uleb128 0x3
 749 0026 08       		.uleb128 0x8
 750 0027 00       		.byte	0
 751 0028 00       		.byte	0
 752 0029 04       		.uleb128 0x4
 753 002a 16       		.uleb128 0x16
 754 002b 00       		.byte	0
 755 002c 03       		.uleb128 0x3
 756 002d 0E       		.uleb128 0xe
 757 002e 3A       		.uleb128 0x3a
 758 002f 0B       		.uleb128 0xb
 759 0030 3B       		.uleb128 0x3b
 760 0031 05       		.uleb128 0x5
 761 0032 49       		.uleb128 0x49
 762 0033 13       		.uleb128 0x13
 763 0034 00       		.byte	0
 764 0035 00       		.byte	0
 765 0036 05       		.uleb128 0x5
 766 0037 35       		.uleb128 0x35
 767 0038 00       		.byte	0
 768 0039 49       		.uleb128 0x49
 769 003a 13       		.uleb128 0x13
 770 003b 00       		.byte	0
 771 003c 00       		.byte	0
 772 003d 06       		.uleb128 0x6
 773 003e 13       		.uleb128 0x13
 774 003f 01       		.byte	0x1
ARM GAS  C:\Users\TERENC~1\AppData\Local\Temp\cciYcMcH.s 			page 21


 775 0040 0B       		.uleb128 0xb
 776 0041 0B       		.uleb128 0xb
 777 0042 3A       		.uleb128 0x3a
 778 0043 0B       		.uleb128 0xb
 779 0044 3B       		.uleb128 0x3b
 780 0045 0B       		.uleb128 0xb
 781 0046 01       		.uleb128 0x1
 782 0047 13       		.uleb128 0x13
 783 0048 00       		.byte	0
 784 0049 00       		.byte	0
 785 004a 07       		.uleb128 0x7
 786 004b 0D       		.uleb128 0xd
 787 004c 00       		.byte	0
 788 004d 03       		.uleb128 0x3
 789 004e 0E       		.uleb128 0xe
 790 004f 3A       		.uleb128 0x3a
 791 0050 0B       		.uleb128 0xb
 792 0051 3B       		.uleb128 0x3b
 793 0052 0B       		.uleb128 0xb
 794 0053 49       		.uleb128 0x49
 795 0054 13       		.uleb128 0x13
 796 0055 38       		.uleb128 0x38
 797 0056 0B       		.uleb128 0xb
 798 0057 00       		.byte	0
 799 0058 00       		.byte	0
 800 0059 08       		.uleb128 0x8
 801 005a 16       		.uleb128 0x16
 802 005b 00       		.byte	0
 803 005c 03       		.uleb128 0x3
 804 005d 0E       		.uleb128 0xe
 805 005e 3A       		.uleb128 0x3a
 806 005f 0B       		.uleb128 0xb
 807 0060 3B       		.uleb128 0x3b
 808 0061 0B       		.uleb128 0xb
 809 0062 49       		.uleb128 0x49
 810 0063 13       		.uleb128 0x13
 811 0064 00       		.byte	0
 812 0065 00       		.byte	0
 813 0066 09       		.uleb128 0x9
 814 0067 0F       		.uleb128 0xf
 815 0068 00       		.byte	0
 816 0069 0B       		.uleb128 0xb
 817 006a 0B       		.uleb128 0xb
 818 006b 49       		.uleb128 0x49
 819 006c 13       		.uleb128 0x13
 820 006d 00       		.byte	0
 821 006e 00       		.byte	0
 822 006f 0A       		.uleb128 0xa
 823 0070 01       		.uleb128 0x1
 824 0071 01       		.byte	0x1
 825 0072 49       		.uleb128 0x49
 826 0073 13       		.uleb128 0x13
 827 0074 01       		.uleb128 0x1
 828 0075 13       		.uleb128 0x13
 829 0076 00       		.byte	0
 830 0077 00       		.byte	0
 831 0078 0B       		.uleb128 0xb
ARM GAS  C:\Users\TERENC~1\AppData\Local\Temp\cciYcMcH.s 			page 22


 832 0079 21       		.uleb128 0x21
 833 007a 00       		.byte	0
 834 007b 49       		.uleb128 0x49
 835 007c 13       		.uleb128 0x13
 836 007d 2F       		.uleb128 0x2f
 837 007e 0B       		.uleb128 0xb
 838 007f 00       		.byte	0
 839 0080 00       		.byte	0
 840 0081 0C       		.uleb128 0xc
 841 0082 2E       		.uleb128 0x2e
 842 0083 01       		.byte	0x1
 843 0084 3F       		.uleb128 0x3f
 844 0085 19       		.uleb128 0x19
 845 0086 03       		.uleb128 0x3
 846 0087 0E       		.uleb128 0xe
 847 0088 3A       		.uleb128 0x3a
 848 0089 0B       		.uleb128 0xb
 849 008a 3B       		.uleb128 0x3b
 850 008b 0B       		.uleb128 0xb
 851 008c 27       		.uleb128 0x27
 852 008d 19       		.uleb128 0x19
 853 008e 49       		.uleb128 0x49
 854 008f 13       		.uleb128 0x13
 855 0090 11       		.uleb128 0x11
 856 0091 01       		.uleb128 0x1
 857 0092 12       		.uleb128 0x12
 858 0093 06       		.uleb128 0x6
 859 0094 40       		.uleb128 0x40
 860 0095 18       		.uleb128 0x18
 861 0096 9742     		.uleb128 0x2117
 862 0098 19       		.uleb128 0x19
 863 0099 01       		.uleb128 0x1
 864 009a 13       		.uleb128 0x13
 865 009b 00       		.byte	0
 866 009c 00       		.byte	0
 867 009d 0D       		.uleb128 0xd
 868 009e 34       		.uleb128 0x34
 869 009f 00       		.byte	0
 870 00a0 03       		.uleb128 0x3
 871 00a1 0E       		.uleb128 0xe
 872 00a2 3A       		.uleb128 0x3a
 873 00a3 0B       		.uleb128 0xb
 874 00a4 3B       		.uleb128 0x3b
 875 00a5 0B       		.uleb128 0xb
 876 00a6 49       		.uleb128 0x49
 877 00a7 13       		.uleb128 0x13
 878 00a8 02       		.uleb128 0x2
 879 00a9 17       		.uleb128 0x17
 880 00aa 00       		.byte	0
 881 00ab 00       		.byte	0
 882 00ac 0E       		.uleb128 0xe
 883 00ad 898201   		.uleb128 0x4109
 884 00b0 00       		.byte	0
 885 00b1 11       		.uleb128 0x11
 886 00b2 01       		.uleb128 0x1
 887 00b3 31       		.uleb128 0x31
 888 00b4 13       		.uleb128 0x13
ARM GAS  C:\Users\TERENC~1\AppData\Local\Temp\cciYcMcH.s 			page 23


 889 00b5 00       		.byte	0
 890 00b6 00       		.byte	0
 891 00b7 0F       		.uleb128 0xf
 892 00b8 34       		.uleb128 0x34
 893 00b9 00       		.byte	0
 894 00ba 03       		.uleb128 0x3
 895 00bb 0E       		.uleb128 0xe
 896 00bc 3A       		.uleb128 0x3a
 897 00bd 0B       		.uleb128 0xb
 898 00be 3B       		.uleb128 0x3b
 899 00bf 0B       		.uleb128 0xb
 900 00c0 49       		.uleb128 0x49
 901 00c1 13       		.uleb128 0x13
 902 00c2 3F       		.uleb128 0x3f
 903 00c3 19       		.uleb128 0x19
 904 00c4 02       		.uleb128 0x2
 905 00c5 18       		.uleb128 0x18
 906 00c6 00       		.byte	0
 907 00c7 00       		.byte	0
 908 00c8 10       		.uleb128 0x10
 909 00c9 34       		.uleb128 0x34
 910 00ca 00       		.byte	0
 911 00cb 03       		.uleb128 0x3
 912 00cc 0E       		.uleb128 0xe
 913 00cd 3A       		.uleb128 0x3a
 914 00ce 0B       		.uleb128 0xb
 915 00cf 3B       		.uleb128 0x3b
 916 00d0 0B       		.uleb128 0xb
 917 00d1 49       		.uleb128 0x49
 918 00d2 13       		.uleb128 0x13
 919 00d3 3F       		.uleb128 0x3f
 920 00d4 19       		.uleb128 0x19
 921 00d5 3C       		.uleb128 0x3c
 922 00d6 19       		.uleb128 0x19
 923 00d7 00       		.byte	0
 924 00d8 00       		.byte	0
 925 00d9 11       		.uleb128 0x11
 926 00da 2E       		.uleb128 0x2e
 927 00db 00       		.byte	0
 928 00dc 3F       		.uleb128 0x3f
 929 00dd 19       		.uleb128 0x19
 930 00de 3C       		.uleb128 0x3c
 931 00df 19       		.uleb128 0x19
 932 00e0 6E       		.uleb128 0x6e
 933 00e1 0E       		.uleb128 0xe
 934 00e2 03       		.uleb128 0x3
 935 00e3 0E       		.uleb128 0xe
 936 00e4 3A       		.uleb128 0x3a
 937 00e5 0B       		.uleb128 0xb
 938 00e6 3B       		.uleb128 0x3b
 939 00e7 0B       		.uleb128 0xb
 940 00e8 00       		.byte	0
 941 00e9 00       		.byte	0
 942 00ea 00       		.byte	0
 943              		.section	.debug_loc,"",%progbits
 944              	.Ldebug_loc0:
 945              	.LLST0:
ARM GAS  C:\Users\TERENC~1\AppData\Local\Temp\cciYcMcH.s 			page 24


 946 0000 02000000 		.4byte	.LVL0
 947 0004 42000000 		.4byte	.LVL6
 948 0008 0200     		.2byte	0x2
 949 000a 30       		.byte	0x30
 950 000b 9F       		.byte	0x9f
 951 000c 42000000 		.4byte	.LVL6
 952 0010 44000000 		.4byte	.LVL7
 953 0014 0100     		.2byte	0x1
 954 0016 50       		.byte	0x50
 955 0017 44000000 		.4byte	.LVL7
 956 001b 78000000 		.4byte	.LVL9
 957 001f 0200     		.2byte	0x2
 958 0021 30       		.byte	0x30
 959 0022 9F       		.byte	0x9f
 960 0023 78000000 		.4byte	.LVL9
 961 0027 7A000000 		.4byte	.LVL10
 962 002b 0100     		.2byte	0x1
 963 002d 50       		.byte	0x50
 964 002e 7A000000 		.4byte	.LVL10
 965 0032 8C000000 		.4byte	.LVL12
 966 0036 0200     		.2byte	0x2
 967 0038 30       		.byte	0x30
 968 0039 9F       		.byte	0x9f
 969 003a 8C000000 		.4byte	.LVL12
 970 003e 8E000000 		.4byte	.LVL13
 971 0042 0100     		.2byte	0x1
 972 0044 50       		.byte	0x50
 973 0045 8E000000 		.4byte	.LVL13
 974 0049 A0000000 		.4byte	.LVL15
 975 004d 0200     		.2byte	0x2
 976 004f 30       		.byte	0x30
 977 0050 9F       		.byte	0x9f
 978 0051 A0000000 		.4byte	.LVL15
 979 0055 A2000000 		.4byte	.LVL16
 980 0059 0100     		.2byte	0x1
 981 005b 50       		.byte	0x50
 982 005c A2000000 		.4byte	.LVL16
 983 0060 B6000000 		.4byte	.LVL18
 984 0064 0200     		.2byte	0x2
 985 0066 30       		.byte	0x30
 986 0067 9F       		.byte	0x9f
 987 0068 B6000000 		.4byte	.LVL18
 988 006c B8000000 		.4byte	.LVL19
 989 0070 0100     		.2byte	0x1
 990 0072 50       		.byte	0x50
 991 0073 B8000000 		.4byte	.LVL19
 992 0077 CC000000 		.4byte	.LVL21
 993 007b 0200     		.2byte	0x2
 994 007d 30       		.byte	0x30
 995 007e 9F       		.byte	0x9f
 996 007f CC000000 		.4byte	.LVL21
 997 0083 CE000000 		.4byte	.LVL22
 998 0087 0100     		.2byte	0x1
 999 0089 50       		.byte	0x50
 1000 008a CE000000 		.4byte	.LVL22
 1001 008e D8000000 		.4byte	.LVL24
 1002 0092 0200     		.2byte	0x2
ARM GAS  C:\Users\TERENC~1\AppData\Local\Temp\cciYcMcH.s 			page 25


 1003 0094 30       		.byte	0x30
 1004 0095 9F       		.byte	0x9f
 1005 0096 D8000000 		.4byte	.LVL24
 1006 009a DA000000 		.4byte	.LVL25
 1007 009e 0100     		.2byte	0x1
 1008 00a0 50       		.byte	0x50
 1009 00a1 DA000000 		.4byte	.LVL25
 1010 00a5 02010000 		.4byte	.LVL27
 1011 00a9 0200     		.2byte	0x2
 1012 00ab 30       		.byte	0x30
 1013 00ac 9F       		.byte	0x9f
 1014 00ad 02010000 		.4byte	.LVL27
 1015 00b1 04010000 		.4byte	.LVL28
 1016 00b5 0100     		.2byte	0x1
 1017 00b7 50       		.byte	0x50
 1018 00b8 04010000 		.4byte	.LVL28
 1019 00bc 20010000 		.4byte	.LVL30
 1020 00c0 0200     		.2byte	0x2
 1021 00c2 30       		.byte	0x30
 1022 00c3 9F       		.byte	0x9f
 1023 00c4 20010000 		.4byte	.LVL30
 1024 00c8 22010000 		.4byte	.LVL31
 1025 00cc 0100     		.2byte	0x1
 1026 00ce 50       		.byte	0x50
 1027 00cf 22010000 		.4byte	.LVL31
 1028 00d3 34010000 		.4byte	.LVL33
 1029 00d7 0200     		.2byte	0x2
 1030 00d9 30       		.byte	0x30
 1031 00da 9F       		.byte	0x9f
 1032 00db 34010000 		.4byte	.LVL33
 1033 00df 36010000 		.4byte	.LVL34
 1034 00e3 0100     		.2byte	0x1
 1035 00e5 50       		.byte	0x50
 1036 00e6 36010000 		.4byte	.LVL34
 1037 00ea 68010000 		.4byte	.LVL35
 1038 00ee 0200     		.2byte	0x2
 1039 00f0 30       		.byte	0x30
 1040 00f1 9F       		.byte	0x9f
 1041 00f2 68010000 		.4byte	.LVL35
 1042 00f6 88010000 		.4byte	.LFE161
 1043 00fa 0100     		.2byte	0x1
 1044 00fc 50       		.byte	0x50
 1045 00fd 00000000 		.4byte	0
 1046 0101 00000000 		.4byte	0
 1047              	.LLST1:
 1048 0105 0A000000 		.4byte	.LVL1
 1049 0109 30000000 		.4byte	.LVL4
 1050 010d 0100     		.2byte	0x1
 1051 010f 52       		.byte	0x52
 1052 0110 44000000 		.4byte	.LVL7
 1053 0114 6E000000 		.4byte	.LVL8
 1054 0118 0100     		.2byte	0x1
 1055 011a 52       		.byte	0x52
 1056 011b 7A000000 		.4byte	.LVL10
 1057 011f 82000000 		.4byte	.LVL11
 1058 0123 0100     		.2byte	0x1
 1059 0125 52       		.byte	0x52
ARM GAS  C:\Users\TERENC~1\AppData\Local\Temp\cciYcMcH.s 			page 26


 1060 0126 8E000000 		.4byte	.LVL13
 1061 012a 96000000 		.4byte	.LVL14
 1062 012e 0100     		.2byte	0x1
 1063 0130 52       		.byte	0x52
 1064 0131 A2000000 		.4byte	.LVL16
 1065 0135 A8000000 		.4byte	.LVL17
 1066 0139 0100     		.2byte	0x1
 1067 013b 52       		.byte	0x52
 1068 013c B8000000 		.4byte	.LVL19
 1069 0140 BE000000 		.4byte	.LVL20
 1070 0144 0100     		.2byte	0x1
 1071 0146 52       		.byte	0x52
 1072 0147 CE000000 		.4byte	.LVL22
 1073 014b D0000000 		.4byte	.LVL23
 1074 014f 0100     		.2byte	0x1
 1075 0151 52       		.byte	0x52
 1076 0152 DA000000 		.4byte	.LVL25
 1077 0156 F6000000 		.4byte	.LVL26
 1078 015a 0100     		.2byte	0x1
 1079 015c 52       		.byte	0x52
 1080 015d 04010000 		.4byte	.LVL28
 1081 0161 1A010000 		.4byte	.LVL29
 1082 0165 0100     		.2byte	0x1
 1083 0167 52       		.byte	0x52
 1084 0168 22010000 		.4byte	.LVL31
 1085 016c 2A010000 		.4byte	.LVL32
 1086 0170 0100     		.2byte	0x1
 1087 0172 52       		.byte	0x52
 1088 0173 36010000 		.4byte	.LVL34
 1089 0177 68010000 		.4byte	.LVL35
 1090 017b 0100     		.2byte	0x1
 1091 017d 52       		.byte	0x52
 1092 017e 00000000 		.4byte	0
 1093 0182 00000000 		.4byte	0
 1094              	.LLST2:
 1095 0186 0E000000 		.4byte	.LVL2
 1096 018a 68010000 		.4byte	.LVL36
 1097 018e 0100     		.2byte	0x1
 1098 0190 54       		.byte	0x54
 1099 0191 00000000 		.4byte	0
 1100 0195 00000000 		.4byte	0
 1101              	.LLST3:
 1102 0199 14000000 		.4byte	.LVL3
 1103 019d 38000000 		.4byte	.LVL5
 1104 01a1 0100     		.2byte	0x1
 1105 01a3 51       		.byte	0x51
 1106 01a4 44000000 		.4byte	.LVL7
 1107 01a8 77000000 		.4byte	.LVL9-1
 1108 01ac 0100     		.2byte	0x1
 1109 01ae 51       		.byte	0x51
 1110 01af 7A000000 		.4byte	.LVL10
 1111 01b3 8B000000 		.4byte	.LVL12-1
 1112 01b7 0100     		.2byte	0x1
 1113 01b9 51       		.byte	0x51
 1114 01ba 8E000000 		.4byte	.LVL13
 1115 01be 9F000000 		.4byte	.LVL15-1
 1116 01c2 0100     		.2byte	0x1
ARM GAS  C:\Users\TERENC~1\AppData\Local\Temp\cciYcMcH.s 			page 27


 1117 01c4 51       		.byte	0x51
 1118 01c5 A2000000 		.4byte	.LVL16
 1119 01c9 B5000000 		.4byte	.LVL18-1
 1120 01cd 0100     		.2byte	0x1
 1121 01cf 51       		.byte	0x51
 1122 01d0 B8000000 		.4byte	.LVL19
 1123 01d4 CB000000 		.4byte	.LVL21-1
 1124 01d8 0100     		.2byte	0x1
 1125 01da 51       		.byte	0x51
 1126 01db CE000000 		.4byte	.LVL22
 1127 01df D7000000 		.4byte	.LVL24-1
 1128 01e3 0100     		.2byte	0x1
 1129 01e5 51       		.byte	0x51
 1130 01e6 DA000000 		.4byte	.LVL25
 1131 01ea 01010000 		.4byte	.LVL27-1
 1132 01ee 0100     		.2byte	0x1
 1133 01f0 51       		.byte	0x51
 1134 01f1 04010000 		.4byte	.LVL28
 1135 01f5 1F010000 		.4byte	.LVL30-1
 1136 01f9 0100     		.2byte	0x1
 1137 01fb 51       		.byte	0x51
 1138 01fc 22010000 		.4byte	.LVL31
 1139 0200 33010000 		.4byte	.LVL33-1
 1140 0204 0100     		.2byte	0x1
 1141 0206 51       		.byte	0x51
 1142 0207 36010000 		.4byte	.LVL34
 1143 020b 68010000 		.4byte	.LVL35
 1144 020f 0100     		.2byte	0x1
 1145 0211 51       		.byte	0x51
 1146 0212 00000000 		.4byte	0
 1147 0216 00000000 		.4byte	0
 1148              		.section	.debug_aranges,"",%progbits
 1149 0000 1C000000 		.4byte	0x1c
 1150 0004 0200     		.2byte	0x2
 1151 0006 00000000 		.4byte	.Ldebug_info0
 1152 000a 04       		.byte	0x4
 1153 000b 00       		.byte	0
 1154 000c 0000     		.2byte	0
 1155 000e 0000     		.2byte	0
 1156 0010 00000000 		.4byte	.LFB161
 1157 0014 88010000 		.4byte	.LFE161-.LFB161
 1158 0018 00000000 		.4byte	0
 1159 001c 00000000 		.4byte	0
 1160              		.section	.debug_ranges,"",%progbits
 1161              	.Ldebug_ranges0:
 1162 0000 00000000 		.4byte	.LFB161
 1163 0004 88010000 		.4byte	.LFE161
 1164 0008 00000000 		.4byte	0
 1165 000c 00000000 		.4byte	0
 1166              		.section	.debug_line,"",%progbits
 1167              	.Ldebug_line0:
 1168 0000 C9000000 		.section	.debug_str,"MS",%progbits,1
 1168      02006200 
 1168      00000201 
 1168      FB0E0D00 
 1168      01010101 
 1169              	.LASF41:
ARM GAS  C:\Users\TERENC~1\AppData\Local\Temp\cciYcMcH.s 			page 28


 1170 0000 47656E65 		.ascii	"Generated_Source\\PSoC4\\USBFS_audio.c\000"
 1170      72617465 
 1170      645F536F 
 1170      75726365 
 1170      5C50536F 
 1171              	.LASF22:
 1172 0025 70537461 		.ascii	"pStatusBlock\000"
 1172      74757342 
 1172      6C6F636B 
 1172      00
 1173              	.LASF33:
 1174 0032 55534246 		.ascii	"USBFS_currentVolume\000"
 1174      535F6375 
 1174      7272656E 
 1174      74566F6C 
 1174      756D6500 
 1175              	.LASF34:
 1176 0046 55534246 		.ascii	"USBFS_minimumVolume\000"
 1176      535F6D69 
 1176      6E696D75 
 1176      6D566F6C 
 1176      756D6500 
 1177              	.LASF20:
 1178 005a 636F756E 		.ascii	"count\000"
 1178      7400
 1179              	.LASF3:
 1180 0060 73686F72 		.ascii	"short unsigned int\000"
 1180      7420756E 
 1180      7369676E 
 1180      65642069 
 1180      6E7400
 1181              	.LASF43:
 1182 0073 55534246 		.ascii	"USBFS_DispatchAUDIOClassRqst\000"
 1182      535F4469 
 1182      73706174 
 1182      63684155 
 1182      44494F43 
 1183              	.LASF17:
 1184 0090 73746174 		.ascii	"status\000"
 1184      757300
 1185              	.LASF21:
 1186 0097 70446174 		.ascii	"pData\000"
 1186      6100
 1187              	.LASF24:
 1188 009d 65704461 		.ascii	"epData\000"
 1188      746100
 1189              	.LASF23:
 1190 00a4 545F5553 		.ascii	"T_USBFS_TD\000"
 1190      4246535F 
 1190      544400
 1191              	.LASF12:
 1192 00af 666C6F61 		.ascii	"float\000"
 1192      7400
 1193              	.LASF28:
 1194 00b5 7756616C 		.ascii	"wValueHi\000"
 1194      75654869 
 1194      00
ARM GAS  C:\Users\TERENC~1\AppData\Local\Temp\cciYcMcH.s 			page 29


 1195              	.LASF9:
 1196 00be 75696E74 		.ascii	"uint8\000"
 1196      3800
 1197              	.LASF1:
 1198 00c4 756E7369 		.ascii	"unsigned char\000"
 1198      676E6564 
 1198      20636861 
 1198      7200
 1199              	.LASF19:
 1200 00d2 545F5553 		.ascii	"T_USBFS_XFER_STATUS_BLOCK\000"
 1200      4246535F 
 1200      58464552 
 1200      5F535441 
 1200      5455535F 
 1201              	.LASF36:
 1202 00ec 55534246 		.ascii	"USBFS_resolutionVolume\000"
 1202      535F7265 
 1202      736F6C75 
 1202      74696F6E 
 1202      566F6C75 
 1203              	.LASF27:
 1204 0103 52717374 		.ascii	"RqstRcpt\000"
 1204      52637074 
 1204      00
 1205              	.LASF25:
 1206 010c 55534246 		.ascii	"USBFS_ep0_data_struct\000"
 1206      535F6570 
 1206      305F6461 
 1206      74615F73 
 1206      74727563 
 1207              	.LASF13:
 1208 0122 646F7562 		.ascii	"double\000"
 1208      6C6500
 1209              	.LASF38:
 1210 0129 55534246 		.ascii	"USBFS_InitControlRead\000"
 1210      535F496E 
 1210      6974436F 
 1210      6E74726F 
 1210      6C526561 
 1211              	.LASF35:
 1212 013f 55534246 		.ascii	"USBFS_maximumVolume\000"
 1212      535F6D61 
 1212      78696D75 
 1212      6D566F6C 
 1212      756D6500 
 1213              	.LASF10:
 1214 0153 75696E74 		.ascii	"uint16\000"
 1214      313600
 1215              	.LASF11:
 1216 015a 75696E74 		.ascii	"uint32\000"
 1216      333200
 1217              	.LASF5:
 1218 0161 6C6F6E67 		.ascii	"long unsigned int\000"
 1218      20756E73 
 1218      69676E65 
 1218      6420696E 
 1218      7400
ARM GAS  C:\Users\TERENC~1\AppData\Local\Temp\cciYcMcH.s 			page 30


 1219              	.LASF8:
 1220 0173 756E7369 		.ascii	"unsigned int\000"
 1220      676E6564 
 1220      20696E74 
 1220      00
 1221              	.LASF30:
 1222 0180 55534246 		.ascii	"USBFS_currentSampleFrequency\000"
 1222      535F6375 
 1222      7272656E 
 1222      7453616D 
 1222      706C6546 
 1223              	.LASF7:
 1224 019d 6C6F6E67 		.ascii	"long long unsigned int\000"
 1224      206C6F6E 
 1224      6720756E 
 1224      7369676E 
 1224      65642069 
 1225              	.LASF37:
 1226 01b4 55534246 		.ascii	"USBFS_currentTD\000"
 1226      535F6375 
 1226      7272656E 
 1226      74544400 
 1227              	.LASF40:
 1228 01c4 474E5520 		.ascii	"GNU C11 5.4.1 20160609 (release) [ARM/embedded-5-br"
 1228      43313120 
 1228      352E342E 
 1228      31203230 
 1228      31363036 
 1229 01f7 616E6368 		.ascii	"anch revision 237715] -mcpu=cortex-m0 -mthumb -g -O"
 1229      20726576 
 1229      6973696F 
 1229      6E203233 
 1229      37373135 
 1230 022a 67202D66 		.ascii	"g -ffunction-sections -ffat-lto-objects\000"
 1230      66756E63 
 1230      74696F6E 
 1230      2D736563 
 1230      74696F6E 
 1231              	.LASF16:
 1232 0252 73697A65 		.ascii	"sizetype\000"
 1232      74797065 
 1232      00
 1233              	.LASF6:
 1234 025b 6C6F6E67 		.ascii	"long long int\000"
 1234      206C6F6E 
 1234      6720696E 
 1234      7400
 1235              	.LASF32:
 1236 0269 55534246 		.ascii	"USBFS_currentMute\000"
 1236      535F6375 
 1236      7272656E 
 1236      744D7574 
 1236      6500
 1237              	.LASF42:
 1238 027b 433A5C64 		.ascii	"C:\\dev\\git\\Icebreaker\\Icebreaker.cydsn\000"
 1238      65765C67 
 1238      69745C49 
ARM GAS  C:\Users\TERENC~1\AppData\Local\Temp\cciYcMcH.s 			page 31


 1238      63656272 
 1238      65616B65 
 1239              	.LASF2:
 1240 02a2 73686F72 		.ascii	"short int\000"
 1240      7420696E 
 1240      7400
 1241              	.LASF29:
 1242 02ac 65704E75 		.ascii	"epNumber\000"
 1242      6D626572 
 1242      00
 1243              	.LASF26:
 1244 02b5 72657175 		.ascii	"requestHandled\000"
 1244      65737448 
 1244      616E646C 
 1244      656400
 1245              	.LASF31:
 1246 02c4 55534246 		.ascii	"USBFS_frequencyChanged\000"
 1246      535F6672 
 1246      65717565 
 1246      6E637943 
 1246      68616E67 
 1247              	.LASF4:
 1248 02db 6C6F6E67 		.ascii	"long int\000"
 1248      20696E74 
 1248      00
 1249              	.LASF14:
 1250 02e4 63686172 		.ascii	"char\000"
 1250      00
 1251              	.LASF15:
 1252 02e9 6C6F6E67 		.ascii	"long double\000"
 1252      20646F75 
 1252      626C6500 
 1253              	.LASF0:
 1254 02f5 7369676E 		.ascii	"signed char\000"
 1254      65642063 
 1254      68617200 
 1255              	.LASF18:
 1256 0301 6C656E67 		.ascii	"length\000"
 1256      746800
 1257              	.LASF39:
 1258 0308 55534246 		.ascii	"USBFS_InitControlWrite\000"
 1258      535F496E 
 1258      6974436F 
 1258      6E74726F 
 1258      6C577269 
 1259              		.ident	"GCC: (GNU Tools for ARM Embedded Processors) 5.4.1 20160609 (release) [ARM/embedded-5-bran
