ARM GAS  C:\Users\TERENC~1\AppData\Local\Temp\ccbv3k4D.s 			page 1


   1              		.syntax unified
   2              		.cpu cortex-m0
   3              		.fpu softvfp
   4              		.eabi_attribute 20, 1
   5              		.eabi_attribute 21, 1
   6              		.eabi_attribute 23, 3
   7              		.eabi_attribute 24, 1
   8              		.eabi_attribute 25, 1
   9              		.eabi_attribute 26, 1
  10              		.eabi_attribute 30, 1
  11              		.eabi_attribute 34, 0
  12              		.eabi_attribute 18, 4
  13              		.thumb
  14              		.syntax unified
  15              		.file	"USBFS_ep1_dma.c"
  16              		.text
  17              	.Ltext0:
  18              		.cfi_sections	.debug_frame
  19              		.section	.text.USBFS_ep1_dma_Init,"ax",%progbits
  20              		.align	2
  21              		.global	USBFS_ep1_dma_Init
  22              		.code	16
  23              		.thumb_func
  24              		.type	USBFS_ep1_dma_Init, %function
  25              	USBFS_ep1_dma_Init:
  26              	.LFB33:
  27              		.file 1 "Generated_Source\\PSoC4\\USBFS_ep1_dma.c"
   1:Generated_Source\PSoC4/USBFS_ep1_dma.c **** /*******************************************************************************
   2:Generated_Source\PSoC4/USBFS_ep1_dma.c **** * File Name: USBFS_ep1_dma.h
   3:Generated_Source\PSoC4/USBFS_ep1_dma.c **** * Version 1.0
   4:Generated_Source\PSoC4/USBFS_ep1_dma.c **** *
   5:Generated_Source\PSoC4/USBFS_ep1_dma.c **** * Description:
   6:Generated_Source\PSoC4/USBFS_ep1_dma.c **** *  This file contains all of the channel DMA API functions.
   7:Generated_Source\PSoC4/USBFS_ep1_dma.c **** *
   8:Generated_Source\PSoC4/USBFS_ep1_dma.c **** ********************************************************************************
   9:Generated_Source\PSoC4/USBFS_ep1_dma.c **** * Copyright 2015, Cypress Semiconductor Corporation. All rights reserved.
  10:Generated_Source\PSoC4/USBFS_ep1_dma.c **** * You may use this file only in accordance with the license, terms, conditions,
  11:Generated_Source\PSoC4/USBFS_ep1_dma.c **** * disclaimers, and limitations in the end user license agreement accompanying
  12:Generated_Source\PSoC4/USBFS_ep1_dma.c **** * the software package with which this file was provided.
  13:Generated_Source\PSoC4/USBFS_ep1_dma.c **** *******************************************************************************/
  14:Generated_Source\PSoC4/USBFS_ep1_dma.c **** 
  15:Generated_Source\PSoC4/USBFS_ep1_dma.c **** #include "USBFS_ep1_dma.h"
  16:Generated_Source\PSoC4/USBFS_ep1_dma.c **** 
  17:Generated_Source\PSoC4/USBFS_ep1_dma.c **** uint8 USBFS_ep1_dma_initVar = 0u;
  18:Generated_Source\PSoC4/USBFS_ep1_dma.c **** 
  19:Generated_Source\PSoC4/USBFS_ep1_dma.c **** 
  20:Generated_Source\PSoC4/USBFS_ep1_dma.c **** /*******************************************************************************
  21:Generated_Source\PSoC4/USBFS_ep1_dma.c **** * Function Name: USBFS_ep1_dma_Start
  22:Generated_Source\PSoC4/USBFS_ep1_dma.c **** ********************************************************************************
  23:Generated_Source\PSoC4/USBFS_ep1_dma.c **** *
  24:Generated_Source\PSoC4/USBFS_ep1_dma.c **** * Summary:
  25:Generated_Source\PSoC4/USBFS_ep1_dma.c **** *  Calls Init() to configure the DMA channel based on the customizer settings if
  26:Generated_Source\PSoC4/USBFS_ep1_dma.c **** *  the channel has not been initialized before.
  27:Generated_Source\PSoC4/USBFS_ep1_dma.c **** *  Sets source and destination address, validates descriptor 0 and enables the
  28:Generated_Source\PSoC4/USBFS_ep1_dma.c **** *  channel. After calling this function the DMA channel is active and waiting
  29:Generated_Source\PSoC4/USBFS_ep1_dma.c **** *  for a trigger.
  30:Generated_Source\PSoC4/USBFS_ep1_dma.c **** *
ARM GAS  C:\Users\TERENC~1\AppData\Local\Temp\ccbv3k4D.s 			page 2


  31:Generated_Source\PSoC4/USBFS_ep1_dma.c **** * Parameters:
  32:Generated_Source\PSoC4/USBFS_ep1_dma.c **** *  srcAddress: Address of DMA transfer source for descriptor 0.
  33:Generated_Source\PSoC4/USBFS_ep1_dma.c **** *  dstAddress: Address of DMA transfer destination for descriptor 0.
  34:Generated_Source\PSoC4/USBFS_ep1_dma.c **** *                   
  35:Generated_Source\PSoC4/USBFS_ep1_dma.c **** * Return:
  36:Generated_Source\PSoC4/USBFS_ep1_dma.c **** *  None.
  37:Generated_Source\PSoC4/USBFS_ep1_dma.c **** *
  38:Generated_Source\PSoC4/USBFS_ep1_dma.c **** *******************************************************************************/
  39:Generated_Source\PSoC4/USBFS_ep1_dma.c **** void USBFS_ep1_dma_Start(void * srcAddress, void * dstAddress)
  40:Generated_Source\PSoC4/USBFS_ep1_dma.c **** {
  41:Generated_Source\PSoC4/USBFS_ep1_dma.c ****     if(0u == USBFS_ep1_dma_initVar)
  42:Generated_Source\PSoC4/USBFS_ep1_dma.c ****     {
  43:Generated_Source\PSoC4/USBFS_ep1_dma.c ****         USBFS_ep1_dma_Init();
  44:Generated_Source\PSoC4/USBFS_ep1_dma.c ****         USBFS_ep1_dma_initVar = 1u;
  45:Generated_Source\PSoC4/USBFS_ep1_dma.c ****     }
  46:Generated_Source\PSoC4/USBFS_ep1_dma.c ****     CyDmaEnable();
  47:Generated_Source\PSoC4/USBFS_ep1_dma.c ****     USBFS_ep1_dma_SetSrcAddress(0, srcAddress);
  48:Generated_Source\PSoC4/USBFS_ep1_dma.c ****     USBFS_ep1_dma_SetDstAddress(0, dstAddress);
  49:Generated_Source\PSoC4/USBFS_ep1_dma.c ****     USBFS_ep1_dma_ValidateDescriptor(0);
  50:Generated_Source\PSoC4/USBFS_ep1_dma.c ****     USBFS_ep1_dma_ChEnable();
  51:Generated_Source\PSoC4/USBFS_ep1_dma.c **** }
  52:Generated_Source\PSoC4/USBFS_ep1_dma.c **** 
  53:Generated_Source\PSoC4/USBFS_ep1_dma.c **** 
  54:Generated_Source\PSoC4/USBFS_ep1_dma.c **** /*******************************************************************************
  55:Generated_Source\PSoC4/USBFS_ep1_dma.c **** * Function Name: USBFS_ep1_dma_Init
  56:Generated_Source\PSoC4/USBFS_ep1_dma.c **** ********************************************************************************
  57:Generated_Source\PSoC4/USBFS_ep1_dma.c **** *
  58:Generated_Source\PSoC4/USBFS_ep1_dma.c **** * Summary:
  59:Generated_Source\PSoC4/USBFS_ep1_dma.c **** *  Initializes the DMA channel based on the parameters set in the component
  60:Generated_Source\PSoC4/USBFS_ep1_dma.c **** *  customizer. It is not necessary to call USBFS_ep1_dma_Init() because the
  61:Generated_Source\PSoC4/USBFS_ep1_dma.c **** *  USBFS_ep1_dma_Start() API calls this function, which is the preferred method
  62:Generated_Source\PSoC4/USBFS_ep1_dma.c **** *  to begin component operation.
  63:Generated_Source\PSoC4/USBFS_ep1_dma.c **** *
  64:Generated_Source\PSoC4/USBFS_ep1_dma.c **** * Parameters:
  65:Generated_Source\PSoC4/USBFS_ep1_dma.c **** *  None.
  66:Generated_Source\PSoC4/USBFS_ep1_dma.c **** *                   
  67:Generated_Source\PSoC4/USBFS_ep1_dma.c **** * Return:
  68:Generated_Source\PSoC4/USBFS_ep1_dma.c **** *  None.
  69:Generated_Source\PSoC4/USBFS_ep1_dma.c **** *
  70:Generated_Source\PSoC4/USBFS_ep1_dma.c **** * Side effect:
  71:Generated_Source\PSoC4/USBFS_ep1_dma.c **** *  The first descriptor is set to descriptor 0. This function should not be
  72:Generated_Source\PSoC4/USBFS_ep1_dma.c **** *  called while the channel is enabled. All settings will be reset to their
  73:Generated_Source\PSoC4/USBFS_ep1_dma.c **** *  initial values.
  74:Generated_Source\PSoC4/USBFS_ep1_dma.c **** *
  75:Generated_Source\PSoC4/USBFS_ep1_dma.c **** *******************************************************************************/
  76:Generated_Source\PSoC4/USBFS_ep1_dma.c **** void USBFS_ep1_dma_Init(void)
  77:Generated_Source\PSoC4/USBFS_ep1_dma.c **** {
  28              		.loc 1 77 0
  29              		.cfi_startproc
  30              		@ args = 0, pretend = 0, frame = 0
  31              		@ frame_needed = 0, uses_anonymous_args = 0
  32              		@ link register save eliminated.
  78:Generated_Source\PSoC4/USBFS_ep1_dma.c ****     CYDMA_CH_CTL_BASE.ctl[USBFS_ep1_dma_CHANNEL] = USBFS_ep1_dma_CHANNEL_CFG;
  33              		.loc 1 78 0
  34 0000 0022     		movs	r2, #0
  35 0002 054B     		ldr	r3, .L2
  36 0004 1A62     		str	r2, [r3, #32]
ARM GAS  C:\Users\TERENC~1\AppData\Local\Temp\ccbv3k4D.s 			page 3


  79:Generated_Source\PSoC4/USBFS_ep1_dma.c ****     CYDMA_DESCR_BASE.descriptor[USBFS_ep1_dma_CHANNEL][0].ctl = USBFS_ep1_dma_DESCR0_CFG;
  37              		.loc 1 79 0
  38 0006 054B     		ldr	r3, .L2+4
  39 0008 0548     		ldr	r0, .L2+8
  40 000a 8421     		movs	r1, #132
  41 000c 4900     		lsls	r1, r1, #1
  42 000e 5850     		str	r0, [r3, r1]
  80:Generated_Source\PSoC4/USBFS_ep1_dma.c ****     CYDMA_DESCR_BASE.descriptor[USBFS_ep1_dma_CHANNEL][1].ctl = USBFS_ep1_dma_DESCR1_CFG;
  43              		.loc 1 80 0
  44 0010 1031     		adds	r1, r1, #16
  45 0012 5A50     		str	r2, [r3, r1]
  81:Generated_Source\PSoC4/USBFS_ep1_dma.c **** 
  82:Generated_Source\PSoC4/USBFS_ep1_dma.c ****     /* If the Generate IRQ option is selected for descriptor 0 or 1, set the
  83:Generated_Source\PSoC4/USBFS_ep1_dma.c ****     * channel bit field in the DMA interrupt mask register.
  84:Generated_Source\PSoC4/USBFS_ep1_dma.c ****     */
  85:Generated_Source\PSoC4/USBFS_ep1_dma.c ****     #if (0u != ((USBFS_ep1_dma_DESCR0_CFG | USBFS_ep1_dma_DESCR1_CFG) & CYDMA_GENERATE_IRQ))
  86:Generated_Source\PSoC4/USBFS_ep1_dma.c ****         CYDMA_INTR_MASK_REG |= USBFS_ep1_dma_CHANNEL_MASK;
  87:Generated_Source\PSoC4/USBFS_ep1_dma.c ****     #endif /* (0u != ((USBFS_ep1_dma_DESCR0_CFG | USBFS_ep1_dma_DESCR1_CFG) & CYDMA_GENERATE_IRQ)) 
  88:Generated_Source\PSoC4/USBFS_ep1_dma.c **** }
  46              		.loc 1 88 0
  47              		@ sp needed
  48 0014 7047     		bx	lr
  49              	.L3:
  50 0016 C046     		.align	2
  51              	.L2:
  52 0018 80101040 		.word	1074794624
  53 001c 00181040 		.word	1074796544
  54 0020 00004044 		.word	1145044992
  55              		.cfi_endproc
  56              	.LFE33:
  57              		.size	USBFS_ep1_dma_Init, .-USBFS_ep1_dma_Init
  58              		.section	.text.USBFS_ep1_dma_Start,"ax",%progbits
  59              		.align	2
  60              		.global	USBFS_ep1_dma_Start
  61              		.code	16
  62              		.thumb_func
  63              		.type	USBFS_ep1_dma_Start, %function
  64              	USBFS_ep1_dma_Start:
  65              	.LFB32:
  40:Generated_Source\PSoC4/USBFS_ep1_dma.c ****     if(0u == USBFS_ep1_dma_initVar)
  66              		.loc 1 40 0
  67              		.cfi_startproc
  68              		@ args = 0, pretend = 0, frame = 0
  69              		@ frame_needed = 0, uses_anonymous_args = 0
  70              	.LVL0:
  71 0000 70B5     		push	{r4, r5, r6, lr}
  72              		.cfi_def_cfa_offset 16
  73              		.cfi_offset 4, -16
  74              		.cfi_offset 5, -12
  75              		.cfi_offset 6, -8
  76              		.cfi_offset 14, -4
  77 0002 0500     		movs	r5, r0
  78 0004 0C00     		movs	r4, r1
  41:Generated_Source\PSoC4/USBFS_ep1_dma.c ****     {
  79              		.loc 1 41 0
  80 0006 0E4B     		ldr	r3, .L6
  81 0008 1B78     		ldrb	r3, [r3]
ARM GAS  C:\Users\TERENC~1\AppData\Local\Temp\ccbv3k4D.s 			page 4


  82 000a 002B     		cmp	r3, #0
  83 000c 04D1     		bne	.L5
  43:Generated_Source\PSoC4/USBFS_ep1_dma.c ****         USBFS_ep1_dma_initVar = 1u;
  84              		.loc 1 43 0
  85 000e FFF7FEFF 		bl	USBFS_ep1_dma_Init
  86              	.LVL1:
  44:Generated_Source\PSoC4/USBFS_ep1_dma.c ****     }
  87              		.loc 1 44 0
  88 0012 0122     		movs	r2, #1
  89 0014 0A4B     		ldr	r3, .L6
  90 0016 1A70     		strb	r2, [r3]
  91              	.L5:
  46:Generated_Source\PSoC4/USBFS_ep1_dma.c ****     USBFS_ep1_dma_SetSrcAddress(0, srcAddress);
  92              		.loc 1 46 0
  93 0018 FFF7FEFF 		bl	CyDmaEnable
  94              	.LVL2:
  95              	.LBB10:
  96              	.LBB11:
  97              		.file 2 "Generated_Source\\PSoC4\\USBFS_ep1_dma.h"
   1:Generated_Source\PSoC4/USBFS_ep1_dma.h **** /*******************************************************************************
   2:Generated_Source\PSoC4/USBFS_ep1_dma.h **** * File Name: USBFS_ep1_dma.h
   3:Generated_Source\PSoC4/USBFS_ep1_dma.h **** * Version 1.0
   4:Generated_Source\PSoC4/USBFS_ep1_dma.h **** *
   5:Generated_Source\PSoC4/USBFS_ep1_dma.h **** * Description:
   6:Generated_Source\PSoC4/USBFS_ep1_dma.h **** *  This file provides DMA channel defines and API function definitions.
   7:Generated_Source\PSoC4/USBFS_ep1_dma.h **** *
   8:Generated_Source\PSoC4/USBFS_ep1_dma.h **** ********************************************************************************
   9:Generated_Source\PSoC4/USBFS_ep1_dma.h **** * Copyright 2015, Cypress Semiconductor Corporation. All rights reserved.
  10:Generated_Source\PSoC4/USBFS_ep1_dma.h **** * You may use this file only in accordance with the license, terms, conditions,
  11:Generated_Source\PSoC4/USBFS_ep1_dma.h **** * disclaimers, and limitations in the end user license agreement accompanying
  12:Generated_Source\PSoC4/USBFS_ep1_dma.h **** * the software package with which this file was provided.
  13:Generated_Source\PSoC4/USBFS_ep1_dma.h **** *******************************************************************************/
  14:Generated_Source\PSoC4/USBFS_ep1_dma.h **** 
  15:Generated_Source\PSoC4/USBFS_ep1_dma.h **** #ifndef CY_DMA_CHANNEL_USBFS_ep1_dma_H
  16:Generated_Source\PSoC4/USBFS_ep1_dma.h **** #define CY_DMA_CHANNEL_USBFS_ep1_dma_H
  17:Generated_Source\PSoC4/USBFS_ep1_dma.h **** 
  18:Generated_Source\PSoC4/USBFS_ep1_dma.h **** #include "CyDMA.h"
  19:Generated_Source\PSoC4/USBFS_ep1_dma.h **** 
  20:Generated_Source\PSoC4/USBFS_ep1_dma.h ****     
  21:Generated_Source\PSoC4/USBFS_ep1_dma.h **** /***************************************
  22:Generated_Source\PSoC4/USBFS_ep1_dma.h **** *   Conditional Compilation Parameters
  23:Generated_Source\PSoC4/USBFS_ep1_dma.h **** ***************************************/
  24:Generated_Source\PSoC4/USBFS_ep1_dma.h **** 
  25:Generated_Source\PSoC4/USBFS_ep1_dma.h **** #define USBFS_ep1_dma_CHANNEL           (USBFS_ep1_dma__CHANNEL_NUMBER)
  26:Generated_Source\PSoC4/USBFS_ep1_dma.h **** #define USBFS_ep1_dma_CHANNEL_MASK      ((uint32)(1UL << USBFS_ep1_dma_CHANNEL))
  27:Generated_Source\PSoC4/USBFS_ep1_dma.h **** 
  28:Generated_Source\PSoC4/USBFS_ep1_dma.h **** 
  29:Generated_Source\PSoC4/USBFS_ep1_dma.h **** /***************************************
  30:Generated_Source\PSoC4/USBFS_ep1_dma.h **** *        Function Prototypes
  31:Generated_Source\PSoC4/USBFS_ep1_dma.h **** ***************************************/
  32:Generated_Source\PSoC4/USBFS_ep1_dma.h **** 
  33:Generated_Source\PSoC4/USBFS_ep1_dma.h **** /* Functions specific to this DMA channel */
  34:Generated_Source\PSoC4/USBFS_ep1_dma.h **** void USBFS_ep1_dma_Init(void);
  35:Generated_Source\PSoC4/USBFS_ep1_dma.h **** void USBFS_ep1_dma_Start(void * srcAddress, void * dstAddress);
  36:Generated_Source\PSoC4/USBFS_ep1_dma.h **** 
  37:Generated_Source\PSoC4/USBFS_ep1_dma.h **** /* Inline functions that call global API functions */
  38:Generated_Source\PSoC4/USBFS_ep1_dma.h **** static void   USBFS_ep1_dma_ChEnable(void);
ARM GAS  C:\Users\TERENC~1\AppData\Local\Temp\ccbv3k4D.s 			page 5


  39:Generated_Source\PSoC4/USBFS_ep1_dma.h **** static void   USBFS_ep1_dma_ChDisable(void);
  40:Generated_Source\PSoC4/USBFS_ep1_dma.h **** static void   USBFS_ep1_dma_Trigger(void);
  41:Generated_Source\PSoC4/USBFS_ep1_dma.h **** static void   USBFS_ep1_dma_SetPriority(int32 priority);
  42:Generated_Source\PSoC4/USBFS_ep1_dma.h **** static int32  USBFS_ep1_dma_GetPriority(void);
  43:Generated_Source\PSoC4/USBFS_ep1_dma.h **** static void   USBFS_ep1_dma_SetNextDescriptor(int32 descriptor);
  44:Generated_Source\PSoC4/USBFS_ep1_dma.h **** static int32  USBFS_ep1_dma_GetNextDescriptor(void);
  45:Generated_Source\PSoC4/USBFS_ep1_dma.h **** static void   USBFS_ep1_dma_SetConfiguration(int32 descriptor, const cydma_init_struct * config);
  46:Generated_Source\PSoC4/USBFS_ep1_dma.h **** static void   USBFS_ep1_dma_ValidateDescriptor(int32 descriptor);
  47:Generated_Source\PSoC4/USBFS_ep1_dma.h **** static uint32 USBFS_ep1_dma_GetDescriptorStatus(int32 descriptor);
  48:Generated_Source\PSoC4/USBFS_ep1_dma.h **** static void   USBFS_ep1_dma_SetSrcAddress(int32 descriptor, void * srcAddress);
  49:Generated_Source\PSoC4/USBFS_ep1_dma.h **** static void * USBFS_ep1_dma_GetSrcAddress(int32 descriptor);
  50:Generated_Source\PSoC4/USBFS_ep1_dma.h **** static void   USBFS_ep1_dma_SetDstAddress(int32 descriptor, void * dstAddress);
  51:Generated_Source\PSoC4/USBFS_ep1_dma.h **** static void * USBFS_ep1_dma_GetDstAddress(int32 descriptor);
  52:Generated_Source\PSoC4/USBFS_ep1_dma.h **** static void   USBFS_ep1_dma_SetDataElementSize(int32 descriptor, uint32 dataElementSize);
  53:Generated_Source\PSoC4/USBFS_ep1_dma.h **** static uint32 USBFS_ep1_dma_GetDataElementSize(int32 descriptor);
  54:Generated_Source\PSoC4/USBFS_ep1_dma.h **** static void   USBFS_ep1_dma_SetNumDataElements(int32 descriptor, int32 numDataElements);
  55:Generated_Source\PSoC4/USBFS_ep1_dma.h **** static int32  USBFS_ep1_dma_GetNumDataElements(int32 descriptor);
  56:Generated_Source\PSoC4/USBFS_ep1_dma.h **** static void   USBFS_ep1_dma_SetSrcDstTransferWidth(int32 descriptor, uint32 transferWidth);
  57:Generated_Source\PSoC4/USBFS_ep1_dma.h **** static uint32 USBFS_ep1_dma_GetSrcDstTransferWidth(int32 descriptor);
  58:Generated_Source\PSoC4/USBFS_ep1_dma.h **** static void   USBFS_ep1_dma_SetAddressIncrement(int32 descriptor, uint32 addressIncrement);
  59:Generated_Source\PSoC4/USBFS_ep1_dma.h **** static uint32 USBFS_ep1_dma_GetAddressIncrement(int32 descriptor);
  60:Generated_Source\PSoC4/USBFS_ep1_dma.h **** static void   USBFS_ep1_dma_SetTriggerType(int32 descriptor, uint32 triggerType);
  61:Generated_Source\PSoC4/USBFS_ep1_dma.h **** static uint32 USBFS_ep1_dma_GetTriggerType(int32 descriptor);
  62:Generated_Source\PSoC4/USBFS_ep1_dma.h **** static void   USBFS_ep1_dma_SetTransferMode(int32 descriptor, uint32 transferMode);
  63:Generated_Source\PSoC4/USBFS_ep1_dma.h **** static uint32 USBFS_ep1_dma_GetTransferMode(int32 descriptor);
  64:Generated_Source\PSoC4/USBFS_ep1_dma.h **** static void   USBFS_ep1_dma_SetPreemptable(int32 descriptor, uint32 preemptable);
  65:Generated_Source\PSoC4/USBFS_ep1_dma.h **** static uint32 USBFS_ep1_dma_GetPreemptable(int32 descriptor);
  66:Generated_Source\PSoC4/USBFS_ep1_dma.h **** static void   USBFS_ep1_dma_SetPostCompletionActions(int32 descriptor, uint32 actions);
  67:Generated_Source\PSoC4/USBFS_ep1_dma.h **** static uint32 USBFS_ep1_dma_GetPostCompletionAction(int32 descriptor);
  68:Generated_Source\PSoC4/USBFS_ep1_dma.h **** static cydma_callback_t USBFS_ep1_dma_SetInterruptCallback(cydma_callback_t callback);
  69:Generated_Source\PSoC4/USBFS_ep1_dma.h **** static cydma_callback_t USBFS_ep1_dma_GetInterruptCallback(void);
  70:Generated_Source\PSoC4/USBFS_ep1_dma.h **** 
  71:Generated_Source\PSoC4/USBFS_ep1_dma.h **** 
  72:Generated_Source\PSoC4/USBFS_ep1_dma.h **** /*******************************************************************************
  73:Generated_Source\PSoC4/USBFS_ep1_dma.h **** * Function Name: USBFS_ep1_dma_ChEnable
  74:Generated_Source\PSoC4/USBFS_ep1_dma.h **** ********************************************************************************
  75:Generated_Source\PSoC4/USBFS_ep1_dma.h **** *
  76:Generated_Source\PSoC4/USBFS_ep1_dma.h **** * Summary:
  77:Generated_Source\PSoC4/USBFS_ep1_dma.h **** *  Enables the DMA channel. It is not necessary to call USBFS_ep1_dma_ChEnable()
  78:Generated_Source\PSoC4/USBFS_ep1_dma.h **** *  because the USBFS_ep1_dma_Start() API calls this function, which is the
  79:Generated_Source\PSoC4/USBFS_ep1_dma.h **** *  preferred method to begin the component operation.
  80:Generated_Source\PSoC4/USBFS_ep1_dma.h **** *
  81:Generated_Source\PSoC4/USBFS_ep1_dma.h **** * Parameters:
  82:Generated_Source\PSoC4/USBFS_ep1_dma.h **** *  None.
  83:Generated_Source\PSoC4/USBFS_ep1_dma.h **** *                   
  84:Generated_Source\PSoC4/USBFS_ep1_dma.h **** * Return:
  85:Generated_Source\PSoC4/USBFS_ep1_dma.h **** *  None.
  86:Generated_Source\PSoC4/USBFS_ep1_dma.h **** *
  87:Generated_Source\PSoC4/USBFS_ep1_dma.h **** * Side effect:
  88:Generated_Source\PSoC4/USBFS_ep1_dma.h **** *  If this function is called before USBFS_ep1_dma_Start(), or USBFS_ep1_dma_Init()
  89:Generated_Source\PSoC4/USBFS_ep1_dma.h **** *  or USBFS_ep1_dma_SetConfiguration(), and USBFS_ep1_dma_SetSrcAddress()
  90:Generated_Source\PSoC4/USBFS_ep1_dma.h **** *  and USBFS_ep1_dma_SetDstAddress the operation of the DMA is 
  91:Generated_Source\PSoC4/USBFS_ep1_dma.h **** *  undefined and could result in system data corruption. 
  92:Generated_Source\PSoC4/USBFS_ep1_dma.h **** *
  93:Generated_Source\PSoC4/USBFS_ep1_dma.h **** *******************************************************************************/
  94:Generated_Source\PSoC4/USBFS_ep1_dma.h **** static CY_INLINE void USBFS_ep1_dma_ChEnable(void)
  95:Generated_Source\PSoC4/USBFS_ep1_dma.h **** {
ARM GAS  C:\Users\TERENC~1\AppData\Local\Temp\ccbv3k4D.s 			page 6


  96:Generated_Source\PSoC4/USBFS_ep1_dma.h ****     CyDmaChEnable(USBFS_ep1_dma_CHANNEL);
  97:Generated_Source\PSoC4/USBFS_ep1_dma.h **** }
  98:Generated_Source\PSoC4/USBFS_ep1_dma.h **** 
  99:Generated_Source\PSoC4/USBFS_ep1_dma.h **** 
 100:Generated_Source\PSoC4/USBFS_ep1_dma.h **** /*******************************************************************************
 101:Generated_Source\PSoC4/USBFS_ep1_dma.h **** * Function Name: USBFS_ep1_dma_ChDisable
 102:Generated_Source\PSoC4/USBFS_ep1_dma.h **** ********************************************************************************
 103:Generated_Source\PSoC4/USBFS_ep1_dma.h **** *
 104:Generated_Source\PSoC4/USBFS_ep1_dma.h **** * Summary:
 105:Generated_Source\PSoC4/USBFS_ep1_dma.h **** *  Disables the DMA channel.
 106:Generated_Source\PSoC4/USBFS_ep1_dma.h **** *
 107:Generated_Source\PSoC4/USBFS_ep1_dma.h **** * Parameters:
 108:Generated_Source\PSoC4/USBFS_ep1_dma.h **** *  None.
 109:Generated_Source\PSoC4/USBFS_ep1_dma.h **** *                   
 110:Generated_Source\PSoC4/USBFS_ep1_dma.h **** * Return:
 111:Generated_Source\PSoC4/USBFS_ep1_dma.h **** *  None.
 112:Generated_Source\PSoC4/USBFS_ep1_dma.h **** *
 113:Generated_Source\PSoC4/USBFS_ep1_dma.h **** * Side effect:
 114:Generated_Source\PSoC4/USBFS_ep1_dma.h **** *  If this function is called during a DMA transfer the transfer is aborted. 
 115:Generated_Source\PSoC4/USBFS_ep1_dma.h **** *
 116:Generated_Source\PSoC4/USBFS_ep1_dma.h **** *******************************************************************************/
 117:Generated_Source\PSoC4/USBFS_ep1_dma.h **** static CY_INLINE void USBFS_ep1_dma_ChDisable(void)
 118:Generated_Source\PSoC4/USBFS_ep1_dma.h **** {
 119:Generated_Source\PSoC4/USBFS_ep1_dma.h ****     CyDmaChDisable(USBFS_ep1_dma_CHANNEL);
 120:Generated_Source\PSoC4/USBFS_ep1_dma.h **** }
 121:Generated_Source\PSoC4/USBFS_ep1_dma.h **** 
 122:Generated_Source\PSoC4/USBFS_ep1_dma.h **** 
 123:Generated_Source\PSoC4/USBFS_ep1_dma.h **** /*******************************************************************************
 124:Generated_Source\PSoC4/USBFS_ep1_dma.h **** * Function Name: USBFS_ep1_dma_Trigger
 125:Generated_Source\PSoC4/USBFS_ep1_dma.h **** ********************************************************************************
 126:Generated_Source\PSoC4/USBFS_ep1_dma.h **** *
 127:Generated_Source\PSoC4/USBFS_ep1_dma.h **** * Summary:
 128:Generated_Source\PSoC4/USBFS_ep1_dma.h **** *  Triggers the DMA channel, this is useful only for software triggers. This is
 129:Generated_Source\PSoC4/USBFS_ep1_dma.h **** *  not needed when hardware triggers are used.
 130:Generated_Source\PSoC4/USBFS_ep1_dma.h **** *
 131:Generated_Source\PSoC4/USBFS_ep1_dma.h **** * Parameters:
 132:Generated_Source\PSoC4/USBFS_ep1_dma.h **** *  None.
 133:Generated_Source\PSoC4/USBFS_ep1_dma.h **** *                   
 134:Generated_Source\PSoC4/USBFS_ep1_dma.h **** * Return:
 135:Generated_Source\PSoC4/USBFS_ep1_dma.h **** *  None. 
 136:Generated_Source\PSoC4/USBFS_ep1_dma.h **** *
 137:Generated_Source\PSoC4/USBFS_ep1_dma.h **** *******************************************************************************/
 138:Generated_Source\PSoC4/USBFS_ep1_dma.h **** static CY_INLINE void USBFS_ep1_dma_Trigger(void)
 139:Generated_Source\PSoC4/USBFS_ep1_dma.h **** {
 140:Generated_Source\PSoC4/USBFS_ep1_dma.h ****     CyDmaTrigger(USBFS_ep1_dma_CHANNEL);
 141:Generated_Source\PSoC4/USBFS_ep1_dma.h **** }
 142:Generated_Source\PSoC4/USBFS_ep1_dma.h **** 
 143:Generated_Source\PSoC4/USBFS_ep1_dma.h **** 
 144:Generated_Source\PSoC4/USBFS_ep1_dma.h **** /*******************************************************************************
 145:Generated_Source\PSoC4/USBFS_ep1_dma.h **** * Function Name: USBFS_ep1_dma_SetPriority
 146:Generated_Source\PSoC4/USBFS_ep1_dma.h **** ********************************************************************************
 147:Generated_Source\PSoC4/USBFS_ep1_dma.h **** *
 148:Generated_Source\PSoC4/USBFS_ep1_dma.h **** * Summary:
 149:Generated_Source\PSoC4/USBFS_ep1_dma.h **** *  Sets the priority for the channel.
 150:Generated_Source\PSoC4/USBFS_ep1_dma.h **** *
 151:Generated_Source\PSoC4/USBFS_ep1_dma.h **** * Parameters:
 152:Generated_Source\PSoC4/USBFS_ep1_dma.h **** *  priority: Priority for channel. Priority can be 0,1,2, or 3.
ARM GAS  C:\Users\TERENC~1\AppData\Local\Temp\ccbv3k4D.s 			page 7


 153:Generated_Source\PSoC4/USBFS_ep1_dma.h **** *            0 is the highest priority.
 154:Generated_Source\PSoC4/USBFS_ep1_dma.h **** *                   
 155:Generated_Source\PSoC4/USBFS_ep1_dma.h **** * Return:
 156:Generated_Source\PSoC4/USBFS_ep1_dma.h **** *  None.
 157:Generated_Source\PSoC4/USBFS_ep1_dma.h **** *
 158:Generated_Source\PSoC4/USBFS_ep1_dma.h **** * Side effect:
 159:Generated_Source\PSoC4/USBFS_ep1_dma.h **** *  This function should not be called while the channel is enabled.
 160:Generated_Source\PSoC4/USBFS_ep1_dma.h **** *
 161:Generated_Source\PSoC4/USBFS_ep1_dma.h **** *******************************************************************************/
 162:Generated_Source\PSoC4/USBFS_ep1_dma.h **** static CY_INLINE void USBFS_ep1_dma_SetPriority(int32 priority)
 163:Generated_Source\PSoC4/USBFS_ep1_dma.h **** {
 164:Generated_Source\PSoC4/USBFS_ep1_dma.h ****     CyDmaSetPriority(USBFS_ep1_dma_CHANNEL, priority);
 165:Generated_Source\PSoC4/USBFS_ep1_dma.h **** }
 166:Generated_Source\PSoC4/USBFS_ep1_dma.h **** 
 167:Generated_Source\PSoC4/USBFS_ep1_dma.h **** 
 168:Generated_Source\PSoC4/USBFS_ep1_dma.h **** /*******************************************************************************
 169:Generated_Source\PSoC4/USBFS_ep1_dma.h **** * Function Name: USBFS_ep1_dma_GetPriority
 170:Generated_Source\PSoC4/USBFS_ep1_dma.h **** ********************************************************************************
 171:Generated_Source\PSoC4/USBFS_ep1_dma.h **** *
 172:Generated_Source\PSoC4/USBFS_ep1_dma.h **** * Summary:
 173:Generated_Source\PSoC4/USBFS_ep1_dma.h **** *  Gets the priority for the channel.
 174:Generated_Source\PSoC4/USBFS_ep1_dma.h **** *
 175:Generated_Source\PSoC4/USBFS_ep1_dma.h **** * Parameters:
 176:Generated_Source\PSoC4/USBFS_ep1_dma.h **** *  None.
 177:Generated_Source\PSoC4/USBFS_ep1_dma.h **** *                   
 178:Generated_Source\PSoC4/USBFS_ep1_dma.h **** * Return:
 179:Generated_Source\PSoC4/USBFS_ep1_dma.h **** *  Priority for channel. Priority can be 0,1,2, or 3. 0 is the highest priority.
 180:Generated_Source\PSoC4/USBFS_ep1_dma.h **** *
 181:Generated_Source\PSoC4/USBFS_ep1_dma.h **** *******************************************************************************/
 182:Generated_Source\PSoC4/USBFS_ep1_dma.h **** static CY_INLINE int32 USBFS_ep1_dma_GetPriority(void)
 183:Generated_Source\PSoC4/USBFS_ep1_dma.h **** {
 184:Generated_Source\PSoC4/USBFS_ep1_dma.h ****     return (CyDmaGetPriority(USBFS_ep1_dma_CHANNEL));
 185:Generated_Source\PSoC4/USBFS_ep1_dma.h **** }
 186:Generated_Source\PSoC4/USBFS_ep1_dma.h **** 
 187:Generated_Source\PSoC4/USBFS_ep1_dma.h **** 
 188:Generated_Source\PSoC4/USBFS_ep1_dma.h **** /*******************************************************************************
 189:Generated_Source\PSoC4/USBFS_ep1_dma.h **** * Function Name: USBFS_ep1_dma_SetNextDescriptor
 190:Generated_Source\PSoC4/USBFS_ep1_dma.h **** ********************************************************************************
 191:Generated_Source\PSoC4/USBFS_ep1_dma.h **** *
 192:Generated_Source\PSoC4/USBFS_ep1_dma.h **** * Summary:
 193:Generated_Source\PSoC4/USBFS_ep1_dma.h **** *  Sets the descriptor that should be run the next time the channel is
 194:Generated_Source\PSoC4/USBFS_ep1_dma.h **** *  triggered.
 195:Generated_Source\PSoC4/USBFS_ep1_dma.h **** *
 196:Generated_Source\PSoC4/USBFS_ep1_dma.h **** * Parameters:
 197:Generated_Source\PSoC4/USBFS_ep1_dma.h **** *  descriptor: Next Descriptor to run (0 or 1).
 198:Generated_Source\PSoC4/USBFS_ep1_dma.h **** *                   
 199:Generated_Source\PSoC4/USBFS_ep1_dma.h **** * Side effect:
 200:Generated_Source\PSoC4/USBFS_ep1_dma.h **** *  This function should not be called while the channel is enabled.
 201:Generated_Source\PSoC4/USBFS_ep1_dma.h **** *
 202:Generated_Source\PSoC4/USBFS_ep1_dma.h **** *******************************************************************************/
 203:Generated_Source\PSoC4/USBFS_ep1_dma.h **** static CY_INLINE void USBFS_ep1_dma_SetNextDescriptor(int32 descriptor)
 204:Generated_Source\PSoC4/USBFS_ep1_dma.h **** {
 205:Generated_Source\PSoC4/USBFS_ep1_dma.h ****     CyDmaSetNextDescriptor(USBFS_ep1_dma_CHANNEL, descriptor);
 206:Generated_Source\PSoC4/USBFS_ep1_dma.h **** }
 207:Generated_Source\PSoC4/USBFS_ep1_dma.h **** 
 208:Generated_Source\PSoC4/USBFS_ep1_dma.h **** 
 209:Generated_Source\PSoC4/USBFS_ep1_dma.h **** /*******************************************************************************
ARM GAS  C:\Users\TERENC~1\AppData\Local\Temp\ccbv3k4D.s 			page 8


 210:Generated_Source\PSoC4/USBFS_ep1_dma.h **** * Function Name: USBFS_ep1_dma_GetNextDescriptor
 211:Generated_Source\PSoC4/USBFS_ep1_dma.h **** ********************************************************************************
 212:Generated_Source\PSoC4/USBFS_ep1_dma.h **** *
 213:Generated_Source\PSoC4/USBFS_ep1_dma.h **** * Summary:
 214:Generated_Source\PSoC4/USBFS_ep1_dma.h **** *  Returns the next descriptor that should be run, as set by 
 215:Generated_Source\PSoC4/USBFS_ep1_dma.h **** *  USBFS_ep1_dma_SetNextDescriptor().
 216:Generated_Source\PSoC4/USBFS_ep1_dma.h **** *
 217:Generated_Source\PSoC4/USBFS_ep1_dma.h **** * Parameters:
 218:Generated_Source\PSoC4/USBFS_ep1_dma.h **** *  None.
 219:Generated_Source\PSoC4/USBFS_ep1_dma.h **** *                   
 220:Generated_Source\PSoC4/USBFS_ep1_dma.h **** * Return:
 221:Generated_Source\PSoC4/USBFS_ep1_dma.h **** *  Next Descriptor to run (0 or 1).
 222:Generated_Source\PSoC4/USBFS_ep1_dma.h **** *
 223:Generated_Source\PSoC4/USBFS_ep1_dma.h **** *******************************************************************************/
 224:Generated_Source\PSoC4/USBFS_ep1_dma.h **** static CY_INLINE int32 USBFS_ep1_dma_GetNextDescriptor(void)
 225:Generated_Source\PSoC4/USBFS_ep1_dma.h **** {
 226:Generated_Source\PSoC4/USBFS_ep1_dma.h ****     return (CyDmaGetNextDescriptor(USBFS_ep1_dma_CHANNEL));
 227:Generated_Source\PSoC4/USBFS_ep1_dma.h **** }
 228:Generated_Source\PSoC4/USBFS_ep1_dma.h **** 
 229:Generated_Source\PSoC4/USBFS_ep1_dma.h **** 
 230:Generated_Source\PSoC4/USBFS_ep1_dma.h **** /*******************************************************************************
 231:Generated_Source\PSoC4/USBFS_ep1_dma.h **** * Function Name: USBFS_ep1_dma_SetConfiguration
 232:Generated_Source\PSoC4/USBFS_ep1_dma.h **** ********************************************************************************
 233:Generated_Source\PSoC4/USBFS_ep1_dma.h **** *
 234:Generated_Source\PSoC4/USBFS_ep1_dma.h **** * Summary:
 235:Generated_Source\PSoC4/USBFS_ep1_dma.h **** *  Sets configuration information for the specified descriptor.
 236:Generated_Source\PSoC4/USBFS_ep1_dma.h **** *
 237:Generated_Source\PSoC4/USBFS_ep1_dma.h **** * Parameters:
 238:Generated_Source\PSoC4/USBFS_ep1_dma.h **** *  descriptor: Descriptor (0 or 1) modified by this function.
 239:Generated_Source\PSoC4/USBFS_ep1_dma.h **** *  config: Pointer to a configuration structure. Refer to cydma_init_struct
 240:Generated_Source\PSoC4/USBFS_ep1_dma.h **** *          structure definition in CyDMA_P4.h or the component datasheet.
 241:Generated_Source\PSoC4/USBFS_ep1_dma.h **** *                   
 242:Generated_Source\PSoC4/USBFS_ep1_dma.h **** * Return:
 243:Generated_Source\PSoC4/USBFS_ep1_dma.h **** *  None.
 244:Generated_Source\PSoC4/USBFS_ep1_dma.h **** *
 245:Generated_Source\PSoC4/USBFS_ep1_dma.h **** * Side effect:
 246:Generated_Source\PSoC4/USBFS_ep1_dma.h **** *  The status register associated with the specified descriptor is reset to
 247:Generated_Source\PSoC4/USBFS_ep1_dma.h **** *  zero after this function call. This function also validates the descriptor.
 248:Generated_Source\PSoC4/USBFS_ep1_dma.h **** *  This function should not be called while the descriptor is active.
 249:Generated_Source\PSoC4/USBFS_ep1_dma.h **** *  This can be checked by calling CyDmaGetStatus().
 250:Generated_Source\PSoC4/USBFS_ep1_dma.h **** *
 251:Generated_Source\PSoC4/USBFS_ep1_dma.h **** *******************************************************************************/
 252:Generated_Source\PSoC4/USBFS_ep1_dma.h **** static CY_INLINE void USBFS_ep1_dma_SetConfiguration(int32 descriptor, const cydma_init_struct * co
 253:Generated_Source\PSoC4/USBFS_ep1_dma.h **** {
 254:Generated_Source\PSoC4/USBFS_ep1_dma.h ****     CyDmaSetConfiguration(USBFS_ep1_dma_CHANNEL, descriptor, config);
 255:Generated_Source\PSoC4/USBFS_ep1_dma.h **** }
 256:Generated_Source\PSoC4/USBFS_ep1_dma.h **** 
 257:Generated_Source\PSoC4/USBFS_ep1_dma.h **** 
 258:Generated_Source\PSoC4/USBFS_ep1_dma.h **** /*******************************************************************************
 259:Generated_Source\PSoC4/USBFS_ep1_dma.h **** * Function Name: USBFS_ep1_dma_ValidateDescriptor
 260:Generated_Source\PSoC4/USBFS_ep1_dma.h **** ********************************************************************************
 261:Generated_Source\PSoC4/USBFS_ep1_dma.h **** *
 262:Generated_Source\PSoC4/USBFS_ep1_dma.h **** * Summary:
 263:Generated_Source\PSoC4/USBFS_ep1_dma.h **** *  Validates the specified descriptor after it has been invalidated.
 264:Generated_Source\PSoC4/USBFS_ep1_dma.h **** *
 265:Generated_Source\PSoC4/USBFS_ep1_dma.h **** * Parameters:
 266:Generated_Source\PSoC4/USBFS_ep1_dma.h **** *  descriptor: Descriptor (0 or 1) modified by this function.
ARM GAS  C:\Users\TERENC~1\AppData\Local\Temp\ccbv3k4D.s 			page 9


 267:Generated_Source\PSoC4/USBFS_ep1_dma.h **** *                   
 268:Generated_Source\PSoC4/USBFS_ep1_dma.h **** * Return:
 269:Generated_Source\PSoC4/USBFS_ep1_dma.h **** *  None. 
 270:Generated_Source\PSoC4/USBFS_ep1_dma.h **** *
 271:Generated_Source\PSoC4/USBFS_ep1_dma.h **** * Side effect:
 272:Generated_Source\PSoC4/USBFS_ep1_dma.h **** *  The status register associated with the specified descriptor is reset to
 273:Generated_Source\PSoC4/USBFS_ep1_dma.h **** *  zero after this function call. This function should not be called while the
 274:Generated_Source\PSoC4/USBFS_ep1_dma.h **** *  descriptor is active. This can be checked by calling CyDmaGetStatus().
 275:Generated_Source\PSoC4/USBFS_ep1_dma.h **** *
 276:Generated_Source\PSoC4/USBFS_ep1_dma.h **** *******************************************************************************/
 277:Generated_Source\PSoC4/USBFS_ep1_dma.h **** static CY_INLINE void USBFS_ep1_dma_ValidateDescriptor(int32 descriptor)
 278:Generated_Source\PSoC4/USBFS_ep1_dma.h **** {
 279:Generated_Source\PSoC4/USBFS_ep1_dma.h ****     CyDmaValidateDescriptor(USBFS_ep1_dma_CHANNEL, descriptor);
 280:Generated_Source\PSoC4/USBFS_ep1_dma.h **** }
 281:Generated_Source\PSoC4/USBFS_ep1_dma.h **** 
 282:Generated_Source\PSoC4/USBFS_ep1_dma.h **** 
 283:Generated_Source\PSoC4/USBFS_ep1_dma.h **** /*******************************************************************************
 284:Generated_Source\PSoC4/USBFS_ep1_dma.h **** * Function Name: USBFS_ep1_dma_GetDescriptorStatus
 285:Generated_Source\PSoC4/USBFS_ep1_dma.h **** ********************************************************************************
 286:Generated_Source\PSoC4/USBFS_ep1_dma.h **** *
 287:Generated_Source\PSoC4/USBFS_ep1_dma.h **** * Summary:
 288:Generated_Source\PSoC4/USBFS_ep1_dma.h **** *  Returns the status of the specified descriptor.
 289:Generated_Source\PSoC4/USBFS_ep1_dma.h **** *
 290:Generated_Source\PSoC4/USBFS_ep1_dma.h **** * Parameters:
 291:Generated_Source\PSoC4/USBFS_ep1_dma.h **** *  descriptor: Descriptor (0 or 1) modified by this function.
 292:Generated_Source\PSoC4/USBFS_ep1_dma.h **** *                   
 293:Generated_Source\PSoC4/USBFS_ep1_dma.h **** * Return:
 294:Generated_Source\PSoC4/USBFS_ep1_dma.h **** *  Returns the contents of the specified descriptors status register. Refer to 
 295:Generated_Source\PSoC4/USBFS_ep1_dma.h **** *  descriptor status register bit definitions in CyDMA_P4.h or the API
 296:Generated_Source\PSoC4/USBFS_ep1_dma.h **** *  description in the DMA channel datasheet for more information.
 297:Generated_Source\PSoC4/USBFS_ep1_dma.h **** *
 298:Generated_Source\PSoC4/USBFS_ep1_dma.h **** *******************************************************************************/
 299:Generated_Source\PSoC4/USBFS_ep1_dma.h **** static CY_INLINE uint32 USBFS_ep1_dma_GetDescriptorStatus(int32 descriptor)
 300:Generated_Source\PSoC4/USBFS_ep1_dma.h **** {
 301:Generated_Source\PSoC4/USBFS_ep1_dma.h ****     return (CyDmaGetDescriptorStatus(USBFS_ep1_dma_CHANNEL, descriptor));
 302:Generated_Source\PSoC4/USBFS_ep1_dma.h **** }
 303:Generated_Source\PSoC4/USBFS_ep1_dma.h **** 
 304:Generated_Source\PSoC4/USBFS_ep1_dma.h **** 
 305:Generated_Source\PSoC4/USBFS_ep1_dma.h **** /*******************************************************************************
 306:Generated_Source\PSoC4/USBFS_ep1_dma.h **** * Function Name: USBFS_ep1_dma_SetSrcAddress
 307:Generated_Source\PSoC4/USBFS_ep1_dma.h **** ********************************************************************************
 308:Generated_Source\PSoC4/USBFS_ep1_dma.h **** *
 309:Generated_Source\PSoC4/USBFS_ep1_dma.h **** * Summary:
 310:Generated_Source\PSoC4/USBFS_ep1_dma.h **** *  Configures the source address for the specified descriptor.
 311:Generated_Source\PSoC4/USBFS_ep1_dma.h **** *
 312:Generated_Source\PSoC4/USBFS_ep1_dma.h **** * Parameters:
 313:Generated_Source\PSoC4/USBFS_ep1_dma.h **** *  descriptor: Descriptor (0 or 1) modified by this function.
 314:Generated_Source\PSoC4/USBFS_ep1_dma.h **** *  srcAddress: Address of DMA transfer source.
 315:Generated_Source\PSoC4/USBFS_ep1_dma.h **** *                   
 316:Generated_Source\PSoC4/USBFS_ep1_dma.h **** * Return:
 317:Generated_Source\PSoC4/USBFS_ep1_dma.h **** *  None.
 318:Generated_Source\PSoC4/USBFS_ep1_dma.h **** *
 319:Generated_Source\PSoC4/USBFS_ep1_dma.h **** * Side effect:
 320:Generated_Source\PSoC4/USBFS_ep1_dma.h **** *  This function should not be called when the specified descriptor is active
 321:Generated_Source\PSoC4/USBFS_ep1_dma.h **** *  in the DMA transfer engine. This can be checked by calling CyDmaGetStatus(). 
 322:Generated_Source\PSoC4/USBFS_ep1_dma.h **** *
 323:Generated_Source\PSoC4/USBFS_ep1_dma.h **** *******************************************************************************/
ARM GAS  C:\Users\TERENC~1\AppData\Local\Temp\ccbv3k4D.s 			page 10


 324:Generated_Source\PSoC4/USBFS_ep1_dma.h **** static CY_INLINE void USBFS_ep1_dma_SetSrcAddress(int32 descriptor, void * srcAddress)
 325:Generated_Source\PSoC4/USBFS_ep1_dma.h **** {
 326:Generated_Source\PSoC4/USBFS_ep1_dma.h ****     CyDmaSetSrcAddress(USBFS_ep1_dma_CHANNEL, descriptor, srcAddress);
  98              		.loc 2 326 0
  99 001c 2A00     		movs	r2, r5
 100 001e 0021     		movs	r1, #0
 101 0020 0820     		movs	r0, #8
 102 0022 FFF7FEFF 		bl	CyDmaSetSrcAddress
 103              	.LVL3:
 104              	.LBE11:
 105              	.LBE10:
 106              	.LBB12:
 107              	.LBB13:
 327:Generated_Source\PSoC4/USBFS_ep1_dma.h **** }
 328:Generated_Source\PSoC4/USBFS_ep1_dma.h **** 
 329:Generated_Source\PSoC4/USBFS_ep1_dma.h **** 
 330:Generated_Source\PSoC4/USBFS_ep1_dma.h **** /*******************************************************************************
 331:Generated_Source\PSoC4/USBFS_ep1_dma.h **** * Function Name: USBFS_ep1_dma_GetSrcAddress
 332:Generated_Source\PSoC4/USBFS_ep1_dma.h **** ********************************************************************************
 333:Generated_Source\PSoC4/USBFS_ep1_dma.h **** *
 334:Generated_Source\PSoC4/USBFS_ep1_dma.h **** * Summary:
 335:Generated_Source\PSoC4/USBFS_ep1_dma.h **** *  Returns the source address for the specified descriptor, set by either 
 336:Generated_Source\PSoC4/USBFS_ep1_dma.h **** *  USBFS_ep1_dma_Start() or USBFS_ep1_dma_SetSrcAddress().
 337:Generated_Source\PSoC4/USBFS_ep1_dma.h **** *
 338:Generated_Source\PSoC4/USBFS_ep1_dma.h **** * Parameters:
 339:Generated_Source\PSoC4/USBFS_ep1_dma.h **** *  descriptor: Specifies descriptor (0 or 1) used by this function.
 340:Generated_Source\PSoC4/USBFS_ep1_dma.h **** *                   
 341:Generated_Source\PSoC4/USBFS_ep1_dma.h **** * Return:
 342:Generated_Source\PSoC4/USBFS_ep1_dma.h **** *  Source address written to specified descriptor.
 343:Generated_Source\PSoC4/USBFS_ep1_dma.h **** *
 344:Generated_Source\PSoC4/USBFS_ep1_dma.h **** *******************************************************************************/
 345:Generated_Source\PSoC4/USBFS_ep1_dma.h **** static CY_INLINE void * USBFS_ep1_dma_GetSrcAddress(int32 descriptor)
 346:Generated_Source\PSoC4/USBFS_ep1_dma.h **** {
 347:Generated_Source\PSoC4/USBFS_ep1_dma.h ****     return (CyDmaGetSrcAddress(USBFS_ep1_dma_CHANNEL, descriptor));
 348:Generated_Source\PSoC4/USBFS_ep1_dma.h **** }
 349:Generated_Source\PSoC4/USBFS_ep1_dma.h **** 
 350:Generated_Source\PSoC4/USBFS_ep1_dma.h **** 
 351:Generated_Source\PSoC4/USBFS_ep1_dma.h **** /*******************************************************************************
 352:Generated_Source\PSoC4/USBFS_ep1_dma.h **** * Function Name: USBFS_ep1_dma_SetDstAddress
 353:Generated_Source\PSoC4/USBFS_ep1_dma.h **** ********************************************************************************
 354:Generated_Source\PSoC4/USBFS_ep1_dma.h **** *
 355:Generated_Source\PSoC4/USBFS_ep1_dma.h **** * Summary:
 356:Generated_Source\PSoC4/USBFS_ep1_dma.h **** *  Configures the destination address for the specified descriptor.
 357:Generated_Source\PSoC4/USBFS_ep1_dma.h **** *
 358:Generated_Source\PSoC4/USBFS_ep1_dma.h **** * Parameters:
 359:Generated_Source\PSoC4/USBFS_ep1_dma.h **** *  descriptor: Descriptor (0 or 1) modified by this function.
 360:Generated_Source\PSoC4/USBFS_ep1_dma.h **** *  dstAddress: Address of DMA transfer destination.
 361:Generated_Source\PSoC4/USBFS_ep1_dma.h **** *                   
 362:Generated_Source\PSoC4/USBFS_ep1_dma.h **** * Return:
 363:Generated_Source\PSoC4/USBFS_ep1_dma.h **** *  None.
 364:Generated_Source\PSoC4/USBFS_ep1_dma.h **** *
 365:Generated_Source\PSoC4/USBFS_ep1_dma.h **** * Side effect:
 366:Generated_Source\PSoC4/USBFS_ep1_dma.h **** *  This function should not be called when the specified descriptor is active
 367:Generated_Source\PSoC4/USBFS_ep1_dma.h **** *  in the DMA transfer engine. This can be checked by calling CyDmaGetStatus(). 
 368:Generated_Source\PSoC4/USBFS_ep1_dma.h **** *
 369:Generated_Source\PSoC4/USBFS_ep1_dma.h **** *******************************************************************************/
 370:Generated_Source\PSoC4/USBFS_ep1_dma.h **** static CY_INLINE void USBFS_ep1_dma_SetDstAddress(int32 descriptor, void * dstAddress)
ARM GAS  C:\Users\TERENC~1\AppData\Local\Temp\ccbv3k4D.s 			page 11


 371:Generated_Source\PSoC4/USBFS_ep1_dma.h **** {
 372:Generated_Source\PSoC4/USBFS_ep1_dma.h ****     CyDmaSetDstAddress(USBFS_ep1_dma_CHANNEL, descriptor, dstAddress);
 108              		.loc 2 372 0
 109 0026 2200     		movs	r2, r4
 110 0028 0021     		movs	r1, #0
 111 002a 0820     		movs	r0, #8
 112 002c FFF7FEFF 		bl	CyDmaSetDstAddress
 113              	.LVL4:
 114              	.LBE13:
 115              	.LBE12:
 116              	.LBB14:
 117              	.LBB15:
 279:Generated_Source\PSoC4/USBFS_ep1_dma.h **** }
 118              		.loc 2 279 0
 119 0030 0021     		movs	r1, #0
 120 0032 0820     		movs	r0, #8
 121 0034 FFF7FEFF 		bl	CyDmaValidateDescriptor
 122              	.LVL5:
 123              	.LBE15:
 124              	.LBE14:
 125              	.LBB16:
 126              	.LBB17:
  96:Generated_Source\PSoC4/USBFS_ep1_dma.h **** }
 127              		.loc 2 96 0
 128 0038 0820     		movs	r0, #8
 129 003a FFF7FEFF 		bl	CyDmaChEnable
 130              	.LVL6:
 131              	.LBE17:
 132              	.LBE16:
  51:Generated_Source\PSoC4/USBFS_ep1_dma.c **** 
 133              		.loc 1 51 0
 134              		@ sp needed
 135              	.LVL7:
 136              	.LVL8:
 137 003e 70BD     		pop	{r4, r5, r6, pc}
 138              	.L7:
 139              		.align	2
 140              	.L6:
 141 0040 00000000 		.word	.LANCHOR0
 142              		.cfi_endproc
 143              	.LFE32:
 144              		.size	USBFS_ep1_dma_Start, .-USBFS_ep1_dma_Start
 145              		.global	USBFS_ep1_dma_initVar
 146              		.bss
 147              		.set	.LANCHOR0,. + 0
 148              		.type	USBFS_ep1_dma_initVar, %object
 149              		.size	USBFS_ep1_dma_initVar, 1
 150              	USBFS_ep1_dma_initVar:
 151 0000 00       		.space	1
 152              		.text
 153              	.Letext0:
 154              		.file 3 "Generated_Source\\PSoC4\\cytypes.h"
 155              		.file 4 "Generated_Source\\PSoC4\\CyDMA.h"
 156              		.section	.debug_info,"",%progbits
 157              	.Ldebug_info0:
 158 0000 36030000 		.4byte	0x336
 159 0004 0400     		.2byte	0x4
ARM GAS  C:\Users\TERENC~1\AppData\Local\Temp\ccbv3k4D.s 			page 12


 160 0006 00000000 		.4byte	.Ldebug_abbrev0
 161 000a 04       		.byte	0x4
 162 000b 01       		.uleb128 0x1
 163 000c 49000000 		.4byte	.LASF31
 164 0010 0C       		.byte	0xc
 165 0011 CE020000 		.4byte	.LASF32
 166 0015 6B010000 		.4byte	.LASF33
 167 0019 00000000 		.4byte	.Ldebug_ranges0+0
 168 001d 00000000 		.4byte	0
 169 0021 00000000 		.4byte	.Ldebug_line0
 170 0025 02       		.uleb128 0x2
 171 0026 01       		.byte	0x1
 172 0027 06       		.byte	0x6
 173 0028 CE010000 		.4byte	.LASF0
 174 002c 02       		.uleb128 0x2
 175 002d 01       		.byte	0x1
 176 002e 08       		.byte	0x8
 177 002f C0010000 		.4byte	.LASF1
 178 0033 02       		.uleb128 0x2
 179 0034 02       		.byte	0x2
 180 0035 05       		.byte	0x5
 181 0036 36000000 		.4byte	.LASF2
 182 003a 02       		.uleb128 0x2
 183 003b 02       		.byte	0x2
 184 003c 07       		.byte	0x7
 185 003d 1F020000 		.4byte	.LASF3
 186 0041 02       		.uleb128 0x2
 187 0042 04       		.byte	0x4
 188 0043 05       		.byte	0x5
 189 0044 4F010000 		.4byte	.LASF4
 190 0048 02       		.uleb128 0x2
 191 0049 04       		.byte	0x4
 192 004a 07       		.byte	0x7
 193 004b AF020000 		.4byte	.LASF5
 194 004f 02       		.uleb128 0x2
 195 0050 08       		.byte	0x8
 196 0051 05       		.byte	0x5
 197 0052 25010000 		.4byte	.LASF6
 198 0056 02       		.uleb128 0x2
 199 0057 08       		.byte	0x8
 200 0058 07       		.byte	0x7
 201 0059 DA010000 		.4byte	.LASF7
 202 005d 03       		.uleb128 0x3
 203 005e 04       		.byte	0x4
 204 005f 05       		.byte	0x5
 205 0060 696E7400 		.ascii	"int\000"
 206 0064 02       		.uleb128 0x2
 207 0065 04       		.byte	0x4
 208 0066 07       		.byte	0x7
 209 0067 F1010000 		.4byte	.LASF8
 210 006b 04       		.uleb128 0x4
 211 006c F0000000 		.4byte	.LASF9
 212 0070 03       		.byte	0x3
 213 0071 E401     		.2byte	0x1e4
 214 0073 2C000000 		.4byte	0x2c
 215 0077 04       		.uleb128 0x4
 216 0078 A8020000 		.4byte	.LASF10
ARM GAS  C:\Users\TERENC~1\AppData\Local\Temp\ccbv3k4D.s 			page 13


 217 007c 03       		.byte	0x3
 218 007d E601     		.2byte	0x1e6
 219 007f 48000000 		.4byte	0x48
 220 0083 04       		.uleb128 0x4
 221 0084 C1020000 		.4byte	.LASF11
 222 0088 03       		.byte	0x3
 223 0089 E901     		.2byte	0x1e9
 224 008b 41000000 		.4byte	0x41
 225 008f 02       		.uleb128 0x2
 226 0090 04       		.byte	0x4
 227 0091 04       		.byte	0x4
 228 0092 0C010000 		.4byte	.LASF12
 229 0096 02       		.uleb128 0x2
 230 0097 08       		.byte	0x8
 231 0098 04       		.byte	0x4
 232 0099 C7020000 		.4byte	.LASF13
 233 009d 02       		.uleb128 0x2
 234 009e 01       		.byte	0x1
 235 009f 08       		.byte	0x8
 236 00a0 80020000 		.4byte	.LASF14
 237 00a4 05       		.uleb128 0x5
 238 00a5 80       		.byte	0x80
 239 00a6 04       		.byte	0x4
 240 00a7 26       		.byte	0x26
 241 00a8 B9000000 		.4byte	0xb9
 242 00ac 06       		.uleb128 0x6
 243 00ad 63746C00 		.ascii	"ctl\000"
 244 00b1 04       		.byte	0x4
 245 00b2 28       		.byte	0x28
 246 00b3 B9000000 		.4byte	0xb9
 247 00b7 00       		.byte	0
 248 00b8 00       		.byte	0
 249 00b9 07       		.uleb128 0x7
 250 00ba 77000000 		.4byte	0x77
 251 00be C9000000 		.4byte	0xc9
 252 00c2 08       		.uleb128 0x8
 253 00c3 C9000000 		.4byte	0xc9
 254 00c7 1F       		.byte	0x1f
 255 00c8 00       		.byte	0
 256 00c9 02       		.uleb128 0x2
 257 00ca 04       		.byte	0x4
 258 00cb 07       		.byte	0x7
 259 00cc 40000000 		.4byte	.LASF15
 260 00d0 09       		.uleb128 0x9
 261 00d1 D7000000 		.4byte	.LASF16
 262 00d5 04       		.byte	0x4
 263 00d6 29       		.byte	0x29
 264 00d7 A4000000 		.4byte	0xa4
 265 00db 05       		.uleb128 0x5
 266 00dc 10       		.byte	0x10
 267 00dd 04       		.byte	0x4
 268 00de 2C       		.byte	0x2c
 269 00df 14010000 		.4byte	0x114
 270 00e3 06       		.uleb128 0x6
 271 00e4 73726300 		.ascii	"src\000"
 272 00e8 04       		.byte	0x4
 273 00e9 2E       		.byte	0x2e
ARM GAS  C:\Users\TERENC~1\AppData\Local\Temp\ccbv3k4D.s 			page 14


 274 00ea 14010000 		.4byte	0x114
 275 00ee 00       		.byte	0
 276 00ef 06       		.uleb128 0x6
 277 00f0 64737400 		.ascii	"dst\000"
 278 00f4 04       		.byte	0x4
 279 00f5 2F       		.byte	0x2f
 280 00f6 14010000 		.4byte	0x114
 281 00fa 04       		.byte	0x4
 282 00fb 06       		.uleb128 0x6
 283 00fc 63746C00 		.ascii	"ctl\000"
 284 0100 04       		.byte	0x4
 285 0101 30       		.byte	0x30
 286 0102 77000000 		.4byte	0x77
 287 0106 08       		.byte	0x8
 288 0107 0A       		.uleb128 0xa
 289 0108 32020000 		.4byte	.LASF17
 290 010c 04       		.byte	0x4
 291 010d 31       		.byte	0x31
 292 010e 77000000 		.4byte	0x77
 293 0112 0C       		.byte	0xc
 294 0113 00       		.byte	0
 295 0114 0B       		.uleb128 0xb
 296 0115 04       		.byte	0x4
 297 0116 09       		.uleb128 0x9
 298 0117 85020000 		.4byte	.LASF18
 299 011b 04       		.byte	0x4
 300 011c 32       		.byte	0x32
 301 011d DB000000 		.4byte	0xdb
 302 0121 0C       		.uleb128 0xc
 303 0122 0004     		.2byte	0x400
 304 0124 04       		.byte	0x4
 305 0125 38       		.byte	0x38
 306 0126 37010000 		.4byte	0x137
 307 012a 0A       		.uleb128 0xa
 308 012b 0F030000 		.4byte	.LASF19
 309 012f 04       		.byte	0x4
 310 0130 3A       		.byte	0x3a
 311 0131 37010000 		.4byte	0x137
 312 0135 00       		.byte	0
 313 0136 00       		.byte	0
 314 0137 07       		.uleb128 0x7
 315 0138 16010000 		.4byte	0x116
 316 013c 4D010000 		.4byte	0x14d
 317 0140 08       		.uleb128 0x8
 318 0141 C9000000 		.4byte	0xc9
 319 0145 1F       		.byte	0x1f
 320 0146 08       		.uleb128 0x8
 321 0147 C9000000 		.4byte	0xc9
 322 014b 01       		.byte	0x1
 323 014c 00       		.byte	0
 324 014d 09       		.uleb128 0x9
 325 014e 39020000 		.4byte	.LASF20
 326 0152 04       		.byte	0x4
 327 0153 3B       		.byte	0x3b
 328 0154 21010000 		.4byte	0x121
 329 0158 0D       		.uleb128 0xd
 330 0159 55020000 		.4byte	.LASF34
ARM GAS  C:\Users\TERENC~1\AppData\Local\Temp\ccbv3k4D.s 			page 15


 331 015d 02       		.byte	0x2
 332 015e 5E       		.byte	0x5e
 333 015f 03       		.byte	0x3
 334 0160 0E       		.uleb128 0xe
 335 0161 FE010000 		.4byte	.LASF21
 336 0165 02       		.byte	0x2
 337 0166 1501     		.2byte	0x115
 338 0168 03       		.byte	0x3
 339 0169 7A010000 		.4byte	0x17a
 340 016d 0F       		.uleb128 0xf
 341 016e 0F030000 		.4byte	.LASF19
 342 0172 02       		.byte	0x2
 343 0173 1501     		.2byte	0x115
 344 0175 83000000 		.4byte	0x83
 345 0179 00       		.byte	0
 346 017a 0E       		.uleb128 0xe
 347 017b 33010000 		.4byte	.LASF22
 348 017f 02       		.byte	0x2
 349 0180 7201     		.2byte	0x172
 350 0182 03       		.byte	0x3
 351 0183 A0010000 		.4byte	0x1a0
 352 0187 0F       		.uleb128 0xf
 353 0188 0F030000 		.4byte	.LASF19
 354 018c 02       		.byte	0x2
 355 018d 7201     		.2byte	0x172
 356 018f 83000000 		.4byte	0x83
 357 0193 0F       		.uleb128 0xf
 358 0194 00000000 		.4byte	.LASF23
 359 0198 02       		.byte	0x2
 360 0199 7201     		.2byte	0x172
 361 019b 14010000 		.4byte	0x114
 362 019f 00       		.byte	0
 363 01a0 0E       		.uleb128 0xe
 364 01a1 1A030000 		.4byte	.LASF24
 365 01a5 02       		.byte	0x2
 366 01a6 4401     		.2byte	0x144
 367 01a8 03       		.byte	0x3
 368 01a9 C6010000 		.4byte	0x1c6
 369 01ad 0F       		.uleb128 0xf
 370 01ae 0F030000 		.4byte	.LASF19
 371 01b2 02       		.byte	0x2
 372 01b3 4401     		.2byte	0x144
 373 01b5 83000000 		.4byte	0x83
 374 01b9 0F       		.uleb128 0xf
 375 01ba 9D020000 		.4byte	.LASF25
 376 01be 02       		.byte	0x2
 377 01bf 4401     		.2byte	0x144
 378 01c1 14010000 		.4byte	0x114
 379 01c5 00       		.byte	0
 380 01c6 10       		.uleb128 0x10
 381 01c7 12010000 		.4byte	.LASF35
 382 01cb 01       		.byte	0x1
 383 01cc 4C       		.byte	0x4c
 384 01cd 00000000 		.4byte	.LFB33
 385 01d1 24000000 		.4byte	.LFE33-.LFB33
 386 01d5 01       		.uleb128 0x1
 387 01d6 9C       		.byte	0x9c
ARM GAS  C:\Users\TERENC~1\AppData\Local\Temp\ccbv3k4D.s 			page 16


 388 01d7 11       		.uleb128 0x11
 389 01d8 6C020000 		.4byte	.LASF36
 390 01dc 01       		.byte	0x1
 391 01dd 27       		.byte	0x27
 392 01de 00000000 		.4byte	.LFB32
 393 01e2 44000000 		.4byte	.LFE32-.LFB32
 394 01e6 01       		.uleb128 0x1
 395 01e7 9C       		.byte	0x9c
 396 01e8 F1020000 		.4byte	0x2f1
 397 01ec 12       		.uleb128 0x12
 398 01ed 9D020000 		.4byte	.LASF25
 399 01f1 01       		.byte	0x1
 400 01f2 27       		.byte	0x27
 401 01f3 14010000 		.4byte	0x114
 402 01f7 00000000 		.4byte	.LLST0
 403 01fb 12       		.uleb128 0x12
 404 01fc 00000000 		.4byte	.LASF23
 405 0200 01       		.byte	0x1
 406 0201 27       		.byte	0x27
 407 0202 14010000 		.4byte	0x114
 408 0206 2C000000 		.4byte	.LLST1
 409 020a 13       		.uleb128 0x13
 410 020b A0010000 		.4byte	0x1a0
 411 020f 1C000000 		.4byte	.LBB10
 412 0213 0A000000 		.4byte	.LBE10-.LBB10
 413 0217 01       		.byte	0x1
 414 0218 2F       		.byte	0x2f
 415 0219 4A020000 		.4byte	0x24a
 416 021d 14       		.uleb128 0x14
 417 021e B9010000 		.4byte	0x1b9
 418 0222 58000000 		.4byte	.LLST2
 419 0226 14       		.uleb128 0x14
 420 0227 AD010000 		.4byte	0x1ad
 421 022b 6B000000 		.4byte	.LLST3
 422 022f 15       		.uleb128 0x15
 423 0230 26000000 		.4byte	.LVL3
 424 0234 02030000 		.4byte	0x302
 425 0238 16       		.uleb128 0x16
 426 0239 01       		.uleb128 0x1
 427 023a 50       		.byte	0x50
 428 023b 01       		.uleb128 0x1
 429 023c 38       		.byte	0x38
 430 023d 16       		.uleb128 0x16
 431 023e 01       		.uleb128 0x1
 432 023f 51       		.byte	0x51
 433 0240 01       		.uleb128 0x1
 434 0241 30       		.byte	0x30
 435 0242 16       		.uleb128 0x16
 436 0243 01       		.uleb128 0x1
 437 0244 52       		.byte	0x52
 438 0245 02       		.uleb128 0x2
 439 0246 75       		.byte	0x75
 440 0247 00       		.sleb128 0
 441 0248 00       		.byte	0
 442 0249 00       		.byte	0
 443 024a 13       		.uleb128 0x13
 444 024b 7A010000 		.4byte	0x17a
ARM GAS  C:\Users\TERENC~1\AppData\Local\Temp\ccbv3k4D.s 			page 17


 445 024f 26000000 		.4byte	.LBB12
 446 0253 0A000000 		.4byte	.LBE12-.LBB12
 447 0257 01       		.byte	0x1
 448 0258 30       		.byte	0x30
 449 0259 8A020000 		.4byte	0x28a
 450 025d 14       		.uleb128 0x14
 451 025e 93010000 		.4byte	0x193
 452 0262 7F000000 		.4byte	.LLST4
 453 0266 14       		.uleb128 0x14
 454 0267 87010000 		.4byte	0x187
 455 026b 92000000 		.4byte	.LLST5
 456 026f 15       		.uleb128 0x15
 457 0270 30000000 		.4byte	.LVL4
 458 0274 0D030000 		.4byte	0x30d
 459 0278 16       		.uleb128 0x16
 460 0279 01       		.uleb128 0x1
 461 027a 50       		.byte	0x50
 462 027b 01       		.uleb128 0x1
 463 027c 38       		.byte	0x38
 464 027d 16       		.uleb128 0x16
 465 027e 01       		.uleb128 0x1
 466 027f 51       		.byte	0x51
 467 0280 01       		.uleb128 0x1
 468 0281 30       		.byte	0x30
 469 0282 16       		.uleb128 0x16
 470 0283 01       		.uleb128 0x1
 471 0284 52       		.byte	0x52
 472 0285 02       		.uleb128 0x2
 473 0286 74       		.byte	0x74
 474 0287 00       		.sleb128 0
 475 0288 00       		.byte	0
 476 0289 00       		.byte	0
 477 028a 13       		.uleb128 0x13
 478 028b 60010000 		.4byte	0x160
 479 028f 30000000 		.4byte	.LBB14
 480 0293 08000000 		.4byte	.LBE14-.LBB14
 481 0297 01       		.byte	0x1
 482 0298 31       		.byte	0x31
 483 0299 BB020000 		.4byte	0x2bb
 484 029d 14       		.uleb128 0x14
 485 029e 6D010000 		.4byte	0x16d
 486 02a2 A6000000 		.4byte	.LLST6
 487 02a6 15       		.uleb128 0x15
 488 02a7 38000000 		.4byte	.LVL5
 489 02ab 18030000 		.4byte	0x318
 490 02af 16       		.uleb128 0x16
 491 02b0 01       		.uleb128 0x1
 492 02b1 50       		.byte	0x50
 493 02b2 01       		.uleb128 0x1
 494 02b3 38       		.byte	0x38
 495 02b4 16       		.uleb128 0x16
 496 02b5 01       		.uleb128 0x1
 497 02b6 51       		.byte	0x51
 498 02b7 01       		.uleb128 0x1
 499 02b8 30       		.byte	0x30
 500 02b9 00       		.byte	0
 501 02ba 00       		.byte	0
ARM GAS  C:\Users\TERENC~1\AppData\Local\Temp\ccbv3k4D.s 			page 18


 502 02bb 13       		.uleb128 0x13
 503 02bc 58010000 		.4byte	0x158
 504 02c0 38000000 		.4byte	.LBB16
 505 02c4 06000000 		.4byte	.LBE16-.LBB16
 506 02c8 01       		.byte	0x1
 507 02c9 32       		.byte	0x32
 508 02ca DE020000 		.4byte	0x2de
 509 02ce 15       		.uleb128 0x15
 510 02cf 3E000000 		.4byte	.LVL6
 511 02d3 23030000 		.4byte	0x323
 512 02d7 16       		.uleb128 0x16
 513 02d8 01       		.uleb128 0x1
 514 02d9 50       		.byte	0x50
 515 02da 01       		.uleb128 0x1
 516 02db 38       		.byte	0x38
 517 02dc 00       		.byte	0
 518 02dd 00       		.byte	0
 519 02de 17       		.uleb128 0x17
 520 02df 12000000 		.4byte	.LVL1
 521 02e3 C6010000 		.4byte	0x1c6
 522 02e7 17       		.uleb128 0x17
 523 02e8 1C000000 		.4byte	.LVL2
 524 02ec 2E030000 		.4byte	0x32e
 525 02f0 00       		.byte	0
 526 02f1 18       		.uleb128 0x18
 527 02f2 F6000000 		.4byte	.LASF37
 528 02f6 01       		.byte	0x1
 529 02f7 11       		.byte	0x11
 530 02f8 6B000000 		.4byte	0x6b
 531 02fc 05       		.uleb128 0x5
 532 02fd 03       		.byte	0x3
 533 02fe 00000000 		.4byte	USBFS_ep1_dma_initVar
 534 0302 19       		.uleb128 0x19
 535 0303 23000000 		.4byte	.LASF26
 536 0307 23000000 		.4byte	.LASF26
 537 030b 04       		.byte	0x4
 538 030c 93       		.byte	0x93
 539 030d 19       		.uleb128 0x19
 540 030e 58010000 		.4byte	.LASF27
 541 0312 58010000 		.4byte	.LASF27
 542 0316 04       		.byte	0x4
 543 0317 96       		.byte	0x96
 544 0318 19       		.uleb128 0x19
 545 0319 0B000000 		.4byte	.LASF28
 546 031d 0B000000 		.4byte	.LASF28
 547 0321 04       		.byte	0x4
 548 0322 8F       		.byte	0x8f
 549 0323 19       		.uleb128 0x19
 550 0324 F5020000 		.4byte	.LASF29
 551 0328 F5020000 		.4byte	.LASF29
 552 032c 04       		.byte	0x4
 553 032d 82       		.byte	0x82
 554 032e 19       		.uleb128 0x19
 555 032f 03030000 		.4byte	.LASF30
 556 0333 03030000 		.4byte	.LASF30
 557 0337 04       		.byte	0x4
 558 0338 6D       		.byte	0x6d
ARM GAS  C:\Users\TERENC~1\AppData\Local\Temp\ccbv3k4D.s 			page 19


 559 0339 00       		.byte	0
 560              		.section	.debug_abbrev,"",%progbits
 561              	.Ldebug_abbrev0:
 562 0000 01       		.uleb128 0x1
 563 0001 11       		.uleb128 0x11
 564 0002 01       		.byte	0x1
 565 0003 25       		.uleb128 0x25
 566 0004 0E       		.uleb128 0xe
 567 0005 13       		.uleb128 0x13
 568 0006 0B       		.uleb128 0xb
 569 0007 03       		.uleb128 0x3
 570 0008 0E       		.uleb128 0xe
 571 0009 1B       		.uleb128 0x1b
 572 000a 0E       		.uleb128 0xe
 573 000b 55       		.uleb128 0x55
 574 000c 17       		.uleb128 0x17
 575 000d 11       		.uleb128 0x11
 576 000e 01       		.uleb128 0x1
 577 000f 10       		.uleb128 0x10
 578 0010 17       		.uleb128 0x17
 579 0011 00       		.byte	0
 580 0012 00       		.byte	0
 581 0013 02       		.uleb128 0x2
 582 0014 24       		.uleb128 0x24
 583 0015 00       		.byte	0
 584 0016 0B       		.uleb128 0xb
 585 0017 0B       		.uleb128 0xb
 586 0018 3E       		.uleb128 0x3e
 587 0019 0B       		.uleb128 0xb
 588 001a 03       		.uleb128 0x3
 589 001b 0E       		.uleb128 0xe
 590 001c 00       		.byte	0
 591 001d 00       		.byte	0
 592 001e 03       		.uleb128 0x3
 593 001f 24       		.uleb128 0x24
 594 0020 00       		.byte	0
 595 0021 0B       		.uleb128 0xb
 596 0022 0B       		.uleb128 0xb
 597 0023 3E       		.uleb128 0x3e
 598 0024 0B       		.uleb128 0xb
 599 0025 03       		.uleb128 0x3
 600 0026 08       		.uleb128 0x8
 601 0027 00       		.byte	0
 602 0028 00       		.byte	0
 603 0029 04       		.uleb128 0x4
 604 002a 16       		.uleb128 0x16
 605 002b 00       		.byte	0
 606 002c 03       		.uleb128 0x3
 607 002d 0E       		.uleb128 0xe
 608 002e 3A       		.uleb128 0x3a
 609 002f 0B       		.uleb128 0xb
 610 0030 3B       		.uleb128 0x3b
 611 0031 05       		.uleb128 0x5
 612 0032 49       		.uleb128 0x49
 613 0033 13       		.uleb128 0x13
 614 0034 00       		.byte	0
 615 0035 00       		.byte	0
ARM GAS  C:\Users\TERENC~1\AppData\Local\Temp\ccbv3k4D.s 			page 20


 616 0036 05       		.uleb128 0x5
 617 0037 13       		.uleb128 0x13
 618 0038 01       		.byte	0x1
 619 0039 0B       		.uleb128 0xb
 620 003a 0B       		.uleb128 0xb
 621 003b 3A       		.uleb128 0x3a
 622 003c 0B       		.uleb128 0xb
 623 003d 3B       		.uleb128 0x3b
 624 003e 0B       		.uleb128 0xb
 625 003f 01       		.uleb128 0x1
 626 0040 13       		.uleb128 0x13
 627 0041 00       		.byte	0
 628 0042 00       		.byte	0
 629 0043 06       		.uleb128 0x6
 630 0044 0D       		.uleb128 0xd
 631 0045 00       		.byte	0
 632 0046 03       		.uleb128 0x3
 633 0047 08       		.uleb128 0x8
 634 0048 3A       		.uleb128 0x3a
 635 0049 0B       		.uleb128 0xb
 636 004a 3B       		.uleb128 0x3b
 637 004b 0B       		.uleb128 0xb
 638 004c 49       		.uleb128 0x49
 639 004d 13       		.uleb128 0x13
 640 004e 38       		.uleb128 0x38
 641 004f 0B       		.uleb128 0xb
 642 0050 00       		.byte	0
 643 0051 00       		.byte	0
 644 0052 07       		.uleb128 0x7
 645 0053 01       		.uleb128 0x1
 646 0054 01       		.byte	0x1
 647 0055 49       		.uleb128 0x49
 648 0056 13       		.uleb128 0x13
 649 0057 01       		.uleb128 0x1
 650 0058 13       		.uleb128 0x13
 651 0059 00       		.byte	0
 652 005a 00       		.byte	0
 653 005b 08       		.uleb128 0x8
 654 005c 21       		.uleb128 0x21
 655 005d 00       		.byte	0
 656 005e 49       		.uleb128 0x49
 657 005f 13       		.uleb128 0x13
 658 0060 2F       		.uleb128 0x2f
 659 0061 0B       		.uleb128 0xb
 660 0062 00       		.byte	0
 661 0063 00       		.byte	0
 662 0064 09       		.uleb128 0x9
 663 0065 16       		.uleb128 0x16
 664 0066 00       		.byte	0
 665 0067 03       		.uleb128 0x3
 666 0068 0E       		.uleb128 0xe
 667 0069 3A       		.uleb128 0x3a
 668 006a 0B       		.uleb128 0xb
 669 006b 3B       		.uleb128 0x3b
 670 006c 0B       		.uleb128 0xb
 671 006d 49       		.uleb128 0x49
 672 006e 13       		.uleb128 0x13
ARM GAS  C:\Users\TERENC~1\AppData\Local\Temp\ccbv3k4D.s 			page 21


 673 006f 00       		.byte	0
 674 0070 00       		.byte	0
 675 0071 0A       		.uleb128 0xa
 676 0072 0D       		.uleb128 0xd
 677 0073 00       		.byte	0
 678 0074 03       		.uleb128 0x3
 679 0075 0E       		.uleb128 0xe
 680 0076 3A       		.uleb128 0x3a
 681 0077 0B       		.uleb128 0xb
 682 0078 3B       		.uleb128 0x3b
 683 0079 0B       		.uleb128 0xb
 684 007a 49       		.uleb128 0x49
 685 007b 13       		.uleb128 0x13
 686 007c 38       		.uleb128 0x38
 687 007d 0B       		.uleb128 0xb
 688 007e 00       		.byte	0
 689 007f 00       		.byte	0
 690 0080 0B       		.uleb128 0xb
 691 0081 0F       		.uleb128 0xf
 692 0082 00       		.byte	0
 693 0083 0B       		.uleb128 0xb
 694 0084 0B       		.uleb128 0xb
 695 0085 00       		.byte	0
 696 0086 00       		.byte	0
 697 0087 0C       		.uleb128 0xc
 698 0088 13       		.uleb128 0x13
 699 0089 01       		.byte	0x1
 700 008a 0B       		.uleb128 0xb
 701 008b 05       		.uleb128 0x5
 702 008c 3A       		.uleb128 0x3a
 703 008d 0B       		.uleb128 0xb
 704 008e 3B       		.uleb128 0x3b
 705 008f 0B       		.uleb128 0xb
 706 0090 01       		.uleb128 0x1
 707 0091 13       		.uleb128 0x13
 708 0092 00       		.byte	0
 709 0093 00       		.byte	0
 710 0094 0D       		.uleb128 0xd
 711 0095 2E       		.uleb128 0x2e
 712 0096 00       		.byte	0
 713 0097 03       		.uleb128 0x3
 714 0098 0E       		.uleb128 0xe
 715 0099 3A       		.uleb128 0x3a
 716 009a 0B       		.uleb128 0xb
 717 009b 3B       		.uleb128 0x3b
 718 009c 0B       		.uleb128 0xb
 719 009d 27       		.uleb128 0x27
 720 009e 19       		.uleb128 0x19
 721 009f 20       		.uleb128 0x20
 722 00a0 0B       		.uleb128 0xb
 723 00a1 00       		.byte	0
 724 00a2 00       		.byte	0
 725 00a3 0E       		.uleb128 0xe
 726 00a4 2E       		.uleb128 0x2e
 727 00a5 01       		.byte	0x1
 728 00a6 03       		.uleb128 0x3
 729 00a7 0E       		.uleb128 0xe
ARM GAS  C:\Users\TERENC~1\AppData\Local\Temp\ccbv3k4D.s 			page 22


 730 00a8 3A       		.uleb128 0x3a
 731 00a9 0B       		.uleb128 0xb
 732 00aa 3B       		.uleb128 0x3b
 733 00ab 05       		.uleb128 0x5
 734 00ac 27       		.uleb128 0x27
 735 00ad 19       		.uleb128 0x19
 736 00ae 20       		.uleb128 0x20
 737 00af 0B       		.uleb128 0xb
 738 00b0 01       		.uleb128 0x1
 739 00b1 13       		.uleb128 0x13
 740 00b2 00       		.byte	0
 741 00b3 00       		.byte	0
 742 00b4 0F       		.uleb128 0xf
 743 00b5 05       		.uleb128 0x5
 744 00b6 00       		.byte	0
 745 00b7 03       		.uleb128 0x3
 746 00b8 0E       		.uleb128 0xe
 747 00b9 3A       		.uleb128 0x3a
 748 00ba 0B       		.uleb128 0xb
 749 00bb 3B       		.uleb128 0x3b
 750 00bc 05       		.uleb128 0x5
 751 00bd 49       		.uleb128 0x49
 752 00be 13       		.uleb128 0x13
 753 00bf 00       		.byte	0
 754 00c0 00       		.byte	0
 755 00c1 10       		.uleb128 0x10
 756 00c2 2E       		.uleb128 0x2e
 757 00c3 00       		.byte	0
 758 00c4 3F       		.uleb128 0x3f
 759 00c5 19       		.uleb128 0x19
 760 00c6 03       		.uleb128 0x3
 761 00c7 0E       		.uleb128 0xe
 762 00c8 3A       		.uleb128 0x3a
 763 00c9 0B       		.uleb128 0xb
 764 00ca 3B       		.uleb128 0x3b
 765 00cb 0B       		.uleb128 0xb
 766 00cc 27       		.uleb128 0x27
 767 00cd 19       		.uleb128 0x19
 768 00ce 11       		.uleb128 0x11
 769 00cf 01       		.uleb128 0x1
 770 00d0 12       		.uleb128 0x12
 771 00d1 06       		.uleb128 0x6
 772 00d2 40       		.uleb128 0x40
 773 00d3 18       		.uleb128 0x18
 774 00d4 9742     		.uleb128 0x2117
 775 00d6 19       		.uleb128 0x19
 776 00d7 00       		.byte	0
 777 00d8 00       		.byte	0
 778 00d9 11       		.uleb128 0x11
 779 00da 2E       		.uleb128 0x2e
 780 00db 01       		.byte	0x1
 781 00dc 3F       		.uleb128 0x3f
 782 00dd 19       		.uleb128 0x19
 783 00de 03       		.uleb128 0x3
 784 00df 0E       		.uleb128 0xe
 785 00e0 3A       		.uleb128 0x3a
 786 00e1 0B       		.uleb128 0xb
ARM GAS  C:\Users\TERENC~1\AppData\Local\Temp\ccbv3k4D.s 			page 23


 787 00e2 3B       		.uleb128 0x3b
 788 00e3 0B       		.uleb128 0xb
 789 00e4 27       		.uleb128 0x27
 790 00e5 19       		.uleb128 0x19
 791 00e6 11       		.uleb128 0x11
 792 00e7 01       		.uleb128 0x1
 793 00e8 12       		.uleb128 0x12
 794 00e9 06       		.uleb128 0x6
 795 00ea 40       		.uleb128 0x40
 796 00eb 18       		.uleb128 0x18
 797 00ec 9742     		.uleb128 0x2117
 798 00ee 19       		.uleb128 0x19
 799 00ef 01       		.uleb128 0x1
 800 00f0 13       		.uleb128 0x13
 801 00f1 00       		.byte	0
 802 00f2 00       		.byte	0
 803 00f3 12       		.uleb128 0x12
 804 00f4 05       		.uleb128 0x5
 805 00f5 00       		.byte	0
 806 00f6 03       		.uleb128 0x3
 807 00f7 0E       		.uleb128 0xe
 808 00f8 3A       		.uleb128 0x3a
 809 00f9 0B       		.uleb128 0xb
 810 00fa 3B       		.uleb128 0x3b
 811 00fb 0B       		.uleb128 0xb
 812 00fc 49       		.uleb128 0x49
 813 00fd 13       		.uleb128 0x13
 814 00fe 02       		.uleb128 0x2
 815 00ff 17       		.uleb128 0x17
 816 0100 00       		.byte	0
 817 0101 00       		.byte	0
 818 0102 13       		.uleb128 0x13
 819 0103 1D       		.uleb128 0x1d
 820 0104 01       		.byte	0x1
 821 0105 31       		.uleb128 0x31
 822 0106 13       		.uleb128 0x13
 823 0107 11       		.uleb128 0x11
 824 0108 01       		.uleb128 0x1
 825 0109 12       		.uleb128 0x12
 826 010a 06       		.uleb128 0x6
 827 010b 58       		.uleb128 0x58
 828 010c 0B       		.uleb128 0xb
 829 010d 59       		.uleb128 0x59
 830 010e 0B       		.uleb128 0xb
 831 010f 01       		.uleb128 0x1
 832 0110 13       		.uleb128 0x13
 833 0111 00       		.byte	0
 834 0112 00       		.byte	0
 835 0113 14       		.uleb128 0x14
 836 0114 05       		.uleb128 0x5
 837 0115 00       		.byte	0
 838 0116 31       		.uleb128 0x31
 839 0117 13       		.uleb128 0x13
 840 0118 02       		.uleb128 0x2
 841 0119 17       		.uleb128 0x17
 842 011a 00       		.byte	0
 843 011b 00       		.byte	0
ARM GAS  C:\Users\TERENC~1\AppData\Local\Temp\ccbv3k4D.s 			page 24


 844 011c 15       		.uleb128 0x15
 845 011d 898201   		.uleb128 0x4109
 846 0120 01       		.byte	0x1
 847 0121 11       		.uleb128 0x11
 848 0122 01       		.uleb128 0x1
 849 0123 31       		.uleb128 0x31
 850 0124 13       		.uleb128 0x13
 851 0125 00       		.byte	0
 852 0126 00       		.byte	0
 853 0127 16       		.uleb128 0x16
 854 0128 8A8201   		.uleb128 0x410a
 855 012b 00       		.byte	0
 856 012c 02       		.uleb128 0x2
 857 012d 18       		.uleb128 0x18
 858 012e 9142     		.uleb128 0x2111
 859 0130 18       		.uleb128 0x18
 860 0131 00       		.byte	0
 861 0132 00       		.byte	0
 862 0133 17       		.uleb128 0x17
 863 0134 898201   		.uleb128 0x4109
 864 0137 00       		.byte	0
 865 0138 11       		.uleb128 0x11
 866 0139 01       		.uleb128 0x1
 867 013a 31       		.uleb128 0x31
 868 013b 13       		.uleb128 0x13
 869 013c 00       		.byte	0
 870 013d 00       		.byte	0
 871 013e 18       		.uleb128 0x18
 872 013f 34       		.uleb128 0x34
 873 0140 00       		.byte	0
 874 0141 03       		.uleb128 0x3
 875 0142 0E       		.uleb128 0xe
 876 0143 3A       		.uleb128 0x3a
 877 0144 0B       		.uleb128 0xb
 878 0145 3B       		.uleb128 0x3b
 879 0146 0B       		.uleb128 0xb
 880 0147 49       		.uleb128 0x49
 881 0148 13       		.uleb128 0x13
 882 0149 3F       		.uleb128 0x3f
 883 014a 19       		.uleb128 0x19
 884 014b 02       		.uleb128 0x2
 885 014c 18       		.uleb128 0x18
 886 014d 00       		.byte	0
 887 014e 00       		.byte	0
 888 014f 19       		.uleb128 0x19
 889 0150 2E       		.uleb128 0x2e
 890 0151 00       		.byte	0
 891 0152 3F       		.uleb128 0x3f
 892 0153 19       		.uleb128 0x19
 893 0154 3C       		.uleb128 0x3c
 894 0155 19       		.uleb128 0x19
 895 0156 6E       		.uleb128 0x6e
 896 0157 0E       		.uleb128 0xe
 897 0158 03       		.uleb128 0x3
 898 0159 0E       		.uleb128 0xe
 899 015a 3A       		.uleb128 0x3a
 900 015b 0B       		.uleb128 0xb
ARM GAS  C:\Users\TERENC~1\AppData\Local\Temp\ccbv3k4D.s 			page 25


 901 015c 3B       		.uleb128 0x3b
 902 015d 0B       		.uleb128 0xb
 903 015e 00       		.byte	0
 904 015f 00       		.byte	0
 905 0160 00       		.byte	0
 906              		.section	.debug_loc,"",%progbits
 907              	.Ldebug_loc0:
 908              	.LLST0:
 909 0000 00000000 		.4byte	.LVL0
 910 0004 11000000 		.4byte	.LVL1-1
 911 0008 0100     		.2byte	0x1
 912 000a 50       		.byte	0x50
 913 000b 11000000 		.4byte	.LVL1-1
 914 000f 3E000000 		.4byte	.LVL8
 915 0013 0100     		.2byte	0x1
 916 0015 55       		.byte	0x55
 917 0016 3E000000 		.4byte	.LVL8
 918 001a 44000000 		.4byte	.LFE32
 919 001e 0400     		.2byte	0x4
 920 0020 F3       		.byte	0xf3
 921 0021 01       		.uleb128 0x1
 922 0022 50       		.byte	0x50
 923 0023 9F       		.byte	0x9f
 924 0024 00000000 		.4byte	0
 925 0028 00000000 		.4byte	0
 926              	.LLST1:
 927 002c 00000000 		.4byte	.LVL0
 928 0030 11000000 		.4byte	.LVL1-1
 929 0034 0100     		.2byte	0x1
 930 0036 51       		.byte	0x51
 931 0037 11000000 		.4byte	.LVL1-1
 932 003b 3E000000 		.4byte	.LVL7
 933 003f 0100     		.2byte	0x1
 934 0041 54       		.byte	0x54
 935 0042 3E000000 		.4byte	.LVL7
 936 0046 44000000 		.4byte	.LFE32
 937 004a 0400     		.2byte	0x4
 938 004c F3       		.byte	0xf3
 939 004d 01       		.uleb128 0x1
 940 004e 51       		.byte	0x51
 941 004f 9F       		.byte	0x9f
 942 0050 00000000 		.4byte	0
 943 0054 00000000 		.4byte	0
 944              	.LLST2:
 945 0058 1C000000 		.4byte	.LVL2
 946 005c 26000000 		.4byte	.LVL3
 947 0060 0100     		.2byte	0x1
 948 0062 55       		.byte	0x55
 949 0063 00000000 		.4byte	0
 950 0067 00000000 		.4byte	0
 951              	.LLST3:
 952 006b 1C000000 		.4byte	.LVL2
 953 006f 26000000 		.4byte	.LVL3
 954 0073 0200     		.2byte	0x2
 955 0075 30       		.byte	0x30
 956 0076 9F       		.byte	0x9f
 957 0077 00000000 		.4byte	0
ARM GAS  C:\Users\TERENC~1\AppData\Local\Temp\ccbv3k4D.s 			page 26


 958 007b 00000000 		.4byte	0
 959              	.LLST4:
 960 007f 26000000 		.4byte	.LVL3
 961 0083 30000000 		.4byte	.LVL4
 962 0087 0100     		.2byte	0x1
 963 0089 54       		.byte	0x54
 964 008a 00000000 		.4byte	0
 965 008e 00000000 		.4byte	0
 966              	.LLST5:
 967 0092 26000000 		.4byte	.LVL3
 968 0096 30000000 		.4byte	.LVL4
 969 009a 0200     		.2byte	0x2
 970 009c 30       		.byte	0x30
 971 009d 9F       		.byte	0x9f
 972 009e 00000000 		.4byte	0
 973 00a2 00000000 		.4byte	0
 974              	.LLST6:
 975 00a6 30000000 		.4byte	.LVL4
 976 00aa 38000000 		.4byte	.LVL5
 977 00ae 0200     		.2byte	0x2
 978 00b0 30       		.byte	0x30
 979 00b1 9F       		.byte	0x9f
 980 00b2 00000000 		.4byte	0
 981 00b6 00000000 		.4byte	0
 982              		.section	.debug_aranges,"",%progbits
 983 0000 24000000 		.4byte	0x24
 984 0004 0200     		.2byte	0x2
 985 0006 00000000 		.4byte	.Ldebug_info0
 986 000a 04       		.byte	0x4
 987 000b 00       		.byte	0
 988 000c 0000     		.2byte	0
 989 000e 0000     		.2byte	0
 990 0010 00000000 		.4byte	.LFB33
 991 0014 24000000 		.4byte	.LFE33-.LFB33
 992 0018 00000000 		.4byte	.LFB32
 993 001c 44000000 		.4byte	.LFE32-.LFB32
 994 0020 00000000 		.4byte	0
 995 0024 00000000 		.4byte	0
 996              		.section	.debug_ranges,"",%progbits
 997              	.Ldebug_ranges0:
 998 0000 00000000 		.4byte	.LFB33
 999 0004 24000000 		.4byte	.LFE33
 1000 0008 00000000 		.4byte	.LFB32
 1001 000c 44000000 		.4byte	.LFE32
 1002 0010 00000000 		.4byte	0
 1003 0014 00000000 		.4byte	0
 1004              		.section	.debug_line,"",%progbits
 1005              	.Ldebug_line0:
 1006 0000 AB000000 		.section	.debug_str,"MS",%progbits,1
 1006      02006800 
 1006      00000201 
 1006      FB0E0D00 
 1006      01010101 
 1007              	.LASF23:
 1008 0000 64737441 		.ascii	"dstAddress\000"
 1008      64647265 
 1008      737300
ARM GAS  C:\Users\TERENC~1\AppData\Local\Temp\ccbv3k4D.s 			page 27


 1009              	.LASF28:
 1010 000b 4379446D 		.ascii	"CyDmaValidateDescriptor\000"
 1010      6156616C 
 1010      69646174 
 1010      65446573 
 1010      63726970 
 1011              	.LASF26:
 1012 0023 4379446D 		.ascii	"CyDmaSetSrcAddress\000"
 1012      61536574 
 1012      53726341 
 1012      64647265 
 1012      737300
 1013              	.LASF2:
 1014 0036 73686F72 		.ascii	"short int\000"
 1014      7420696E 
 1014      7400
 1015              	.LASF15:
 1016 0040 73697A65 		.ascii	"sizetype\000"
 1016      74797065 
 1016      00
 1017              	.LASF31:
 1018 0049 474E5520 		.ascii	"GNU C11 5.4.1 20160609 (release) [ARM/embedded-5-br"
 1018      43313120 
 1018      352E342E 
 1018      31203230 
 1018      31363036 
 1019 007c 616E6368 		.ascii	"anch revision 237715] -mcpu=cortex-m0 -mthumb -g -O"
 1019      20726576 
 1019      6973696F 
 1019      6E203233 
 1019      37373135 
 1020 00af 67202D66 		.ascii	"g -ffunction-sections -ffat-lto-objects\000"
 1020      66756E63 
 1020      74696F6E 
 1020      2D736563 
 1020      74696F6E 
 1021              	.LASF16:
 1022 00d7 6379646D 		.ascii	"cydma_channel_ctl_struct\000"
 1022      615F6368 
 1022      616E6E65 
 1022      6C5F6374 
 1022      6C5F7374 
 1023              	.LASF9:
 1024 00f0 75696E74 		.ascii	"uint8\000"
 1024      3800
 1025              	.LASF37:
 1026 00f6 55534246 		.ascii	"USBFS_ep1_dma_initVar\000"
 1026      535F6570 
 1026      315F646D 
 1026      615F696E 
 1026      69745661 
 1027              	.LASF12:
 1028 010c 666C6F61 		.ascii	"float\000"
 1028      7400
 1029              	.LASF35:
 1030 0112 55534246 		.ascii	"USBFS_ep1_dma_Init\000"
 1030      535F6570 
ARM GAS  C:\Users\TERENC~1\AppData\Local\Temp\ccbv3k4D.s 			page 28


 1030      315F646D 
 1030      615F496E 
 1030      697400
 1031              	.LASF6:
 1032 0125 6C6F6E67 		.ascii	"long long int\000"
 1032      206C6F6E 
 1032      6720696E 
 1032      7400
 1033              	.LASF22:
 1034 0133 55534246 		.ascii	"USBFS_ep1_dma_SetDstAddress\000"
 1034      535F6570 
 1034      315F646D 
 1034      615F5365 
 1034      74447374 
 1035              	.LASF4:
 1036 014f 6C6F6E67 		.ascii	"long int\000"
 1036      20696E74 
 1036      00
 1037              	.LASF27:
 1038 0158 4379446D 		.ascii	"CyDmaSetDstAddress\000"
 1038      61536574 
 1038      44737441 
 1038      64647265 
 1038      737300
 1039              	.LASF33:
 1040 016b 433A5C55 		.ascii	"C:\\Users\\Terence Kim\\Documents\\PSoC Creator\\CY"
 1040      73657273 
 1040      5C546572 
 1040      656E6365 
 1040      204B696D 
 1041 0199 38434B49 		.ascii	"8CKIT_046_USB_Audio01\\Icebreaker.cydsn\000"
 1041      545F3034 
 1041      365F5553 
 1041      425F4175 
 1041      64696F30 
 1042              	.LASF1:
 1043 01c0 756E7369 		.ascii	"unsigned char\000"
 1043      676E6564 
 1043      20636861 
 1043      7200
 1044              	.LASF0:
 1045 01ce 7369676E 		.ascii	"signed char\000"
 1045      65642063 
 1045      68617200 
 1046              	.LASF7:
 1047 01da 6C6F6E67 		.ascii	"long long unsigned int\000"
 1047      206C6F6E 
 1047      6720756E 
 1047      7369676E 
 1047      65642069 
 1048              	.LASF8:
 1049 01f1 756E7369 		.ascii	"unsigned int\000"
 1049      676E6564 
 1049      20696E74 
 1049      00
 1050              	.LASF21:
 1051 01fe 55534246 		.ascii	"USBFS_ep1_dma_ValidateDescriptor\000"
ARM GAS  C:\Users\TERENC~1\AppData\Local\Temp\ccbv3k4D.s 			page 29


 1051      535F6570 
 1051      315F646D 
 1051      615F5661 
 1051      6C696461 
 1052              	.LASF3:
 1053 021f 73686F72 		.ascii	"short unsigned int\000"
 1053      7420756E 
 1053      7369676E 
 1053      65642069 
 1053      6E7400
 1054              	.LASF17:
 1055 0232 73746174 		.ascii	"status\000"
 1055      757300
 1056              	.LASF20:
 1057 0239 6379646D 		.ascii	"cydma_descriptor_ram_struct\000"
 1057      615F6465 
 1057      73637269 
 1057      70746F72 
 1057      5F72616D 
 1058              	.LASF34:
 1059 0255 55534246 		.ascii	"USBFS_ep1_dma_ChEnable\000"
 1059      535F6570 
 1059      315F646D 
 1059      615F4368 
 1059      456E6162 
 1060              	.LASF36:
 1061 026c 55534246 		.ascii	"USBFS_ep1_dma_Start\000"
 1061      535F6570 
 1061      315F646D 
 1061      615F5374 
 1061      61727400 
 1062              	.LASF14:
 1063 0280 63686172 		.ascii	"char\000"
 1063      00
 1064              	.LASF18:
 1065 0285 6379646D 		.ascii	"cydma_descriptor_struct\000"
 1065      615F6465 
 1065      73637269 
 1065      70746F72 
 1065      5F737472 
 1066              	.LASF25:
 1067 029d 73726341 		.ascii	"srcAddress\000"
 1067      64647265 
 1067      737300
 1068              	.LASF10:
 1069 02a8 75696E74 		.ascii	"uint32\000"
 1069      333200
 1070              	.LASF5:
 1071 02af 6C6F6E67 		.ascii	"long unsigned int\000"
 1071      20756E73 
 1071      69676E65 
 1071      6420696E 
 1071      7400
 1072              	.LASF11:
 1073 02c1 696E7433 		.ascii	"int32\000"
 1073      3200
 1074              	.LASF13:
ARM GAS  C:\Users\TERENC~1\AppData\Local\Temp\ccbv3k4D.s 			page 30


 1075 02c7 646F7562 		.ascii	"double\000"
 1075      6C6500
 1076              	.LASF32:
 1077 02ce 47656E65 		.ascii	"Generated_Source\\PSoC4\\USBFS_ep1_dma.c\000"
 1077      72617465 
 1077      645F536F 
 1077      75726365 
 1077      5C50536F 
 1078              	.LASF29:
 1079 02f5 4379446D 		.ascii	"CyDmaChEnable\000"
 1079      61436845 
 1079      6E61626C 
 1079      6500
 1080              	.LASF30:
 1081 0303 4379446D 		.ascii	"CyDmaEnable\000"
 1081      61456E61 
 1081      626C6500 
 1082              	.LASF19:
 1083 030f 64657363 		.ascii	"descriptor\000"
 1083      72697074 
 1083      6F7200
 1084              	.LASF24:
 1085 031a 55534246 		.ascii	"USBFS_ep1_dma_SetSrcAddress\000"
 1085      535F6570 
 1085      315F646D 
 1085      615F5365 
 1085      74537263 
 1086              		.ident	"GCC: (GNU Tools for ARM Embedded Processors) 5.4.1 20160609 (release) [ARM/embedded-5-bran
